/home/cx/ros_using/robot_ws/install/advanced_task/lib/python3.10/site-packages/advanced_task/result_sub_node.py
/home/cx/ros_using/robot_ws/install/advanced_task/lib/python3.10/site-packages/advanced_task/math_generator.py
/home/cx/ros_using/robot_ws/install/advanced_task/lib/python3.10/site-packages/advanced_task/recognition_node.py
/home/cx/ros_using/robot_ws/install/advanced_task/lib/python3.10/site-packages/advanced_task/__init__.py
/home/cx/ros_using/robot_ws/install/advanced_task/lib/python3.10/site-packages/advanced_task/display_node.py
/home/cx/ros_using/robot_ws/install/advanced_task/lib/python3.10/site-packages/advanced_task/__pycache__/result_sub_node.cpython-310.pyc
/home/cx/ros_using/robot_ws/install/advanced_task/lib/python3.10/site-packages/advanced_task/__pycache__/math_generator.cpython-310.pyc
/home/cx/ros_using/robot_ws/install/advanced_task/lib/python3.10/site-packages/advanced_task/__pycache__/recognition_node.cpython-310.pyc
/home/cx/ros_using/robot_ws/install/advanced_task/lib/python3.10/site-packages/advanced_task/__pycache__/__init__.cpython-310.pyc
/home/cx/ros_using/robot_ws/install/advanced_task/lib/python3.10/site-packages/advanced_task/__pycache__/display_node.cpython-310.pyc
/home/cx/ros_using/robot_ws/install/advanced_task/share/ament_index/resource_index/packages/advanced_task
/home/cx/ros_using/robot_ws/install/advanced_task/share/advanced_task/package.xml
/home/cx/ros_using/robot_ws/install/advanced_task/share/advanced_task/launch/advanced.launch.py
/home/cx/ros_using/robot_ws/install/advanced_task/lib/python3.10/site-packages/advanced_task-0.0.0-py3.10.egg-info/SOURCES.txt
/home/cx/ros_using/robot_ws/install/advanced_task/lib/python3.10/site-packages/advanced_task-0.0.0-py3.10.egg-info/zip-safe
/home/cx/ros_using/robot_ws/install/advanced_task/lib/python3.10/site-packages/advanced_task-0.0.0-py3.10.egg-info/PKG-INFO
/home/cx/ros_using/robot_ws/install/advanced_task/lib/python3.10/site-packages/advanced_task-0.0.0-py3.10.egg-info/top_level.txt
/home/cx/ros_using/robot_ws/install/advanced_task/lib/python3.10/site-packages/advanced_task-0.0.0-py3.10.egg-info/dependency_links.txt
/home/cx/ros_using/robot_ws/install/advanced_task/lib/python3.10/site-packages/advanced_task-0.0.0-py3.10.egg-info/requires.txt
/home/cx/ros_using/robot_ws/install/advanced_task/lib/python3.10/site-packages/advanced_task-0.0.0-py3.10.egg-info/entry_points.txt
/home/cx/ros_using/robot_ws/install/advanced_task/lib/advanced_task/display_node
/home/cx/ros_using/robot_ws/install/advanced_task/lib/advanced_task/recognition_node
/home/cx/ros_using/robot_ws/install/advanced_task/lib/advanced_task/result_sub_node
