[0.058s] DEBUG:colcon:Command line arguments: ['/usr/bin/colcon', 'build']
[0.059s] DEBUG:colcon:Parsed command line arguments: Namespace(log_base=None, log_level=None, verb_name='build', build_base='build', install_base='install', merge_install=False, symlink_install=False, test_result_base=None, continue_on_error=False, executor='parallel', parallel_workers=12, event_handlers=None, ignore_user_meta=False, metas=['./colcon.meta'], base_paths=['.'], packages_ignore=None, packages_ignore_regex=None, paths=None, packages_up_to=None, packages_up_to_regex=None, packages_above=None, packages_above_and_dependencies=None, packages_above_depth=None, packages_select_by_dep=None, packages_skip_by_dep=None, packages_skip_up_to=None, packages_select_build_failed=False, packages_skip_build_finished=False, packages_select_test_failures=False, packages_skip_test_passed=False, packages_select=None, packages_skip=None, packages_select_regex=None, packages_skip_regex=None, packages_start=None, packages_end=None, allow_overriding=[], cmake_args=None, cmake_target=None, cmake_target_skip_unavailable=False, cmake_clean_cache=False, cmake_clean_first=False, cmake_force_configure=False, ament_cmake_args=None, catkin_cmake_args=None, catkin_skip_building_tests=False, verb_parser=<colcon_defaults.argument_parser.defaults.DefaultArgumentsDecorator object at 0x79984a942da0>, verb_extension=<colcon_core.verb.build.BuildVerb object at 0x79984aa88490>, main=<bound method BuildVerb.main of <colcon_core.verb.build.BuildVerb object at 0x79984aa88490>>)
[0.141s] Level 1:colcon.colcon_core.package_discovery:discover_packages(colcon_meta) check parameters
[0.142s] Level 1:colcon.colcon_core.package_discovery:discover_packages(recursive) check parameters
[0.142s] Level 1:colcon.colcon_core.package_discovery:discover_packages(ignore) check parameters
[0.142s] Level 1:colcon.colcon_core.package_discovery:discover_packages(path) check parameters
[0.142s] Level 1:colcon.colcon_core.package_discovery:discover_packages(colcon_meta) discover
[0.142s] Level 1:colcon.colcon_core.package_discovery:discover_packages(recursive) discover
[0.142s] INFO:colcon.colcon_core.package_discovery:Crawling recursively for packages in '/home/cx/ros_using/robot_ws'
[0.142s] Level 1:colcon.colcon_core.package_identification:_identify(.) by extensions ['ignore', 'ignore_ament_install']
[0.142s] Level 1:colcon.colcon_core.package_identification:_identify(.) by extension 'ignore'
[0.142s] Level 1:colcon.colcon_core.package_identification:_identify(.) by extension 'ignore_ament_install'
[0.142s] Level 1:colcon.colcon_core.package_identification:_identify(.) by extensions ['colcon_pkg']
[0.142s] Level 1:colcon.colcon_core.package_identification:_identify(.) by extension 'colcon_pkg'
[0.142s] Level 1:colcon.colcon_core.package_identification:_identify(.) by extensions ['colcon_meta']
[0.142s] Level 1:colcon.colcon_core.package_identification:_identify(.) by extension 'colcon_meta'
[0.142s] Level 1:colcon.colcon_core.package_identification:_identify(.) by extensions ['ros']
[0.142s] Level 1:colcon.colcon_core.package_identification:_identify(.) by extension 'ros'
[0.149s] Level 1:colcon.colcon_core.package_identification:_identify(.) by extensions ['cmake', 'python']
[0.149s] Level 1:colcon.colcon_core.package_identification:_identify(.) by extension 'cmake'
[0.149s] Level 1:colcon.colcon_core.package_identification:_identify(.) by extension 'python'
[0.149s] Level 1:colcon.colcon_core.package_identification:_identify(.) by extensions ['python_setup_py']
[0.149s] Level 1:colcon.colcon_core.package_identification:_identify(.) by extension 'python_setup_py'
[0.149s] Level 1:colcon.colcon_core.package_identification:_identify(build) by extensions ['ignore', 'ignore_ament_install']
[0.149s] Level 1:colcon.colcon_core.package_identification:_identify(build) by extension 'ignore'
[0.149s] Level 1:colcon.colcon_core.package_identification:_identify(build) ignored
[0.149s] Level 1:colcon.colcon_core.package_identification:_identify(install) by extensions ['ignore', 'ignore_ament_install']
[0.149s] Level 1:colcon.colcon_core.package_identification:_identify(install) by extension 'ignore'
[0.149s] Level 1:colcon.colcon_core.package_identification:_identify(install) ignored
[0.149s] Level 1:colcon.colcon_core.package_identification:_identify(log) by extensions ['ignore', 'ignore_ament_install']
[0.150s] Level 1:colcon.colcon_core.package_identification:_identify(log) by extension 'ignore'
[0.150s] Level 1:colcon.colcon_core.package_identification:_identify(log) ignored
[0.150s] Level 1:colcon.colcon_core.package_identification:_identify(src) by extensions ['ignore', 'ignore_ament_install']
[0.150s] Level 1:colcon.colcon_core.package_identification:_identify(src) by extension 'ignore'
[0.150s] Level 1:colcon.colcon_core.package_identification:_identify(src) by extension 'ignore_ament_install'
[0.150s] Level 1:colcon.colcon_core.package_identification:_identify(src) by extensions ['colcon_pkg']
[0.150s] Level 1:colcon.colcon_core.package_identification:_identify(src) by extension 'colcon_pkg'
[0.150s] Level 1:colcon.colcon_core.package_identification:_identify(src) by extensions ['colcon_meta']
[0.150s] Level 1:colcon.colcon_core.package_identification:_identify(src) by extension 'colcon_meta'
[0.150s] Level 1:colcon.colcon_core.package_identification:_identify(src) by extensions ['ros']
[0.150s] Level 1:colcon.colcon_core.package_identification:_identify(src) by extension 'ros'
[0.150s] Level 1:colcon.colcon_core.package_identification:_identify(src) by extensions ['cmake', 'python']
[0.150s] Level 1:colcon.colcon_core.package_identification:_identify(src) by extension 'cmake'
[0.150s] Level 1:colcon.colcon_core.package_identification:_identify(src) by extension 'python'
[0.150s] Level 1:colcon.colcon_core.package_identification:_identify(src) by extensions ['python_setup_py']
[0.150s] Level 1:colcon.colcon_core.package_identification:_identify(src) by extension 'python_setup_py'
[0.150s] Level 1:colcon.colcon_core.package_identification:_identify(src/advanced_task) by extensions ['ignore', 'ignore_ament_install']
[0.150s] Level 1:colcon.colcon_core.package_identification:_identify(src/advanced_task) by extension 'ignore'
[0.150s] Level 1:colcon.colcon_core.package_identification:_identify(src/advanced_task) by extension 'ignore_ament_install'
[0.150s] Level 1:colcon.colcon_core.package_identification:_identify(src/advanced_task) by extensions ['colcon_pkg']
[0.150s] Level 1:colcon.colcon_core.package_identification:_identify(src/advanced_task) by extension 'colcon_pkg'
[0.150s] Level 1:colcon.colcon_core.package_identification:_identify(src/advanced_task) by extensions ['colcon_meta']
[0.150s] Level 1:colcon.colcon_core.package_identification:_identify(src/advanced_task) by extension 'colcon_meta'
[0.150s] Level 1:colcon.colcon_core.package_identification:_identify(src/advanced_task) by extensions ['ros']
[0.150s] Level 1:colcon.colcon_core.package_identification:_identify(src/advanced_task) by extension 'ros'
[0.152s] DEBUG:colcon.colcon_core.package_identification:Package 'src/advanced_task' with type 'ros.ament_python' and name 'advanced_task'
[0.152s] Level 1:colcon.colcon_core.package_identification:_identify(src/calculation_interfaces) by extensions ['ignore', 'ignore_ament_install']
[0.152s] Level 1:colcon.colcon_core.package_identification:_identify(src/calculation_interfaces) by extension 'ignore'
[0.152s] Level 1:colcon.colcon_core.package_identification:_identify(src/calculation_interfaces) by extension 'ignore_ament_install'
[0.152s] Level 1:colcon.colcon_core.package_identification:_identify(src/calculation_interfaces) by extensions ['colcon_pkg']
[0.152s] Level 1:colcon.colcon_core.package_identification:_identify(src/calculation_interfaces) by extension 'colcon_pkg'
[0.152s] Level 1:colcon.colcon_core.package_identification:_identify(src/calculation_interfaces) by extensions ['colcon_meta']
[0.152s] Level 1:colcon.colcon_core.package_identification:_identify(src/calculation_interfaces) by extension 'colcon_meta'
[0.152s] Level 1:colcon.colcon_core.package_identification:_identify(src/calculation_interfaces) by extensions ['ros']
[0.152s] Level 1:colcon.colcon_core.package_identification:_identify(src/calculation_interfaces) by extension 'ros'
[0.152s] DEBUG:colcon.colcon_core.package_identification:Package 'src/calculation_interfaces' with type 'ros.ament_cmake' and name 'calculation_interfaces'
[0.153s] Level 1:colcon.colcon_core.package_identification:_identify(src/pub_sub) by extensions ['ignore', 'ignore_ament_install']
[0.153s] Level 1:colcon.colcon_core.package_identification:_identify(src/pub_sub) by extension 'ignore'
[0.153s] Level 1:colcon.colcon_core.package_identification:_identify(src/pub_sub) by extension 'ignore_ament_install'
[0.153s] Level 1:colcon.colcon_core.package_identification:_identify(src/pub_sub) by extensions ['colcon_pkg']
[0.153s] Level 1:colcon.colcon_core.package_identification:_identify(src/pub_sub) by extension 'colcon_pkg'
[0.153s] Level 1:colcon.colcon_core.package_identification:_identify(src/pub_sub) by extensions ['colcon_meta']
[0.153s] Level 1:colcon.colcon_core.package_identification:_identify(src/pub_sub) by extension 'colcon_meta'
[0.153s] Level 1:colcon.colcon_core.package_identification:_identify(src/pub_sub) by extensions ['ros']
[0.153s] Level 1:colcon.colcon_core.package_identification:_identify(src/pub_sub) by extension 'ros'
[0.153s] DEBUG:colcon.colcon_core.package_identification:Package 'src/pub_sub' with type 'ros.ament_python' and name 'demo_python_topic'
[0.153s] Level 1:colcon.colcon_core.package_identification:_identify(src/status_interfaces) by extensions ['ignore', 'ignore_ament_install']
[0.153s] Level 1:colcon.colcon_core.package_identification:_identify(src/status_interfaces) by extension 'ignore'
[0.153s] Level 1:colcon.colcon_core.package_identification:_identify(src/status_interfaces) by extension 'ignore_ament_install'
[0.153s] Level 1:colcon.colcon_core.package_identification:_identify(src/status_interfaces) by extensions ['colcon_pkg']
[0.153s] Level 1:colcon.colcon_core.package_identification:_identify(src/status_interfaces) by extension 'colcon_pkg'
[0.153s] Level 1:colcon.colcon_core.package_identification:_identify(src/status_interfaces) by extensions ['colcon_meta']
[0.153s] Level 1:colcon.colcon_core.package_identification:_identify(src/status_interfaces) by extension 'colcon_meta'
[0.153s] Level 1:colcon.colcon_core.package_identification:_identify(src/status_interfaces) by extensions ['ros']
[0.153s] Level 1:colcon.colcon_core.package_identification:_identify(src/status_interfaces) by extension 'ros'
[0.154s] DEBUG:colcon.colcon_core.package_identification:Package 'src/status_interfaces' with type 'ros.ament_cmake' and name 'status_interfaces'
[0.154s] Level 1:colcon.colcon_core.package_discovery:discover_packages(recursive) using defaults
[0.154s] Level 1:colcon.colcon_core.package_discovery:discover_packages(ignore) discover
[0.154s] Level 1:colcon.colcon_core.package_discovery:discover_packages(ignore) using defaults
[0.154s] Level 1:colcon.colcon_core.package_discovery:discover_packages(path) discover
[0.154s] Level 1:colcon.colcon_core.package_discovery:discover_packages(path) using defaults
[0.166s] Level 1:colcon.colcon_core.package_discovery:discover_packages(prefix_path) check parameters
[0.166s] Level 1:colcon.colcon_core.package_discovery:discover_packages(prefix_path) discover
[0.167s] DEBUG:colcon.colcon_installed_package_information.package_discovery:Found 273 installed packages in /opt/ros/humble
[0.175s] Level 1:colcon.colcon_core.package_discovery:discover_packages(prefix_path) using defaults
[0.197s] Level 5:colcon.colcon_core.verb:set package 'calculation_interfaces' build argument 'cmake_args' from command line to 'None'
[0.197s] Level 5:colcon.colcon_core.verb:set package 'calculation_interfaces' build argument 'cmake_target' from command line to 'None'
[0.197s] Level 5:colcon.colcon_core.verb:set package 'calculation_interfaces' build argument 'cmake_target_skip_unavailable' from command line to 'False'
[0.197s] Level 5:colcon.colcon_core.verb:set package 'calculation_interfaces' build argument 'cmake_clean_cache' from command line to 'False'
[0.197s] Level 5:colcon.colcon_core.verb:set package 'calculation_interfaces' build argument 'cmake_clean_first' from command line to 'False'
[0.197s] Level 5:colcon.colcon_core.verb:set package 'calculation_interfaces' build argument 'cmake_force_configure' from command line to 'False'
[0.197s] Level 5:colcon.colcon_core.verb:set package 'calculation_interfaces' build argument 'ament_cmake_args' from command line to 'None'
[0.197s] Level 5:colcon.colcon_core.verb:set package 'calculation_interfaces' build argument 'catkin_cmake_args' from command line to 'None'
[0.197s] Level 5:colcon.colcon_core.verb:set package 'calculation_interfaces' build argument 'catkin_skip_building_tests' from command line to 'False'
[0.197s] DEBUG:colcon.colcon_core.verb:Building package 'calculation_interfaces' with the following arguments: {'ament_cmake_args': None, 'build_base': '/home/cx/ros_using/robot_ws/build/calculation_interfaces', 'catkin_cmake_args': None, 'catkin_skip_building_tests': False, 'cmake_args': None, 'cmake_clean_cache': False, 'cmake_clean_first': False, 'cmake_force_configure': False, 'cmake_target': None, 'cmake_target_skip_unavailable': False, 'install_base': '/home/cx/ros_using/robot_ws/install/calculation_interfaces', 'merge_install': False, 'path': '/home/cx/ros_using/robot_ws/src/calculation_interfaces', 'symlink_install': False, 'test_result_base': None}
[0.198s] Level 5:colcon.colcon_core.verb:set package 'status_interfaces' build argument 'cmake_args' from command line to 'None'
[0.198s] Level 5:colcon.colcon_core.verb:set package 'status_interfaces' build argument 'cmake_target' from command line to 'None'
[0.198s] Level 5:colcon.colcon_core.verb:set package 'status_interfaces' build argument 'cmake_target_skip_unavailable' from command line to 'False'
[0.198s] Level 5:colcon.colcon_core.verb:set package 'status_interfaces' build argument 'cmake_clean_cache' from command line to 'False'
[0.198s] Level 5:colcon.colcon_core.verb:set package 'status_interfaces' build argument 'cmake_clean_first' from command line to 'False'
[0.198s] Level 5:colcon.colcon_core.verb:set package 'status_interfaces' build argument 'cmake_force_configure' from command line to 'False'
[0.198s] Level 5:colcon.colcon_core.verb:set package 'status_interfaces' build argument 'ament_cmake_args' from command line to 'None'
[0.198s] Level 5:colcon.colcon_core.verb:set package 'status_interfaces' build argument 'catkin_cmake_args' from command line to 'None'
[0.198s] Level 5:colcon.colcon_core.verb:set package 'status_interfaces' build argument 'catkin_skip_building_tests' from command line to 'False'
[0.198s] DEBUG:colcon.colcon_core.verb:Building package 'status_interfaces' with the following arguments: {'ament_cmake_args': None, 'build_base': '/home/cx/ros_using/robot_ws/build/status_interfaces', 'catkin_cmake_args': None, 'catkin_skip_building_tests': False, 'cmake_args': None, 'cmake_clean_cache': False, 'cmake_clean_first': False, 'cmake_force_configure': False, 'cmake_target': None, 'cmake_target_skip_unavailable': False, 'install_base': '/home/cx/ros_using/robot_ws/install/status_interfaces', 'merge_install': False, 'path': '/home/cx/ros_using/robot_ws/src/status_interfaces', 'symlink_install': False, 'test_result_base': None}
[0.198s] Level 5:colcon.colcon_core.verb:set package 'advanced_task' build argument 'cmake_args' from command line to 'None'
[0.198s] Level 5:colcon.colcon_core.verb:set package 'advanced_task' build argument 'cmake_target' from command line to 'None'
[0.198s] Level 5:colcon.colcon_core.verb:set package 'advanced_task' build argument 'cmake_target_skip_unavailable' from command line to 'False'
[0.198s] Level 5:colcon.colcon_core.verb:set package 'advanced_task' build argument 'cmake_clean_cache' from command line to 'False'
[0.198s] Level 5:colcon.colcon_core.verb:set package 'advanced_task' build argument 'cmake_clean_first' from command line to 'False'
[0.198s] Level 5:colcon.colcon_core.verb:set package 'advanced_task' build argument 'cmake_force_configure' from command line to 'False'
[0.198s] Level 5:colcon.colcon_core.verb:set package 'advanced_task' build argument 'ament_cmake_args' from command line to 'None'
[0.198s] Level 5:colcon.colcon_core.verb:set package 'advanced_task' build argument 'catkin_cmake_args' from command line to 'None'
[0.198s] Level 5:colcon.colcon_core.verb:set package 'advanced_task' build argument 'catkin_skip_building_tests' from command line to 'False'
[0.198s] DEBUG:colcon.colcon_core.verb:Building package 'advanced_task' with the following arguments: {'ament_cmake_args': None, 'build_base': '/home/cx/ros_using/robot_ws/build/advanced_task', 'catkin_cmake_args': None, 'catkin_skip_building_tests': False, 'cmake_args': None, 'cmake_clean_cache': False, 'cmake_clean_first': False, 'cmake_force_configure': False, 'cmake_target': None, 'cmake_target_skip_unavailable': False, 'install_base': '/home/cx/ros_using/robot_ws/install/advanced_task', 'merge_install': False, 'path': '/home/cx/ros_using/robot_ws/src/advanced_task', 'symlink_install': False, 'test_result_base': None}
[0.198s] Level 5:colcon.colcon_core.verb:set package 'demo_python_topic' build argument 'cmake_args' from command line to 'None'
[0.198s] Level 5:colcon.colcon_core.verb:set package 'demo_python_topic' build argument 'cmake_target' from command line to 'None'
[0.198s] Level 5:colcon.colcon_core.verb:set package 'demo_python_topic' build argument 'cmake_target_skip_unavailable' from command line to 'False'
[0.198s] Level 5:colcon.colcon_core.verb:set package 'demo_python_topic' build argument 'cmake_clean_cache' from command line to 'False'
[0.198s] Level 5:colcon.colcon_core.verb:set package 'demo_python_topic' build argument 'cmake_clean_first' from command line to 'False'
[0.198s] Level 5:colcon.colcon_core.verb:set package 'demo_python_topic' build argument 'cmake_force_configure' from command line to 'False'
[0.198s] Level 5:colcon.colcon_core.verb:set package 'demo_python_topic' build argument 'ament_cmake_args' from command line to 'None'
[0.198s] Level 5:colcon.colcon_core.verb:set package 'demo_python_topic' build argument 'catkin_cmake_args' from command line to 'None'
[0.198s] Level 5:colcon.colcon_core.verb:set package 'demo_python_topic' build argument 'catkin_skip_building_tests' from command line to 'False'
[0.198s] DEBUG:colcon.colcon_core.verb:Building package 'demo_python_topic' with the following arguments: {'ament_cmake_args': None, 'build_base': '/home/cx/ros_using/robot_ws/build/demo_python_topic', 'catkin_cmake_args': None, 'catkin_skip_building_tests': False, 'cmake_args': None, 'cmake_clean_cache': False, 'cmake_clean_first': False, 'cmake_force_configure': False, 'cmake_target': None, 'cmake_target_skip_unavailable': False, 'install_base': '/home/cx/ros_using/robot_ws/install/demo_python_topic', 'merge_install': False, 'path': '/home/cx/ros_using/robot_ws/src/pub_sub', 'symlink_install': False, 'test_result_base': None}
[0.198s] INFO:colcon.colcon_core.executor:Executing jobs using 'parallel' executor
[0.199s] DEBUG:colcon.colcon_parallel_executor.executor.parallel:run_until_complete
[0.199s] INFO:colcon.colcon_ros.task.ament_cmake.build:Building ROS package in '/home/cx/ros_using/robot_ws/src/calculation_interfaces' with build type 'ament_cmake'
[0.199s] INFO:colcon.colcon_cmake.task.cmake.build:Building CMake package in '/home/cx/ros_using/robot_ws/src/calculation_interfaces'
[0.201s] INFO:colcon.colcon_core.plugin_system:Skipping extension 'colcon_core.shell.bat': Not used on non-Windows systems
[0.201s] INFO:colcon.colcon_core.shell:Skip shell extension 'powershell' for command environment: Not usable outside of PowerShell
[0.201s] DEBUG:colcon.colcon_core.shell:Skip shell extension 'dsv' for command environment
[0.202s] INFO:colcon.colcon_ros.task.ament_cmake.build:Building ROS package in '/home/cx/ros_using/robot_ws/src/status_interfaces' with build type 'ament_cmake'
[0.203s] INFO:colcon.colcon_cmake.task.cmake.build:Building CMake package in '/home/cx/ros_using/robot_ws/src/status_interfaces'
[0.203s] INFO:colcon.colcon_core.shell:Skip shell extension 'powershell' for command environment: Not usable outside of PowerShell
[0.203s] DEBUG:colcon.colcon_core.shell:Skip shell extension 'dsv' for command environment
[0.207s] DEBUG:colcon.colcon_core.event_handler.log_command:Invoking command in '/home/cx/ros_using/robot_ws/build/calculation_interfaces': CMAKE_PREFIX_PATH=/opt/ros/humble /usr/bin/cmake /home/cx/ros_using/robot_ws/src/calculation_interfaces -DCMAKE_INSTALL_PREFIX=/home/cx/ros_using/robot_ws/install/calculation_interfaces
[0.210s] DEBUG:colcon.colcon_core.event_handler.log_command:Invoking command in '/home/cx/ros_using/robot_ws/build/status_interfaces': CMAKE_PREFIX_PATH=/opt/ros/humble /usr/bin/cmake /home/cx/ros_using/robot_ws/src/status_interfaces -DCMAKE_INSTALL_PREFIX=/home/cx/ros_using/robot_ws/install/status_interfaces
[1.850s] DEBUG:colcon.colcon_core.event_handler.log_command:Invoked command in '/home/cx/ros_using/robot_ws/build/calculation_interfaces' returned '0': CMAKE_PREFIX_PATH=/opt/ros/humble /usr/bin/cmake /home/cx/ros_using/robot_ws/src/calculation_interfaces -DCMAKE_INSTALL_PREFIX=/home/cx/ros_using/robot_ws/install/calculation_interfaces
[1.851s] DEBUG:colcon.colcon_core.event_handler.log_command:Invoking command in '/home/cx/ros_using/robot_ws/build/calculation_interfaces': CMAKE_PREFIX_PATH=/opt/ros/humble /usr/bin/cmake --build /home/cx/ros_using/robot_ws/build/calculation_interfaces -- -j12 -l12
[1.856s] DEBUG:colcon.colcon_core.event_handler.log_command:Invoked command in '/home/cx/ros_using/robot_ws/build/status_interfaces' returned '0': CMAKE_PREFIX_PATH=/opt/ros/humble /usr/bin/cmake /home/cx/ros_using/robot_ws/src/status_interfaces -DCMAKE_INSTALL_PREFIX=/home/cx/ros_using/robot_ws/install/status_interfaces
[1.857s] DEBUG:colcon.colcon_core.event_handler.log_command:Invoking command in '/home/cx/ros_using/robot_ws/build/status_interfaces': CMAKE_PREFIX_PATH=/opt/ros/humble /usr/bin/cmake --build /home/cx/ros_using/robot_ws/build/status_interfaces -- -j12 -l12
[3.988s] DEBUG:colcon.colcon_core.event_handler.log_command:Invoked command in '/home/cx/ros_using/robot_ws/build/calculation_interfaces' returned '0': CMAKE_PREFIX_PATH=/opt/ros/humble /usr/bin/cmake --build /home/cx/ros_using/robot_ws/build/calculation_interfaces -- -j12 -l12
[3.998s] DEBUG:colcon.colcon_core.event_handler.log_command:Invoking command in '/home/cx/ros_using/robot_ws/build/calculation_interfaces': CMAKE_PREFIX_PATH=/opt/ros/humble /usr/bin/cmake --install /home/cx/ros_using/robot_ws/build/calculation_interfaces
[3.998s] DEBUG:colcon.colcon_core.event_handler.log_command:Invoked command in '/home/cx/ros_using/robot_ws/build/status_interfaces' returned '0': CMAKE_PREFIX_PATH=/opt/ros/humble /usr/bin/cmake --build /home/cx/ros_using/robot_ws/build/status_interfaces -- -j12 -l12
[3.999s] DEBUG:colcon.colcon_core.event_handler.log_command:Invoking command in '/home/cx/ros_using/robot_ws/build/status_interfaces': CMAKE_PREFIX_PATH=/opt/ros/humble /usr/bin/cmake --install /home/cx/ros_using/robot_ws/build/status_interfaces
[4.055s] Level 1:colcon.colcon_core.environment:create_environment_scripts_only(status_interfaces)
[4.060s] DEBUG:colcon.colcon_core.event_handler.log_command:Invoked command in '/home/cx/ros_using/robot_ws/build/status_interfaces' returned '0': CMAKE_PREFIX_PATH=/opt/ros/humble /usr/bin/cmake --install /home/cx/ros_using/robot_ws/build/status_interfaces
[4.061s] Level 1:colcon.colcon_core.environment:checking '/home/cx/ros_using/robot_ws/install/status_interfaces' for CMake module files
[4.061s] Level 1:colcon.colcon_core.environment:checking '/home/cx/ros_using/robot_ws/install/status_interfaces' for CMake config files
[4.062s] Level 1:colcon.colcon_core.shell:create_environment_hook('status_interfaces', 'cmake_prefix_path')
[4.062s] INFO:colcon.colcon_core.shell:Creating environment hook '/home/cx/ros_using/robot_ws/install/status_interfaces/share/status_interfaces/hook/cmake_prefix_path.ps1'
[4.062s] INFO:colcon.colcon_core.shell:Creating environment descriptor '/home/cx/ros_using/robot_ws/install/status_interfaces/share/status_interfaces/hook/cmake_prefix_path.dsv'
[4.062s] INFO:colcon.colcon_core.shell:Creating environment hook '/home/cx/ros_using/robot_ws/install/status_interfaces/share/status_interfaces/hook/cmake_prefix_path.sh'
[4.063s] Level 1:colcon.colcon_core.environment:checking '/home/cx/ros_using/robot_ws/install/status_interfaces/lib'
[4.063s] Level 1:colcon.colcon_core.shell:create_environment_hook('status_interfaces', 'ld_library_path_lib')
[4.063s] INFO:colcon.colcon_core.shell:Creating environment hook '/home/cx/ros_using/robot_ws/install/status_interfaces/share/status_interfaces/hook/ld_library_path_lib.ps1'
[4.063s] INFO:colcon.colcon_core.shell:Creating environment descriptor '/home/cx/ros_using/robot_ws/install/status_interfaces/share/status_interfaces/hook/ld_library_path_lib.dsv'
[4.064s] INFO:colcon.colcon_core.shell:Creating environment hook '/home/cx/ros_using/robot_ws/install/status_interfaces/share/status_interfaces/hook/ld_library_path_lib.sh'
[4.064s] Level 1:colcon.colcon_core.environment:checking '/home/cx/ros_using/robot_ws/install/status_interfaces/bin'
[4.064s] Level 1:colcon.colcon_core.environment:checking '/home/cx/ros_using/robot_ws/install/status_interfaces/lib/pkgconfig/status_interfaces.pc'
[4.064s] Level 1:colcon.colcon_core.environment:checking '/home/cx/ros_using/robot_ws/install/status_interfaces/lib/python3.10/site-packages'
[4.064s] Level 1:colcon.colcon_core.environment:checking '/home/cx/ros_using/robot_ws/install/status_interfaces/bin'
[4.064s] INFO:colcon.colcon_core.shell:Creating package script '/home/cx/ros_using/robot_ws/install/status_interfaces/share/status_interfaces/package.ps1'
[4.065s] INFO:colcon.colcon_core.shell:Creating package descriptor '/home/cx/ros_using/robot_ws/install/status_interfaces/share/status_interfaces/package.dsv'
[4.065s] INFO:colcon.colcon_core.shell:Creating package script '/home/cx/ros_using/robot_ws/install/status_interfaces/share/status_interfaces/package.sh'
[4.066s] INFO:colcon.colcon_core.shell:Creating package script '/home/cx/ros_using/robot_ws/install/status_interfaces/share/status_interfaces/package.bash'
[4.066s] INFO:colcon.colcon_core.shell:Creating package script '/home/cx/ros_using/robot_ws/install/status_interfaces/share/status_interfaces/package.zsh'
[4.066s] Level 1:colcon.colcon_core.environment:create_file_with_runtime_dependencies(/home/cx/ros_using/robot_ws/install/status_interfaces/share/colcon-core/packages/status_interfaces)
[4.067s] Level 1:colcon.colcon_core.environment:create_environment_scripts_only(status_interfaces)
[4.067s] Level 1:colcon.colcon_core.environment:checking '/home/cx/ros_using/robot_ws/install/status_interfaces' for CMake module files
[4.067s] Level 1:colcon.colcon_core.environment:checking '/home/cx/ros_using/robot_ws/install/status_interfaces' for CMake config files
[4.068s] Level 1:colcon.colcon_core.shell:create_environment_hook('status_interfaces', 'cmake_prefix_path')
[4.068s] INFO:colcon.colcon_core.shell:Creating environment hook '/home/cx/ros_using/robot_ws/install/status_interfaces/share/status_interfaces/hook/cmake_prefix_path.ps1'
[4.068s] INFO:colcon.colcon_core.shell:Creating environment descriptor '/home/cx/ros_using/robot_ws/install/status_interfaces/share/status_interfaces/hook/cmake_prefix_path.dsv'
[4.068s] INFO:colcon.colcon_core.shell:Creating environment hook '/home/cx/ros_using/robot_ws/install/status_interfaces/share/status_interfaces/hook/cmake_prefix_path.sh'
[4.068s] Level 1:colcon.colcon_core.environment:checking '/home/cx/ros_using/robot_ws/install/status_interfaces/lib'
[4.068s] Level 1:colcon.colcon_core.shell:create_environment_hook('status_interfaces', 'ld_library_path_lib')
[4.069s] INFO:colcon.colcon_core.shell:Creating environment hook '/home/cx/ros_using/robot_ws/install/status_interfaces/share/status_interfaces/hook/ld_library_path_lib.ps1'
[4.069s] INFO:colcon.colcon_core.shell:Creating environment descriptor '/home/cx/ros_using/robot_ws/install/status_interfaces/share/status_interfaces/hook/ld_library_path_lib.dsv'
[4.069s] INFO:colcon.colcon_core.shell:Creating environment hook '/home/cx/ros_using/robot_ws/install/status_interfaces/share/status_interfaces/hook/ld_library_path_lib.sh'
[4.069s] Level 1:colcon.colcon_core.environment:checking '/home/cx/ros_using/robot_ws/install/status_interfaces/bin'
[4.069s] Level 1:colcon.colcon_core.environment:checking '/home/cx/ros_using/robot_ws/install/status_interfaces/lib/pkgconfig/status_interfaces.pc'
[4.070s] Level 1:colcon.colcon_core.environment:checking '/home/cx/ros_using/robot_ws/install/status_interfaces/lib/python3.10/site-packages'
[4.070s] Level 1:colcon.colcon_core.environment:checking '/home/cx/ros_using/robot_ws/install/status_interfaces/bin'
[4.070s] INFO:colcon.colcon_core.shell:Creating package script '/home/cx/ros_using/robot_ws/install/status_interfaces/share/status_interfaces/package.ps1'
[4.070s] INFO:colcon.colcon_core.shell:Creating package descriptor '/home/cx/ros_using/robot_ws/install/status_interfaces/share/status_interfaces/package.dsv'
[4.071s] INFO:colcon.colcon_core.shell:Creating package script '/home/cx/ros_using/robot_ws/install/status_interfaces/share/status_interfaces/package.sh'
[4.071s] INFO:colcon.colcon_core.shell:Creating package script '/home/cx/ros_using/robot_ws/install/status_interfaces/share/status_interfaces/package.bash'
[4.071s] INFO:colcon.colcon_core.shell:Creating package script '/home/cx/ros_using/robot_ws/install/status_interfaces/share/status_interfaces/package.zsh'
[4.071s] Level 1:colcon.colcon_core.environment:create_file_with_runtime_dependencies(/home/cx/ros_using/robot_ws/install/status_interfaces/share/colcon-core/packages/status_interfaces)
[4.072s] Level 1:colcon.colcon_core.environment:create_environment_scripts_only(calculation_interfaces)
[4.072s] Level 1:colcon.colcon_core.environment:checking '/home/cx/ros_using/robot_ws/install/calculation_interfaces' for CMake module files
[4.072s] DEBUG:colcon.colcon_core.event_handler.log_command:Invoked command in '/home/cx/ros_using/robot_ws/build/calculation_interfaces' returned '0': CMAKE_PREFIX_PATH=/opt/ros/humble /usr/bin/cmake --install /home/cx/ros_using/robot_ws/build/calculation_interfaces
[4.073s] Level 1:colcon.colcon_core.environment:checking '/home/cx/ros_using/robot_ws/install/calculation_interfaces' for CMake config files
[4.073s] Level 1:colcon.colcon_core.shell:create_environment_hook('calculation_interfaces', 'cmake_prefix_path')
[4.073s] INFO:colcon.colcon_core.shell:Creating environment hook '/home/cx/ros_using/robot_ws/install/calculation_interfaces/share/calculation_interfaces/hook/cmake_prefix_path.ps1'
[4.073s] INFO:colcon.colcon_core.shell:Creating environment descriptor '/home/cx/ros_using/robot_ws/install/calculation_interfaces/share/calculation_interfaces/hook/cmake_prefix_path.dsv'
[4.074s] INFO:colcon.colcon_core.shell:Creating environment hook '/home/cx/ros_using/robot_ws/install/calculation_interfaces/share/calculation_interfaces/hook/cmake_prefix_path.sh'
[4.074s] Level 1:colcon.colcon_core.environment:checking '/home/cx/ros_using/robot_ws/install/calculation_interfaces/lib'
[4.074s] Level 1:colcon.colcon_core.shell:create_environment_hook('calculation_interfaces', 'ld_library_path_lib')
[4.074s] INFO:colcon.colcon_core.shell:Creating environment hook '/home/cx/ros_using/robot_ws/install/calculation_interfaces/share/calculation_interfaces/hook/ld_library_path_lib.ps1'
[4.074s] INFO:colcon.colcon_core.shell:Creating environment descriptor '/home/cx/ros_using/robot_ws/install/calculation_interfaces/share/calculation_interfaces/hook/ld_library_path_lib.dsv'
[4.074s] INFO:colcon.colcon_core.shell:Creating environment hook '/home/cx/ros_using/robot_ws/install/calculation_interfaces/share/calculation_interfaces/hook/ld_library_path_lib.sh'
[4.075s] Level 1:colcon.colcon_core.environment:checking '/home/cx/ros_using/robot_ws/install/calculation_interfaces/bin'
[4.075s] Level 1:colcon.colcon_core.environment:checking '/home/cx/ros_using/robot_ws/install/calculation_interfaces/lib/pkgconfig/calculation_interfaces.pc'
[4.075s] Level 1:colcon.colcon_core.environment:checking '/home/cx/ros_using/robot_ws/install/calculation_interfaces/lib/python3.10/site-packages'
[4.075s] Level 1:colcon.colcon_core.environment:checking '/home/cx/ros_using/robot_ws/install/calculation_interfaces/bin'
[4.075s] INFO:colcon.colcon_core.shell:Creating package script '/home/cx/ros_using/robot_ws/install/calculation_interfaces/share/calculation_interfaces/package.ps1'
[4.075s] INFO:colcon.colcon_core.shell:Creating package descriptor '/home/cx/ros_using/robot_ws/install/calculation_interfaces/share/calculation_interfaces/package.dsv'
[4.076s] INFO:colcon.colcon_core.shell:Creating package script '/home/cx/ros_using/robot_ws/install/calculation_interfaces/share/calculation_interfaces/package.sh'
[4.076s] INFO:colcon.colcon_core.shell:Creating package script '/home/cx/ros_using/robot_ws/install/calculation_interfaces/share/calculation_interfaces/package.bash'
[4.076s] INFO:colcon.colcon_core.shell:Creating package script '/home/cx/ros_using/robot_ws/install/calculation_interfaces/share/calculation_interfaces/package.zsh'
[4.076s] Level 1:colcon.colcon_core.environment:create_file_with_runtime_dependencies(/home/cx/ros_using/robot_ws/install/calculation_interfaces/share/colcon-core/packages/calculation_interfaces)
[4.077s] Level 1:colcon.colcon_core.environment:create_environment_scripts_only(calculation_interfaces)
[4.077s] Level 1:colcon.colcon_core.environment:checking '/home/cx/ros_using/robot_ws/install/calculation_interfaces' for CMake module files
[4.077s] Level 1:colcon.colcon_core.environment:checking '/home/cx/ros_using/robot_ws/install/calculation_interfaces' for CMake config files
[4.077s] Level 1:colcon.colcon_core.shell:create_environment_hook('calculation_interfaces', 'cmake_prefix_path')
[4.077s] INFO:colcon.colcon_core.shell:Creating environment hook '/home/cx/ros_using/robot_ws/install/calculation_interfaces/share/calculation_interfaces/hook/cmake_prefix_path.ps1'
[4.078s] INFO:colcon.colcon_core.shell:Creating environment descriptor '/home/cx/ros_using/robot_ws/install/calculation_interfaces/share/calculation_interfaces/hook/cmake_prefix_path.dsv'
[4.078s] INFO:colcon.colcon_core.shell:Creating environment hook '/home/cx/ros_using/robot_ws/install/calculation_interfaces/share/calculation_interfaces/hook/cmake_prefix_path.sh'
[4.078s] Level 1:colcon.colcon_core.environment:checking '/home/cx/ros_using/robot_ws/install/calculation_interfaces/lib'
[4.078s] Level 1:colcon.colcon_core.shell:create_environment_hook('calculation_interfaces', 'ld_library_path_lib')
[4.078s] INFO:colcon.colcon_core.shell:Creating environment hook '/home/cx/ros_using/robot_ws/install/calculation_interfaces/share/calculation_interfaces/hook/ld_library_path_lib.ps1'
[4.079s] INFO:colcon.colcon_core.shell:Creating environment descriptor '/home/cx/ros_using/robot_ws/install/calculation_interfaces/share/calculation_interfaces/hook/ld_library_path_lib.dsv'
[4.079s] INFO:colcon.colcon_core.shell:Creating environment hook '/home/cx/ros_using/robot_ws/install/calculation_interfaces/share/calculation_interfaces/hook/ld_library_path_lib.sh'
[4.079s] Level 1:colcon.colcon_core.environment:checking '/home/cx/ros_using/robot_ws/install/calculation_interfaces/bin'
[4.079s] Level 1:colcon.colcon_core.environment:checking '/home/cx/ros_using/robot_ws/install/calculation_interfaces/lib/pkgconfig/calculation_interfaces.pc'
[4.079s] Level 1:colcon.colcon_core.environment:checking '/home/cx/ros_using/robot_ws/install/calculation_interfaces/lib/python3.10/site-packages'
[4.080s] Level 1:colcon.colcon_core.environment:checking '/home/cx/ros_using/robot_ws/install/calculation_interfaces/bin'
[4.080s] INFO:colcon.colcon_core.shell:Creating package script '/home/cx/ros_using/robot_ws/install/calculation_interfaces/share/calculation_interfaces/package.ps1'
[4.080s] INFO:colcon.colcon_core.shell:Creating package descriptor '/home/cx/ros_using/robot_ws/install/calculation_interfaces/share/calculation_interfaces/package.dsv'
[4.080s] INFO:colcon.colcon_core.shell:Creating package script '/home/cx/ros_using/robot_ws/install/calculation_interfaces/share/calculation_interfaces/package.sh'
[4.081s] INFO:colcon.colcon_core.shell:Creating package script '/home/cx/ros_using/robot_ws/install/calculation_interfaces/share/calculation_interfaces/package.bash'
[4.081s] INFO:colcon.colcon_core.shell:Creating package script '/home/cx/ros_using/robot_ws/install/calculation_interfaces/share/calculation_interfaces/package.zsh'
[4.081s] Level 1:colcon.colcon_core.environment:create_file_with_runtime_dependencies(/home/cx/ros_using/robot_ws/install/calculation_interfaces/share/colcon-core/packages/calculation_interfaces)
[4.081s] INFO:colcon.colcon_ros.task.ament_python.build:Building ROS package in '/home/cx/ros_using/robot_ws/src/advanced_task' with build type 'ament_python'
[4.081s] Level 1:colcon.colcon_core.shell:create_environment_hook('advanced_task', 'ament_prefix_path')
[4.082s] INFO:colcon.colcon_core.shell:Creating environment hook '/home/cx/ros_using/robot_ws/install/advanced_task/share/advanced_task/hook/ament_prefix_path.ps1'
[4.082s] INFO:colcon.colcon_core.shell:Creating environment descriptor '/home/cx/ros_using/robot_ws/install/advanced_task/share/advanced_task/hook/ament_prefix_path.dsv'
[4.082s] INFO:colcon.colcon_core.shell:Creating environment hook '/home/cx/ros_using/robot_ws/install/advanced_task/share/advanced_task/hook/ament_prefix_path.sh'
[4.083s] INFO:colcon.colcon_core.shell:Skip shell extension 'powershell' for command environment: Not usable outside of PowerShell
[4.083s] DEBUG:colcon.colcon_core.shell:Skip shell extension 'dsv' for command environment
[4.084s] INFO:colcon.colcon_ros.task.ament_python.build:Building ROS package in '/home/cx/ros_using/robot_ws/src/pub_sub' with build type 'ament_python'
[4.085s] Level 1:colcon.colcon_core.shell:create_environment_hook('demo_python_topic', 'ament_prefix_path')
[4.085s] INFO:colcon.colcon_core.shell:Creating environment hook '/home/cx/ros_using/robot_ws/install/demo_python_topic/share/demo_python_topic/hook/ament_prefix_path.ps1'
[4.085s] INFO:colcon.colcon_core.shell:Creating environment descriptor '/home/cx/ros_using/robot_ws/install/demo_python_topic/share/demo_python_topic/hook/ament_prefix_path.dsv'
[4.085s] INFO:colcon.colcon_core.shell:Creating environment hook '/home/cx/ros_using/robot_ws/install/demo_python_topic/share/demo_python_topic/hook/ament_prefix_path.sh'
[4.086s] INFO:colcon.colcon_core.shell:Skip shell extension 'powershell' for command environment: Not usable outside of PowerShell
[4.086s] DEBUG:colcon.colcon_core.shell:Skip shell extension 'dsv' for command environment
[4.231s] INFO:colcon.colcon_core.task.python.build:Building Python package in '/home/cx/ros_using/robot_ws/src/advanced_task'
[4.232s] INFO:colcon.colcon_core.shell:Skip shell extension 'powershell' for command environment: Not usable outside of PowerShell
[4.232s] DEBUG:colcon.colcon_core.shell:Skip shell extension 'dsv' for command environment
[4.396s] INFO:colcon.colcon_core.task.python.build:Building Python package in '/home/cx/ros_using/robot_ws/src/pub_sub'
[4.396s] INFO:colcon.colcon_core.shell:Skip shell extension 'powershell' for command environment: Not usable outside of PowerShell
[4.396s] DEBUG:colcon.colcon_core.shell:Skip shell extension 'dsv' for command environment
[4.629s] DEBUG:colcon.colcon_core.task.python.build:Available setuptools commands: check, bdist, build_clib, upload, install_egg_info, install_lib, setopt, saveopts, build, register, install_scripts, rotate, bdist_dumb, dist_info, clean, egg_info, test, bdist_egg, build_scripts, bdist_wheel, build_ext, install, bdist_rpm, symlink_data, develop, sdist, upload_docs, install_headers, build_py, install_data, alias, easy_install
[4.631s] DEBUG:colcon.colcon_core.task.python.build:Available setuptools commands: check, bdist, build_clib, upload, install_egg_info, install_lib, setopt, saveopts, build, register, install_scripts, rotate, bdist_dumb, dist_info, clean, egg_info, test, bdist_egg, build_scripts, bdist_wheel, build_ext, install, bdist_rpm, symlink_data, develop, sdist, upload_docs, install_headers, build_py, install_data, alias, easy_install
[4.632s] DEBUG:colcon.colcon_core.event_handler.log_command:Invoking command in '/home/cx/ros_using/robot_ws/src/pub_sub': AMENT_PREFIX_PATH=/home/cx/ros_using/robot_ws/install/status_interfaces:${AMENT_PREFIX_PATH} CMAKE_PREFIX_PATH=/home/cx/ros_using/robot_ws/install/status_interfaces LD_LIBRARY_PATH=/home/cx/ros_using/robot_ws/install/status_interfaces/lib:${LD_LIBRARY_PATH} PYTHONPATH=/home/cx/ros_using/robot_ws/build/demo_python_topic/prefix_override:/usr/lib/python3/dist-packages/colcon_core/task/python/colcon_distutils_commands:/home/cx/ros_using/robot_ws/install/demo_python_topic/lib/python3.10/site-packages:/home/cx/ros_using/robot_ws/install/status_interfaces/local/lib/python3.10/dist-packages:${PYTHONPATH} /usr/bin/python3 -W ignore:setup.py install is deprecated -W ignore:easy_install command is deprecated setup.py egg_info --egg-base ../../build/demo_python_topic build --build-base /home/cx/ros_using/robot_ws/build/demo_python_topic/build install --record /home/cx/ros_using/robot_ws/build/demo_python_topic/install.log --install-scripts $base/lib/demo_python_topic --single-version-externally-managed install_data
[4.633s] DEBUG:colcon.colcon_core.event_handler.log_command:Invoking command in '/home/cx/ros_using/robot_ws/src/advanced_task': AMENT_PREFIX_PATH=/home/cx/ros_using/robot_ws/install/calculation_interfaces:${AMENT_PREFIX_PATH} CMAKE_PREFIX_PATH=/home/cx/ros_using/robot_ws/install/calculation_interfaces LD_LIBRARY_PATH=/home/cx/ros_using/robot_ws/install/calculation_interfaces/lib:${LD_LIBRARY_PATH} PYTHONPATH=/home/cx/ros_using/robot_ws/build/advanced_task/prefix_override:/usr/lib/python3/dist-packages/colcon_core/task/python/colcon_distutils_commands:/home/cx/ros_using/robot_ws/install/advanced_task/lib/python3.10/site-packages:/home/cx/ros_using/robot_ws/install/calculation_interfaces/local/lib/python3.10/dist-packages:${PYTHONPATH} /usr/bin/python3 -W ignore:setup.py install is deprecated -W ignore:easy_install command is deprecated setup.py egg_info --egg-base ../../build/advanced_task build --build-base /home/cx/ros_using/robot_ws/build/advanced_task/build install --record /home/cx/ros_using/robot_ws/build/advanced_task/install.log --install-scripts $base/lib/advanced_task --single-version-externally-managed install_data
[4.845s] Level 1:colcon.colcon_core.environment:checking '/home/cx/ros_using/robot_ws/install/demo_python_topic' for CMake module files
[4.846s] DEBUG:colcon.colcon_core.event_handler.log_command:Invoked command in '/home/cx/ros_using/robot_ws/src/pub_sub' returned '0': AMENT_PREFIX_PATH=/home/cx/ros_using/robot_ws/install/status_interfaces:${AMENT_PREFIX_PATH} CMAKE_PREFIX_PATH=/home/cx/ros_using/robot_ws/install/status_interfaces LD_LIBRARY_PATH=/home/cx/ros_using/robot_ws/install/status_interfaces/lib:${LD_LIBRARY_PATH} PYTHONPATH=/home/cx/ros_using/robot_ws/build/demo_python_topic/prefix_override:/usr/lib/python3/dist-packages/colcon_core/task/python/colcon_distutils_commands:/home/cx/ros_using/robot_ws/install/demo_python_topic/lib/python3.10/site-packages:/home/cx/ros_using/robot_ws/install/status_interfaces/local/lib/python3.10/dist-packages:${PYTHONPATH} /usr/bin/python3 -W ignore:setup.py install is deprecated -W ignore:easy_install command is deprecated setup.py egg_info --egg-base ../../build/demo_python_topic build --build-base /home/cx/ros_using/robot_ws/build/demo_python_topic/build install --record /home/cx/ros_using/robot_ws/build/demo_python_topic/install.log --install-scripts $base/lib/demo_python_topic --single-version-externally-managed install_data
[4.846s] Level 1:colcon.colcon_core.environment:checking '/home/cx/ros_using/robot_ws/install/demo_python_topic' for CMake config files
[4.847s] Level 1:colcon.colcon_core.environment:checking '/home/cx/ros_using/robot_ws/install/demo_python_topic/lib'
[4.847s] Level 1:colcon.colcon_core.environment:checking '/home/cx/ros_using/robot_ws/install/demo_python_topic/bin'
[4.847s] Level 1:colcon.colcon_core.environment:checking '/home/cx/ros_using/robot_ws/install/demo_python_topic/lib/pkgconfig/demo_python_topic.pc'
[4.848s] Level 1:colcon.colcon_core.environment:checking '/home/cx/ros_using/robot_ws/install/demo_python_topic/lib/python3.10/site-packages'
[4.848s] Level 1:colcon.colcon_core.shell:create_environment_hook('demo_python_topic', 'pythonpath')
[4.848s] INFO:colcon.colcon_core.shell:Creating environment hook '/home/cx/ros_using/robot_ws/install/demo_python_topic/share/demo_python_topic/hook/pythonpath.ps1'
[4.849s] INFO:colcon.colcon_core.shell:Creating environment descriptor '/home/cx/ros_using/robot_ws/install/demo_python_topic/share/demo_python_topic/hook/pythonpath.dsv'
[4.850s] INFO:colcon.colcon_core.shell:Creating environment hook '/home/cx/ros_using/robot_ws/install/demo_python_topic/share/demo_python_topic/hook/pythonpath.sh'
[4.851s] Level 1:colcon.colcon_core.environment:checking '/home/cx/ros_using/robot_ws/install/demo_python_topic/bin'
[4.851s] Level 1:colcon.colcon_core.environment:create_environment_scripts_only(demo_python_topic)
[4.851s] INFO:colcon.colcon_core.shell:Creating package script '/home/cx/ros_using/robot_ws/install/demo_python_topic/share/demo_python_topic/package.ps1'
[4.852s] INFO:colcon.colcon_core.shell:Creating package descriptor '/home/cx/ros_using/robot_ws/install/demo_python_topic/share/demo_python_topic/package.dsv'
[4.852s] INFO:colcon.colcon_core.shell:Creating package script '/home/cx/ros_using/robot_ws/install/demo_python_topic/share/demo_python_topic/package.sh'
[4.852s] INFO:colcon.colcon_core.shell:Creating package script '/home/cx/ros_using/robot_ws/install/demo_python_topic/share/demo_python_topic/package.bash'
[4.853s] INFO:colcon.colcon_core.shell:Creating package script '/home/cx/ros_using/robot_ws/install/demo_python_topic/share/demo_python_topic/package.zsh'
[4.853s] Level 1:colcon.colcon_core.environment:create_file_with_runtime_dependencies(/home/cx/ros_using/robot_ws/install/demo_python_topic/share/colcon-core/packages/demo_python_topic)
[4.857s] Level 1:colcon.colcon_core.environment:checking '/home/cx/ros_using/robot_ws/install/advanced_task' for CMake module files
[4.858s] DEBUG:colcon.colcon_core.event_handler.log_command:Invoked command in '/home/cx/ros_using/robot_ws/src/advanced_task' returned '0': AMENT_PREFIX_PATH=/home/cx/ros_using/robot_ws/install/calculation_interfaces:${AMENT_PREFIX_PATH} CMAKE_PREFIX_PATH=/home/cx/ros_using/robot_ws/install/calculation_interfaces LD_LIBRARY_PATH=/home/cx/ros_using/robot_ws/install/calculation_interfaces/lib:${LD_LIBRARY_PATH} PYTHONPATH=/home/cx/ros_using/robot_ws/build/advanced_task/prefix_override:/usr/lib/python3/dist-packages/colcon_core/task/python/colcon_distutils_commands:/home/cx/ros_using/robot_ws/install/advanced_task/lib/python3.10/site-packages:/home/cx/ros_using/robot_ws/install/calculation_interfaces/local/lib/python3.10/dist-packages:${PYTHONPATH} /usr/bin/python3 -W ignore:setup.py install is deprecated -W ignore:easy_install command is deprecated setup.py egg_info --egg-base ../../build/advanced_task build --build-base /home/cx/ros_using/robot_ws/build/advanced_task/build install --record /home/cx/ros_using/robot_ws/build/advanced_task/install.log --install-scripts $base/lib/advanced_task --single-version-externally-managed install_data
[4.858s] Level 1:colcon.colcon_core.environment:checking '/home/cx/ros_using/robot_ws/install/advanced_task' for CMake config files
[4.859s] Level 1:colcon.colcon_core.environment:checking '/home/cx/ros_using/robot_ws/install/advanced_task/lib'
[4.859s] Level 1:colcon.colcon_core.environment:checking '/home/cx/ros_using/robot_ws/install/advanced_task/bin'
[4.859s] Level 1:colcon.colcon_core.environment:checking '/home/cx/ros_using/robot_ws/install/advanced_task/lib/pkgconfig/advanced_task.pc'
[4.859s] Level 1:colcon.colcon_core.environment:checking '/home/cx/ros_using/robot_ws/install/advanced_task/lib/python3.10/site-packages'
[4.859s] Level 1:colcon.colcon_core.shell:create_environment_hook('advanced_task', 'pythonpath')
[4.860s] INFO:colcon.colcon_core.shell:Creating environment hook '/home/cx/ros_using/robot_ws/install/advanced_task/share/advanced_task/hook/pythonpath.ps1'
[4.860s] INFO:colcon.colcon_core.shell:Creating environment descriptor '/home/cx/ros_using/robot_ws/install/advanced_task/share/advanced_task/hook/pythonpath.dsv'
[4.860s] INFO:colcon.colcon_core.shell:Creating environment hook '/home/cx/ros_using/robot_ws/install/advanced_task/share/advanced_task/hook/pythonpath.sh'
[4.861s] Level 1:colcon.colcon_core.environment:checking '/home/cx/ros_using/robot_ws/install/advanced_task/bin'
[4.861s] Level 1:colcon.colcon_core.environment:create_environment_scripts_only(advanced_task)
[4.862s] INFO:colcon.colcon_core.shell:Creating package script '/home/cx/ros_using/robot_ws/install/advanced_task/share/advanced_task/package.ps1'
[4.862s] INFO:colcon.colcon_core.shell:Creating package descriptor '/home/cx/ros_using/robot_ws/install/advanced_task/share/advanced_task/package.dsv'
[4.862s] INFO:colcon.colcon_core.shell:Creating package script '/home/cx/ros_using/robot_ws/install/advanced_task/share/advanced_task/package.sh'
[4.863s] INFO:colcon.colcon_core.shell:Creating package script '/home/cx/ros_using/robot_ws/install/advanced_task/share/advanced_task/package.bash'
[4.863s] INFO:colcon.colcon_core.shell:Creating package script '/home/cx/ros_using/robot_ws/install/advanced_task/share/advanced_task/package.zsh'
[4.863s] Level 1:colcon.colcon_core.environment:create_file_with_runtime_dependencies(/home/cx/ros_using/robot_ws/install/advanced_task/share/colcon-core/packages/advanced_task)
[4.863s] DEBUG:colcon.colcon_parallel_executor.executor.parallel:closing loop
[4.864s] DEBUG:colcon.colcon_parallel_executor.executor.parallel:loop closed
[4.864s] DEBUG:colcon.colcon_parallel_executor.executor.parallel:run_until_complete finished with '0'
[4.864s] DEBUG:colcon.colcon_core.event_reactor:joining thread
[4.869s] INFO:colcon.colcon_core.plugin_system:Skipping extension 'colcon_notification.desktop_notification.terminal_notifier': Not used on non-Darwin systems
[4.869s] INFO:colcon.colcon_core.plugin_system:Skipping extension 'colcon_notification.desktop_notification.win32': Not used on non-Windows systems
[4.869s] INFO:colcon.colcon_notification.desktop_notification:Sending desktop notification using 'notify2'
[4.869s] DEBUG:colcon.colcon_notification.desktop_notification.notify2:Failed to initialize notify2: org.freedesktop.DBus.Error.NotSupported: Unable to autolaunch a dbus-daemon without a $DISPLAY for X11
[4.869s] DEBUG:colcon.colcon_core.event_reactor:joined thread
[4.869s] INFO:colcon.colcon_core.shell:Creating prefix script '/home/cx/ros_using/robot_ws/install/local_setup.ps1'
[4.871s] INFO:colcon.colcon_core.shell:Creating prefix util module '/home/cx/ros_using/robot_ws/install/_local_setup_util_ps1.py'
[4.872s] INFO:colcon.colcon_core.shell:Creating prefix chain script '/home/cx/ros_using/robot_ws/install/setup.ps1'
[4.873s] INFO:colcon.colcon_core.shell:Creating prefix script '/home/cx/ros_using/robot_ws/install/local_setup.sh'
[4.874s] INFO:colcon.colcon_core.shell:Creating prefix util module '/home/cx/ros_using/robot_ws/install/_local_setup_util_sh.py'
[4.874s] INFO:colcon.colcon_core.shell:Creating prefix chain script '/home/cx/ros_using/robot_ws/install/setup.sh'
[4.875s] INFO:colcon.colcon_core.shell:Creating prefix script '/home/cx/ros_using/robot_ws/install/local_setup.bash'
[4.876s] INFO:colcon.colcon_core.shell:Creating prefix chain script '/home/cx/ros_using/robot_ws/install/setup.bash'
[4.876s] INFO:colcon.colcon_core.shell:Creating prefix script '/home/cx/ros_using/robot_ws/install/local_setup.zsh'
[4.877s] INFO:colcon.colcon_core.shell:Creating prefix chain script '/home/cx/ros_using/robot_ws/install/setup.zsh'
