[0.006s] Invoking command in '/home/cx/ros_using/robot_ws/src/build/status_interfaces': CMAKE_PREFIX_PATH=/opt/ros/humble /usr/bin/cmake /home/cx/ros_using/robot_ws/src/status_interfaces -DCMAKE_INSTALL_PREFIX=/home/cx/ros_using/robot_ws/src/install/status_interfaces
[0.082s] -- The C compiler identification is GNU 11.4.0
[0.162s] -- The CXX compiler identification is GNU 11.4.0
[0.169s] -- Detecting C compiler ABI info
[0.229s] -- Detecting C compiler ABI info - done
[0.234s] -- Check for working C compiler: /usr/bin/cc - skipped
[0.234s] -- Detecting C compile features
[0.235s] -- Detecting C compile features - done
[0.237s] -- Detecting CXX compiler ABI info
[0.291s] -- Detecting CXX compiler ABI info - done
[0.296s] -- Check for working CXX compiler: /usr/bin/c++ - skipped
[0.296s] -- Detecting CXX compile features
[0.296s] -- Detecting CXX compile features - done
[0.298s] -- Found ament_cmake: 1.3.14 (/opt/ros/humble/share/ament_cmake/cmake)
[0.399s] -- Found Python3: /usr/bin/python3 (found version "3.10.12") found components: Interpreter 
[0.458s] -- Found builtin_interfaces: 1.2.3 (/opt/ros/humble/share/builtin_interfaces/cmake)
[0.479s] -- Found rosidl_generator_c: 3.1.9 (/opt/ros/humble/share/rosidl_generator_c/cmake)
[0.481s] -- Found rosidl_adapter: 3.1.9 (/opt/ros/humble/share/rosidl_adapter/cmake)
[0.486s] -- Found rosidl_generator_cpp: 3.1.9 (/opt/ros/humble/share/rosidl_generator_cpp/cmake)
[0.495s] -- Using all available rosidl_typesupport_c: rosidl_typesupport_fastrtps_c;rosidl_typesupport_introspection_c
[0.503s] -- Using all available rosidl_typesupport_cpp: rosidl_typesupport_fastrtps_cpp;rosidl_typesupport_introspection_cpp
[0.512s] -- Found rosidl_default_generators: 1.2.1 (/opt/ros/humble/share/rosidl_default_generators/cmake)
[0.682s] -- Found ament_cmake_ros: 0.10.0 (/opt/ros/humble/share/ament_cmake_ros/cmake)
[0.876s] -- Using all available rosidl_typesupport_c: rosidl_typesupport_fastrtps_c;rosidl_typesupport_introspection_c
[0.954s] -- Using all available rosidl_typesupport_cpp: rosidl_typesupport_fastrtps_cpp;rosidl_typesupport_introspection_cpp
[0.971s] -- Found PythonInterp: /usr/bin/python3 (found suitable version "3.10.12", minimum required is "3.6") 
[0.971s] -- Found python_cmake_module: 0.10.0 (/opt/ros/humble/share/python_cmake_module/cmake)
[0.987s] -- Found PythonLibs: /usr/lib/x86_64-linux-gnu/libpython3.10.so (found suitable version "3.10.12", minimum required is "3.5") 
[0.987s] -- Using PYTHON_EXECUTABLE: /usr/bin/python3
[0.987s] -- Using PYTHON_INCLUDE_DIRS: /usr/include/python3.10
[0.987s] -- Using PYTHON_LIBRARIES: /usr/lib/x86_64-linux-gnu/libpython3.10.so
[1.002s] -- Found PythonExtra: .so  
[1.059s] -- Found ament_lint_auto: 0.12.15 (/opt/ros/humble/share/ament_lint_auto/cmake)
[1.067s] -- Added test 'lint_cmake' to check CMake code style
[1.068s] -- Added test 'xmllint' to check XML markup files
[1.069s] -- Configuring done
[1.085s] -- Generating done
[1.092s] -- Build files have been written to: /home/cx/ros_using/robot_ws/src/build/status_interfaces
[1.096s] Invoked command in '/home/cx/ros_using/robot_ws/src/build/status_interfaces' returned '0': CMAKE_PREFIX_PATH=/opt/ros/humble /usr/bin/cmake /home/cx/ros_using/robot_ws/src/status_interfaces -DCMAKE_INSTALL_PREFIX=/home/cx/ros_using/robot_ws/src/install/status_interfaces
[1.097s] Invoking command in '/home/cx/ros_using/robot_ws/src/build/status_interfaces': CMAKE_PREFIX_PATH=/opt/ros/humble /usr/bin/cmake --build /home/cx/ros_using/robot_ws/src/build/status_interfaces -- -j12 -l12
[1.120s] [  3%] [34m[1mGenerating C code for ROS interfaces[0m
[1.126s] [  6%] [34m[1mGenerating C++ code for ROS interfaces[0m
[1.131s] [  6%] Built target ament_cmake_python_copy_status_interfaces
[1.133s] [  9%] [34m[1mGenerating Rust code for ROS interfaces[0m
[1.298s] running egg_info
[1.299s] creating status_interfaces.egg-info
[1.300s] writing status_interfaces.egg-info/PKG-INFO
[1.300s] writing dependency_links to status_interfaces.egg-info/dependency_links.txt
[1.300s] writing top-level names to status_interfaces.egg-info/top_level.txt
[1.300s] writing manifest file 'status_interfaces.egg-info/SOURCES.txt'
[1.303s] reading manifest file 'status_interfaces.egg-info/SOURCES.txt'
[1.304s] writing manifest file 'status_interfaces.egg-info/SOURCES.txt'
[1.330s] [  9%] Built target ament_cmake_python_build_status_interfaces_egg
[1.348s] [ 12%] [32mBuilding C object CMakeFiles/status_interfaces__rosidl_generator_c.dir/rosidl_generator_c/status_interfaces/msg/detail/student_info__functions.c.o[0m
[1.367s] [ 12%] Built target status_interfaces__rs
[1.396s] [ 12%] Built target status_interfaces__cpp
[1.405s] [ 15%] [34m[1mGenerating C++ type support dispatch for ROS interfaces[0m
[1.405s] [ 21%] [34m[1mGenerating C++ introspection for ROS interfaces[0m
[1.405s] [ 21%] [34m[1mGenerating C++ type support for eProsima Fast-RTPS[0m
[1.412s] [ 25%] [32m[1mLinking C shared library libstatus_interfaces__rosidl_generator_c.so[0m
[1.440s] [ 25%] Built target status_interfaces__rosidl_generator_c
[1.448s] [ 28%] [34m[1mGenerating C introspection for ROS interfaces[0m
[1.448s] [ 31%] [34m[1mGenerating C type support for eProsima Fast-RTPS[0m
[1.450s] [ 34%] [34m[1mGenerating C type support dispatch for ROS interfaces[0m
[1.711s] [ 37%] [32mBuilding CXX object CMakeFiles/status_interfaces__rosidl_typesupport_introspection_cpp.dir/rosidl_typesupport_introspection_cpp/status_interfaces/msg/detail/student_info__type_support.cpp.o[0m
[1.726s] [ 40%] [32mBuilding CXX object CMakeFiles/status_interfaces__rosidl_typesupport_fastrtps_cpp.dir/rosidl_typesupport_fastrtps_cpp/status_interfaces/msg/detail/dds_fastrtps/student_info__type_support.cpp.o[0m
[1.735s] [ 43%] [32mBuilding CXX object CMakeFiles/status_interfaces__rosidl_typesupport_cpp.dir/rosidl_typesupport_cpp/status_interfaces/msg/student_info__type_support.cpp.o[0m
[1.752s] [ 46%] [32mBuilding CXX object CMakeFiles/status_interfaces__rosidl_typesupport_c.dir/rosidl_typesupport_c/status_interfaces/msg/student_info__type_support.cpp.o[0m
[1.754s] [ 50%] [32mBuilding C object CMakeFiles/status_interfaces__rosidl_typesupport_introspection_c.dir/rosidl_typesupport_introspection_c/status_interfaces/msg/detail/student_info__type_support.c.o[0m
[1.785s] [ 53%] [32mBuilding CXX object CMakeFiles/status_interfaces__rosidl_typesupport_fastrtps_c.dir/rosidl_typesupport_fastrtps_c/status_interfaces/msg/detail/student_info__type_support_c.cpp.o[0m
[1.792s] [ 56%] [32m[1mLinking CXX shared library libstatus_interfaces__rosidl_typesupport_c.so[0m
[1.801s] [ 59%] [32m[1mLinking C shared library libstatus_interfaces__rosidl_typesupport_introspection_c.so[0m
[1.840s] [ 59%] Built target status_interfaces__rosidl_typesupport_c
[1.844s] [ 59%] Built target status_interfaces__rosidl_typesupport_introspection_c
[2.004s] [ 62%] [32m[1mLinking CXX shared library libstatus_interfaces__rosidl_typesupport_cpp.so[0m
[2.043s] [ 62%] Built target status_interfaces__rosidl_typesupport_cpp
[2.080s] [ 65%] [32m[1mLinking CXX shared library libstatus_interfaces__rosidl_typesupport_fastrtps_cpp.so[0m
[2.160s] [ 65%] Built target status_interfaces__rosidl_typesupport_fastrtps_cpp
[2.167s] [ 68%] [32m[1mLinking CXX shared library libstatus_interfaces__rosidl_typesupport_introspection_cpp.so[0m
[2.214s] [ 71%] [32m[1mLinking CXX shared library libstatus_interfaces__rosidl_typesupport_fastrtps_c.so[0m
[2.221s] [ 71%] Built target status_interfaces__rosidl_typesupport_introspection_cpp
[2.298s] [ 71%] Built target status_interfaces__rosidl_typesupport_fastrtps_c
[2.311s] [ 71%] Built target status_interfaces
[2.324s] [ 75%] [34m[1mGenerating Python code for ROS interfaces[0m
[2.516s] [ 75%] Built target status_interfaces__py
[2.531s] [ 78%] [32mBuilding C object CMakeFiles/status_interfaces__rosidl_generator_py.dir/rosidl_generator_py/status_interfaces/msg/_student_info_s.c.o[0m
[2.613s] [ 81%] [32m[1mLinking C shared library rosidl_generator_py/status_interfaces/libstatus_interfaces__rosidl_generator_py.so[0m
[2.643s] [ 81%] Built target status_interfaces__rosidl_generator_py
[2.657s] [ 84%] [32mBuilding C object CMakeFiles/status_interfaces__rosidl_typesupport_fastrtps_c__pyext.dir/rosidl_generator_py/status_interfaces/_status_interfaces_s.ep.rosidl_typesupport_fastrtps_c.c.o[0m
[2.659s] [ 87%] [32mBuilding C object CMakeFiles/status_interfaces__rosidl_typesupport_c__pyext.dir/rosidl_generator_py/status_interfaces/_status_interfaces_s.ep.rosidl_typesupport_c.c.o[0m
[2.663s] [ 90%] [32mBuilding C object CMakeFiles/status_interfaces__rosidl_typesupport_introspection_c__pyext.dir/rosidl_generator_py/status_interfaces/_status_interfaces_s.ep.rosidl_typesupport_introspection_c.c.o[0m
[2.739s] [ 93%] [32m[1mLinking C shared library rosidl_generator_py/status_interfaces/status_interfaces_s__rosidl_typesupport_c.cpython-310-x86_64-linux-gnu.so[0m
[2.759s] [ 96%] [32m[1mLinking C shared library rosidl_generator_py/status_interfaces/status_interfaces_s__rosidl_typesupport_fastrtps_c.cpython-310-x86_64-linux-gnu.so[0m
[2.765s] [100%] [32m[1mLinking C shared library rosidl_generator_py/status_interfaces/status_interfaces_s__rosidl_typesupport_introspection_c.cpython-310-x86_64-linux-gnu.so[0m
[2.768s] [100%] Built target status_interfaces__rosidl_typesupport_c__pyext
[2.793s] [100%] Built target status_interfaces__rosidl_typesupport_introspection_c__pyext
[2.794s] [100%] Built target status_interfaces__rosidl_typesupport_fastrtps_c__pyext
[2.804s] Invoked command in '/home/cx/ros_using/robot_ws/src/build/status_interfaces' returned '0': CMAKE_PREFIX_PATH=/opt/ros/humble /usr/bin/cmake --build /home/cx/ros_using/robot_ws/src/build/status_interfaces -- -j12 -l12
[2.806s] Invoking command in '/home/cx/ros_using/robot_ws/src/build/status_interfaces': CMAKE_PREFIX_PATH=/opt/ros/humble /usr/bin/cmake --install /home/cx/ros_using/robot_ws/src/build/status_interfaces
[2.814s] -- Install configuration: ""
[2.815s] -- Installing: /home/cx/ros_using/robot_ws/src/install/status_interfaces/share/ament_index/resource_index/rosidl_interfaces/status_interfaces
[2.815s] -- Installing: /home/cx/ros_using/robot_ws/src/install/status_interfaces/include/status_interfaces/status_interfaces
[2.815s] -- Installing: /home/cx/ros_using/robot_ws/src/install/status_interfaces/include/status_interfaces/status_interfaces/msg
[2.815s] -- Installing: /home/cx/ros_using/robot_ws/src/install/status_interfaces/include/status_interfaces/status_interfaces/msg/student_info.h
[2.815s] -- Installing: /home/cx/ros_using/robot_ws/src/install/status_interfaces/include/status_interfaces/status_interfaces/msg/detail
[2.815s] -- Installing: /home/cx/ros_using/robot_ws/src/install/status_interfaces/include/status_interfaces/status_interfaces/msg/detail/student_info__functions.c
[2.815s] -- Installing: /home/cx/ros_using/robot_ws/src/install/status_interfaces/include/status_interfaces/status_interfaces/msg/detail/student_info__struct.h
[2.816s] -- Installing: /home/cx/ros_using/robot_ws/src/install/status_interfaces/include/status_interfaces/status_interfaces/msg/detail/student_info__type_support.h
[2.816s] -- Installing: /home/cx/ros_using/robot_ws/src/install/status_interfaces/include/status_interfaces/status_interfaces/msg/detail/student_info__functions.h
[2.816s] -- Installing: /home/cx/ros_using/robot_ws/src/install/status_interfaces/include/status_interfaces/status_interfaces/msg/rosidl_generator_c__visibility_control.h
[2.817s] -- Installing: /home/cx/ros_using/robot_ws/src/install/status_interfaces/share/status_interfaces/environment/library_path.sh
[2.817s] -- Installing: /home/cx/ros_using/robot_ws/src/install/status_interfaces/share/status_interfaces/environment/library_path.dsv
[2.817s] -- Installing: /home/cx/ros_using/robot_ws/src/install/status_interfaces/lib/libstatus_interfaces__rosidl_generator_c.so
[2.817s] -- Set runtime path of "/home/cx/ros_using/robot_ws/src/install/status_interfaces/lib/libstatus_interfaces__rosidl_generator_c.so" to ""
[2.817s] -- Up-to-date: /home/cx/ros_using/robot_ws/src/install/status_interfaces/include/status_interfaces/status_interfaces
[2.817s] -- Up-to-date: /home/cx/ros_using/robot_ws/src/install/status_interfaces/include/status_interfaces/status_interfaces/msg
[2.817s] -- Installing: /home/cx/ros_using/robot_ws/src/install/status_interfaces/include/status_interfaces/status_interfaces/msg/rosidl_typesupport_fastrtps_c__visibility_control.h
[2.817s] -- Up-to-date: /home/cx/ros_using/robot_ws/src/install/status_interfaces/include/status_interfaces/status_interfaces/msg/detail
[2.817s] -- Installing: /home/cx/ros_using/robot_ws/src/install/status_interfaces/include/status_interfaces/status_interfaces/msg/detail/student_info__rosidl_typesupport_fastrtps_c.h
[2.817s] -- Installing: /home/cx/ros_using/robot_ws/src/install/status_interfaces/lib/libstatus_interfaces__rosidl_typesupport_fastrtps_c.so
[2.817s] -- Set runtime path of "/home/cx/ros_using/robot_ws/src/install/status_interfaces/lib/libstatus_interfaces__rosidl_typesupport_fastrtps_c.so" to ""
[2.817s] -- Up-to-date: /home/cx/ros_using/robot_ws/src/install/status_interfaces/include/status_interfaces/status_interfaces
[2.817s] -- Up-to-date: /home/cx/ros_using/robot_ws/src/install/status_interfaces/include/status_interfaces/status_interfaces/msg
[2.817s] -- Installing: /home/cx/ros_using/robot_ws/src/install/status_interfaces/include/status_interfaces/status_interfaces/msg/student_info.hpp
[2.817s] -- Up-to-date: /home/cx/ros_using/robot_ws/src/install/status_interfaces/include/status_interfaces/status_interfaces/msg/detail
[2.817s] -- Installing: /home/cx/ros_using/robot_ws/src/install/status_interfaces/include/status_interfaces/status_interfaces/msg/detail/student_info__traits.hpp
[2.817s] -- Installing: /home/cx/ros_using/robot_ws/src/install/status_interfaces/include/status_interfaces/status_interfaces/msg/detail/student_info__builder.hpp
[2.817s] -- Installing: /home/cx/ros_using/robot_ws/src/install/status_interfaces/include/status_interfaces/status_interfaces/msg/detail/student_info__struct.hpp
[2.818s] -- Installing: /home/cx/ros_using/robot_ws/src/install/status_interfaces/include/status_interfaces/status_interfaces/msg/detail/student_info__type_support.hpp
[2.818s] -- Installing: /home/cx/ros_using/robot_ws/src/install/status_interfaces/include/status_interfaces/status_interfaces/msg/rosidl_generator_cpp__visibility_control.hpp
[2.818s] -- Up-to-date: /home/cx/ros_using/robot_ws/src/install/status_interfaces/include/status_interfaces/status_interfaces
[2.818s] -- Up-to-date: /home/cx/ros_using/robot_ws/src/install/status_interfaces/include/status_interfaces/status_interfaces/msg
[2.818s] -- Up-to-date: /home/cx/ros_using/robot_ws/src/install/status_interfaces/include/status_interfaces/status_interfaces/msg/detail
[2.818s] -- Installing: /home/cx/ros_using/robot_ws/src/install/status_interfaces/include/status_interfaces/status_interfaces/msg/detail/dds_fastrtps
[2.818s] -- Installing: /home/cx/ros_using/robot_ws/src/install/status_interfaces/include/status_interfaces/status_interfaces/msg/detail/student_info__rosidl_typesupport_fastrtps_cpp.hpp
[2.818s] -- Installing: /home/cx/ros_using/robot_ws/src/install/status_interfaces/include/status_interfaces/status_interfaces/msg/rosidl_typesupport_fastrtps_cpp__visibility_control.h
[2.818s] -- Installing: /home/cx/ros_using/robot_ws/src/install/status_interfaces/lib/libstatus_interfaces__rosidl_typesupport_fastrtps_cpp.so
[2.818s] -- Set runtime path of "/home/cx/ros_using/robot_ws/src/install/status_interfaces/lib/libstatus_interfaces__rosidl_typesupport_fastrtps_cpp.so" to ""
[2.818s] -- Up-to-date: /home/cx/ros_using/robot_ws/src/install/status_interfaces/include/status_interfaces/status_interfaces
[2.818s] -- Up-to-date: /home/cx/ros_using/robot_ws/src/install/status_interfaces/include/status_interfaces/status_interfaces/msg
[2.818s] -- Up-to-date: /home/cx/ros_using/robot_ws/src/install/status_interfaces/include/status_interfaces/status_interfaces/msg/detail
[2.818s] -- Installing: /home/cx/ros_using/robot_ws/src/install/status_interfaces/include/status_interfaces/status_interfaces/msg/detail/student_info__type_support.c
[2.818s] -- Installing: /home/cx/ros_using/robot_ws/src/install/status_interfaces/include/status_interfaces/status_interfaces/msg/detail/student_info__rosidl_typesupport_introspection_c.h
[2.818s] -- Installing: /home/cx/ros_using/robot_ws/src/install/status_interfaces/include/status_interfaces/status_interfaces/msg/rosidl_typesupport_introspection_c__visibility_control.h
[2.818s] -- Installing: /home/cx/ros_using/robot_ws/src/install/status_interfaces/lib/libstatus_interfaces__rosidl_typesupport_introspection_c.so
[2.818s] -- Set runtime path of "/home/cx/ros_using/robot_ws/src/install/status_interfaces/lib/libstatus_interfaces__rosidl_typesupport_introspection_c.so" to ""
[2.819s] -- Installing: /home/cx/ros_using/robot_ws/src/install/status_interfaces/lib/libstatus_interfaces__rosidl_typesupport_c.so
[2.819s] -- Set runtime path of "/home/cx/ros_using/robot_ws/src/install/status_interfaces/lib/libstatus_interfaces__rosidl_typesupport_c.so" to ""
[2.819s] -- Up-to-date: /home/cx/ros_using/robot_ws/src/install/status_interfaces/include/status_interfaces/status_interfaces
[2.819s] -- Up-to-date: /home/cx/ros_using/robot_ws/src/install/status_interfaces/include/status_interfaces/status_interfaces/msg
[2.819s] -- Up-to-date: /home/cx/ros_using/robot_ws/src/install/status_interfaces/include/status_interfaces/status_interfaces/msg/detail
[2.819s] -- Installing: /home/cx/ros_using/robot_ws/src/install/status_interfaces/include/status_interfaces/status_interfaces/msg/detail/student_info__rosidl_typesupport_introspection_cpp.hpp
[2.819s] -- Installing: /home/cx/ros_using/robot_ws/src/install/status_interfaces/include/status_interfaces/status_interfaces/msg/detail/student_info__type_support.cpp
[2.819s] -- Installing: /home/cx/ros_using/robot_ws/src/install/status_interfaces/lib/libstatus_interfaces__rosidl_typesupport_introspection_cpp.so
[2.819s] -- Set runtime path of "/home/cx/ros_using/robot_ws/src/install/status_interfaces/lib/libstatus_interfaces__rosidl_typesupport_introspection_cpp.so" to ""
[2.819s] -- Installing: /home/cx/ros_using/robot_ws/src/install/status_interfaces/lib/libstatus_interfaces__rosidl_typesupport_cpp.so
[2.819s] -- Set runtime path of "/home/cx/ros_using/robot_ws/src/install/status_interfaces/lib/libstatus_interfaces__rosidl_typesupport_cpp.so" to ""
[2.819s] -- Installing: /home/cx/ros_using/robot_ws/src/install/status_interfaces/share/status_interfaces/environment/pythonpath.sh
[2.819s] -- Installing: /home/cx/ros_using/robot_ws/src/install/status_interfaces/share/status_interfaces/environment/pythonpath.dsv
[2.819s] -- Installing: /home/cx/ros_using/robot_ws/src/install/status_interfaces/local/lib/python3.10/dist-packages/status_interfaces-0.0.0-py3.10.egg-info
[2.819s] -- Installing: /home/cx/ros_using/robot_ws/src/install/status_interfaces/local/lib/python3.10/dist-packages/status_interfaces-0.0.0-py3.10.egg-info/SOURCES.txt
[2.819s] -- Installing: /home/cx/ros_using/robot_ws/src/install/status_interfaces/local/lib/python3.10/dist-packages/status_interfaces-0.0.0-py3.10.egg-info/PKG-INFO
[2.819s] -- Installing: /home/cx/ros_using/robot_ws/src/install/status_interfaces/local/lib/python3.10/dist-packages/status_interfaces-0.0.0-py3.10.egg-info/top_level.txt
[2.820s] -- Installing: /home/cx/ros_using/robot_ws/src/install/status_interfaces/local/lib/python3.10/dist-packages/status_interfaces-0.0.0-py3.10.egg-info/dependency_links.txt
[2.820s] -- Installing: /home/cx/ros_using/robot_ws/src/install/status_interfaces/local/lib/python3.10/dist-packages/status_interfaces
[2.820s] -- Installing: /home/cx/ros_using/robot_ws/src/install/status_interfaces/local/lib/python3.10/dist-packages/status_interfaces/_status_interfaces_s.ep.rosidl_typesupport_c.c
[2.820s] -- Installing: /home/cx/ros_using/robot_ws/src/install/status_interfaces/local/lib/python3.10/dist-packages/status_interfaces/msg
[2.820s] -- Installing: /home/cx/ros_using/robot_ws/src/install/status_interfaces/local/lib/python3.10/dist-packages/status_interfaces/msg/_student_info.py
[2.820s] -- Installing: /home/cx/ros_using/robot_ws/src/install/status_interfaces/local/lib/python3.10/dist-packages/status_interfaces/msg/_student_info_s.c
[2.820s] -- Installing: /home/cx/ros_using/robot_ws/src/install/status_interfaces/local/lib/python3.10/dist-packages/status_interfaces/msg/__init__.py
[2.820s] -- Installing: /home/cx/ros_using/robot_ws/src/install/status_interfaces/local/lib/python3.10/dist-packages/status_interfaces/_status_interfaces_s.ep.rosidl_typesupport_introspection_c.c
[2.820s] -- Installing: /home/cx/ros_using/robot_ws/src/install/status_interfaces/local/lib/python3.10/dist-packages/status_interfaces/status_interfaces_s__rosidl_typesupport_introspection_c.cpython-310-x86_64-linux-gnu.so
[2.821s] -- Installing: /home/cx/ros_using/robot_ws/src/install/status_interfaces/local/lib/python3.10/dist-packages/status_interfaces/status_interfaces_s__rosidl_typesupport_c.cpython-310-x86_64-linux-gnu.so
[2.821s] -- Installing: /home/cx/ros_using/robot_ws/src/install/status_interfaces/local/lib/python3.10/dist-packages/status_interfaces/status_interfaces_s__rosidl_typesupport_fastrtps_c.cpython-310-x86_64-linux-gnu.so
[2.821s] -- Installing: /home/cx/ros_using/robot_ws/src/install/status_interfaces/local/lib/python3.10/dist-packages/status_interfaces/__init__.py
[2.821s] -- Installing: /home/cx/ros_using/robot_ws/src/install/status_interfaces/local/lib/python3.10/dist-packages/status_interfaces/libstatus_interfaces__rosidl_generator_py.so
[2.821s] -- Installing: /home/cx/ros_using/robot_ws/src/install/status_interfaces/local/lib/python3.10/dist-packages/status_interfaces/_status_interfaces_s.ep.rosidl_typesupport_fastrtps_c.c
[2.844s] Listing '/home/cx/ros_using/robot_ws/src/install/status_interfaces/local/lib/python3.10/dist-packages/status_interfaces'...
[2.844s] Compiling '/home/cx/ros_using/robot_ws/src/install/status_interfaces/local/lib/python3.10/dist-packages/status_interfaces/__init__.py'...
[2.844s] Listing '/home/cx/ros_using/robot_ws/src/install/status_interfaces/local/lib/python3.10/dist-packages/status_interfaces/msg'...
[2.844s] Compiling '/home/cx/ros_using/robot_ws/src/install/status_interfaces/local/lib/python3.10/dist-packages/status_interfaces/msg/__init__.py'...
[2.844s] Compiling '/home/cx/ros_using/robot_ws/src/install/status_interfaces/local/lib/python3.10/dist-packages/status_interfaces/msg/_student_info.py'...
[2.848s] -- Installing: /home/cx/ros_using/robot_ws/src/install/status_interfaces/local/lib/python3.10/dist-packages/status_interfaces/status_interfaces_s__rosidl_typesupport_fastrtps_c.cpython-310-x86_64-linux-gnu.so
[2.848s] -- Set runtime path of "/home/cx/ros_using/robot_ws/src/install/status_interfaces/local/lib/python3.10/dist-packages/status_interfaces/status_interfaces_s__rosidl_typesupport_fastrtps_c.cpython-310-x86_64-linux-gnu.so" to ""
[2.848s] -- Installing: /home/cx/ros_using/robot_ws/src/install/status_interfaces/local/lib/python3.10/dist-packages/status_interfaces/status_interfaces_s__rosidl_typesupport_introspection_c.cpython-310-x86_64-linux-gnu.so
[2.848s] -- Set runtime path of "/home/cx/ros_using/robot_ws/src/install/status_interfaces/local/lib/python3.10/dist-packages/status_interfaces/status_interfaces_s__rosidl_typesupport_introspection_c.cpython-310-x86_64-linux-gnu.so" to ""
[2.848s] -- Installing: /home/cx/ros_using/robot_ws/src/install/status_interfaces/local/lib/python3.10/dist-packages/status_interfaces/status_interfaces_s__rosidl_typesupport_c.cpython-310-x86_64-linux-gnu.so
[2.848s] -- Set runtime path of "/home/cx/ros_using/robot_ws/src/install/status_interfaces/local/lib/python3.10/dist-packages/status_interfaces/status_interfaces_s__rosidl_typesupport_c.cpython-310-x86_64-linux-gnu.so" to ""
[2.848s] -- Installing: /home/cx/ros_using/robot_ws/src/install/status_interfaces/lib/libstatus_interfaces__rosidl_generator_py.so
[2.848s] -- Set runtime path of "/home/cx/ros_using/robot_ws/src/install/status_interfaces/lib/libstatus_interfaces__rosidl_generator_py.so" to ""
[2.849s] -- Installing: /home/cx/ros_using/robot_ws/src/install/status_interfaces/share/ament_index/resource_index/rust_packages/status_interfaces
[2.849s] -- Installing: /home/cx/ros_using/robot_ws/src/install/status_interfaces/share/status_interfaces/rust
[2.849s] -- Installing: /home/cx/ros_using/robot_ws/src/install/status_interfaces/share/status_interfaces/rust/build.rs
[2.849s] -- Installing: /home/cx/ros_using/robot_ws/src/install/status_interfaces/share/status_interfaces/rust/src
[2.849s] -- Installing: /home/cx/ros_using/robot_ws/src/install/status_interfaces/share/status_interfaces/rust/src/lib.rs
[2.849s] -- Installing: /home/cx/ros_using/robot_ws/src/install/status_interfaces/share/status_interfaces/rust/src/msg
[2.849s] -- Installing: /home/cx/ros_using/robot_ws/src/install/status_interfaces/share/status_interfaces/rust/src/msg/rmw.rs
[2.849s] -- Installing: /home/cx/ros_using/robot_ws/src/install/status_interfaces/share/status_interfaces/rust/src/msg.rs
[2.849s] -- Installing: /home/cx/ros_using/robot_ws/src/install/status_interfaces/share/status_interfaces/rust/Cargo.toml
[2.849s] -- Installing: /home/cx/ros_using/robot_ws/src/install/status_interfaces/share/status_interfaces/msg/StudentInfo.idl
[2.849s] -- Installing: /home/cx/ros_using/robot_ws/src/install/status_interfaces/share/status_interfaces/msg/StudentInfo.msg
[2.849s] -- Installing: /home/cx/ros_using/robot_ws/src/install/status_interfaces/share/ament_index/resource_index/package_run_dependencies/status_interfaces
[2.849s] -- Installing: /home/cx/ros_using/robot_ws/src/install/status_interfaces/share/ament_index/resource_index/parent_prefix_path/status_interfaces
[2.849s] -- Installing: /home/cx/ros_using/robot_ws/src/install/status_interfaces/share/status_interfaces/environment/ament_prefix_path.sh
[2.849s] -- Installing: /home/cx/ros_using/robot_ws/src/install/status_interfaces/share/status_interfaces/environment/ament_prefix_path.dsv
[2.849s] -- Installing: /home/cx/ros_using/robot_ws/src/install/status_interfaces/share/status_interfaces/environment/path.sh
[2.849s] -- Installing: /home/cx/ros_using/robot_ws/src/install/status_interfaces/share/status_interfaces/environment/path.dsv
[2.850s] -- Installing: /home/cx/ros_using/robot_ws/src/install/status_interfaces/share/status_interfaces/local_setup.bash
[2.850s] -- Installing: /home/cx/ros_using/robot_ws/src/install/status_interfaces/share/status_interfaces/local_setup.sh
[2.850s] -- Installing: /home/cx/ros_using/robot_ws/src/install/status_interfaces/share/status_interfaces/local_setup.zsh
[2.850s] -- Installing: /home/cx/ros_using/robot_ws/src/install/status_interfaces/share/status_interfaces/local_setup.dsv
[2.850s] -- Installing: /home/cx/ros_using/robot_ws/src/install/status_interfaces/share/status_interfaces/package.dsv
[2.850s] -- Installing: /home/cx/ros_using/robot_ws/src/install/status_interfaces/share/ament_index/resource_index/packages/status_interfaces
[2.850s] -- Installing: /home/cx/ros_using/robot_ws/src/install/status_interfaces/share/status_interfaces/cmake/export_status_interfaces__rosidl_generator_cExport.cmake
[2.850s] -- Installing: /home/cx/ros_using/robot_ws/src/install/status_interfaces/share/status_interfaces/cmake/export_status_interfaces__rosidl_generator_cExport-noconfig.cmake
[2.850s] -- Installing: /home/cx/ros_using/robot_ws/src/install/status_interfaces/share/status_interfaces/cmake/export_status_interfaces__rosidl_typesupport_fastrtps_cExport.cmake
[2.850s] -- Installing: /home/cx/ros_using/robot_ws/src/install/status_interfaces/share/status_interfaces/cmake/export_status_interfaces__rosidl_typesupport_fastrtps_cExport-noconfig.cmake
[2.850s] -- Installing: /home/cx/ros_using/robot_ws/src/install/status_interfaces/share/status_interfaces/cmake/export_status_interfaces__rosidl_generator_cppExport.cmake
[2.850s] -- Installing: /home/cx/ros_using/robot_ws/src/install/status_interfaces/share/status_interfaces/cmake/export_status_interfaces__rosidl_typesupport_fastrtps_cppExport.cmake
[2.850s] -- Installing: /home/cx/ros_using/robot_ws/src/install/status_interfaces/share/status_interfaces/cmake/export_status_interfaces__rosidl_typesupport_fastrtps_cppExport-noconfig.cmake
[2.850s] -- Installing: /home/cx/ros_using/robot_ws/src/install/status_interfaces/share/status_interfaces/cmake/status_interfaces__rosidl_typesupport_introspection_cExport.cmake
[2.850s] -- Installing: /home/cx/ros_using/robot_ws/src/install/status_interfaces/share/status_interfaces/cmake/status_interfaces__rosidl_typesupport_introspection_cExport-noconfig.cmake
[2.850s] -- Installing: /home/cx/ros_using/robot_ws/src/install/status_interfaces/share/status_interfaces/cmake/status_interfaces__rosidl_typesupport_cExport.cmake
[2.850s] -- Installing: /home/cx/ros_using/robot_ws/src/install/status_interfaces/share/status_interfaces/cmake/status_interfaces__rosidl_typesupport_cExport-noconfig.cmake
[2.850s] -- Installing: /home/cx/ros_using/robot_ws/src/install/status_interfaces/share/status_interfaces/cmake/status_interfaces__rosidl_typesupport_introspection_cppExport.cmake
[2.850s] -- Installing: /home/cx/ros_using/robot_ws/src/install/status_interfaces/share/status_interfaces/cmake/status_interfaces__rosidl_typesupport_introspection_cppExport-noconfig.cmake
[2.850s] -- Installing: /home/cx/ros_using/robot_ws/src/install/status_interfaces/share/status_interfaces/cmake/status_interfaces__rosidl_typesupport_cppExport.cmake
[2.851s] -- Installing: /home/cx/ros_using/robot_ws/src/install/status_interfaces/share/status_interfaces/cmake/status_interfaces__rosidl_typesupport_cppExport-noconfig.cmake
[2.851s] -- Installing: /home/cx/ros_using/robot_ws/src/install/status_interfaces/share/status_interfaces/cmake/export_status_interfaces__rosidl_generator_pyExport.cmake
[2.851s] -- Installing: /home/cx/ros_using/robot_ws/src/install/status_interfaces/share/status_interfaces/cmake/export_status_interfaces__rosidl_generator_pyExport-noconfig.cmake
[2.851s] -- Installing: /home/cx/ros_using/robot_ws/src/install/status_interfaces/share/status_interfaces/cmake/rosidl_cmake-extras.cmake
[2.851s] -- Installing: /home/cx/ros_using/robot_ws/src/install/status_interfaces/share/status_interfaces/cmake/ament_cmake_export_dependencies-extras.cmake
[2.851s] -- Installing: /home/cx/ros_using/robot_ws/src/install/status_interfaces/share/status_interfaces/cmake/ament_cmake_export_include_directories-extras.cmake
[2.851s] -- Installing: /home/cx/ros_using/robot_ws/src/install/status_interfaces/share/status_interfaces/cmake/ament_cmake_export_libraries-extras.cmake
[2.851s] -- Installing: /home/cx/ros_using/robot_ws/src/install/status_interfaces/share/status_interfaces/cmake/ament_cmake_export_targets-extras.cmake
[2.851s] -- Installing: /home/cx/ros_using/robot_ws/src/install/status_interfaces/share/status_interfaces/cmake/rosidl_cmake_export_typesupport_targets-extras.cmake
[2.851s] -- Installing: /home/cx/ros_using/robot_ws/src/install/status_interfaces/share/status_interfaces/cmake/rosidl_cmake_export_typesupport_libraries-extras.cmake
[2.851s] -- Installing: /home/cx/ros_using/robot_ws/src/install/status_interfaces/share/status_interfaces/cmake/rosidl_cmake_aggregate_target-extras.cmake
[2.851s] -- Installing: /home/cx/ros_using/robot_ws/src/install/status_interfaces/share/status_interfaces/cmake/status_interfacesConfig.cmake
[2.851s] -- Installing: /home/cx/ros_using/robot_ws/src/install/status_interfaces/share/status_interfaces/cmake/status_interfacesConfig-version.cmake
[2.851s] -- Installing: /home/cx/ros_using/robot_ws/src/install/status_interfaces/share/status_interfaces/package.xml
[2.853s] Invoked command in '/home/cx/ros_using/robot_ws/src/build/status_interfaces' returned '0': CMAKE_PREFIX_PATH=/opt/ros/humble /usr/bin/cmake --install /home/cx/ros_using/robot_ws/src/build/status_interfaces
