[0.548s] Invoking command in '/home/cx/ros_using/robot_ws/src/pub_sub': AMENT_PREFIX_PATH=/home/cx/ros_using/robot_ws/install/status_interfaces:${AMENT_PREFIX_PATH} CMAKE_PREFIX_PATH=/home/cx/ros_using/robot_ws/install/status_interfaces LD_LIBRARY_PATH=/home/cx/ros_using/robot_ws/install/status_interfaces/lib:${LD_LIBRARY_PATH} PYTHONPATH=/home/cx/ros_using/robot_ws/build/demo_python_topic/prefix_override:/usr/lib/python3/dist-packages/colcon_core/task/python/colcon_distutils_commands:/home/cx/ros_using/robot_ws/install/demo_python_topic/lib/python3.10/site-packages:/home/cx/ros_using/robot_ws/install/status_interfaces/local/lib/python3.10/dist-packages:${PYTHONPATH} /usr/bin/python3 -W ignore:setup.py install is deprecated -W ignore:easy_install command is deprecated setup.py egg_info --egg-base ../../build/demo_python_topic build --build-base /home/cx/ros_using/robot_ws/build/demo_python_topic/build install --record /home/cx/ros_using/robot_ws/build/demo_python_topic/install.log --install-scripts $base/lib/demo_python_topic --single-version-externally-managed install_data
[0.706s] running egg_info
[0.707s] creating ../../build/demo_python_topic/demo_python_topic.egg-info
[0.707s] writing ../../build/demo_python_topic/demo_python_topic.egg-info/PKG-INFO
[0.707s] writing dependency_links to ../../build/demo_python_topic/demo_python_topic.egg-info/dependency_links.txt
[0.707s] writing entry points to ../../build/demo_python_topic/demo_python_topic.egg-info/entry_points.txt
[0.708s] writing requirements to ../../build/demo_python_topic/demo_python_topic.egg-info/requires.txt
[0.708s] writing top-level names to ../../build/demo_python_topic/demo_python_topic.egg-info/top_level.txt
[0.708s] writing manifest file '../../build/demo_python_topic/demo_python_topic.egg-info/SOURCES.txt'
[0.709s] reading manifest file '../../build/demo_python_topic/demo_python_topic.egg-info/SOURCES.txt'
[0.709s] adding license file 'LICENSE'
[0.709s] writing manifest file '../../build/demo_python_topic/demo_python_topic.egg-info/SOURCES.txt'
[0.709s] running build
[0.710s] running build_py
[0.710s] creating /home/cx/ros_using/robot_ws/build/demo_python_topic/build
[0.710s] creating /home/cx/ros_using/robot_ws/build/demo_python_topic/build/lib
[0.710s] creating /home/cx/ros_using/robot_ws/build/demo_python_topic/build/lib/demo_python_topic
[0.710s] copying demo_python_topic/ID_pub_node.py -> /home/cx/ros_using/robot_ws/build/demo_python_topic/build/lib/demo_python_topic
[0.710s] copying demo_python_topic/ID_sub_node.py -> /home/cx/ros_using/robot_ws/build/demo_python_topic/build/lib/demo_python_topic
[0.710s] copying demo_python_topic/__init__.py -> /home/cx/ros_using/robot_ws/build/demo_python_topic/build/lib/demo_python_topic
[0.710s] running install
[0.710s] running install_lib
[0.711s] creating /home/cx/ros_using/robot_ws/install/demo_python_topic/lib/python3.10/site-packages/demo_python_topic
[0.711s] copying /home/cx/ros_using/robot_ws/build/demo_python_topic/build/lib/demo_python_topic/ID_pub_node.py -> /home/cx/ros_using/robot_ws/install/demo_python_topic/lib/python3.10/site-packages/demo_python_topic
[0.711s] copying /home/cx/ros_using/robot_ws/build/demo_python_topic/build/lib/demo_python_topic/ID_sub_node.py -> /home/cx/ros_using/robot_ws/install/demo_python_topic/lib/python3.10/site-packages/demo_python_topic
[0.711s] copying /home/cx/ros_using/robot_ws/build/demo_python_topic/build/lib/demo_python_topic/__init__.py -> /home/cx/ros_using/robot_ws/install/demo_python_topic/lib/python3.10/site-packages/demo_python_topic
[0.712s] byte-compiling /home/cx/ros_using/robot_ws/install/demo_python_topic/lib/python3.10/site-packages/demo_python_topic/ID_pub_node.py to ID_pub_node.cpython-310.pyc
[0.712s] byte-compiling /home/cx/ros_using/robot_ws/install/demo_python_topic/lib/python3.10/site-packages/demo_python_topic/ID_sub_node.py to ID_sub_node.cpython-310.pyc
[0.713s] byte-compiling /home/cx/ros_using/robot_ws/install/demo_python_topic/lib/python3.10/site-packages/demo_python_topic/__init__.py to __init__.cpython-310.pyc
[0.713s] running install_data
[0.713s] creating /home/cx/ros_using/robot_ws/install/demo_python_topic/share/ament_index
[0.713s] creating /home/cx/ros_using/robot_ws/install/demo_python_topic/share/ament_index/resource_index
[0.713s] creating /home/cx/ros_using/robot_ws/install/demo_python_topic/share/ament_index/resource_index/packages
[0.713s] copying resource/demo_python_topic -> /home/cx/ros_using/robot_ws/install/demo_python_topic/share/ament_index/resource_index/packages
[0.713s] copying package.xml -> /home/cx/ros_using/robot_ws/install/demo_python_topic/share/demo_python_topic
[0.713s] running install_egg_info
[0.716s] Copying ../../build/demo_python_topic/demo_python_topic.egg-info to /home/cx/ros_using/robot_ws/install/demo_python_topic/lib/python3.10/site-packages/demo_python_topic-0.0.0-py3.10.egg-info
[0.716s] running install_scripts
[0.736s] Installing ID_pub_node script to /home/cx/ros_using/robot_ws/install/demo_python_topic/lib/demo_python_topic
[0.736s] Installing ID_sub_node script to /home/cx/ros_using/robot_ws/install/demo_python_topic/lib/demo_python_topic
[0.737s] writing list of installed files to '/home/cx/ros_using/robot_ws/build/demo_python_topic/install.log'
[0.761s] Invoked command in '/home/cx/ros_using/robot_ws/src/pub_sub' returned '0': AMENT_PREFIX_PATH=/home/cx/ros_using/robot_ws/install/status_interfaces:${AMENT_PREFIX_PATH} CMAKE_PREFIX_PATH=/home/cx/ros_using/robot_ws/install/status_interfaces LD_LIBRARY_PATH=/home/cx/ros_using/robot_ws/install/status_interfaces/lib:${LD_LIBRARY_PATH} PYTHONPATH=/home/cx/ros_using/robot_ws/build/demo_python_topic/prefix_override:/usr/lib/python3/dist-packages/colcon_core/task/python/colcon_distutils_commands:/home/cx/ros_using/robot_ws/install/demo_python_topic/lib/python3.10/site-packages:/home/cx/ros_using/robot_ws/install/status_interfaces/local/lib/python3.10/dist-packages:${PYTHONPATH} /usr/bin/python3 -W ignore:setup.py install is deprecated -W ignore:easy_install command is deprecated setup.py egg_info --egg-base ../../build/demo_python_topic build --build-base /home/cx/ros_using/robot_ws/build/demo_python_topic/build install --record /home/cx/ros_using/robot_ws/build/demo_python_topic/install.log --install-scripts $base/lib/demo_python_topic --single-version-externally-managed install_data
