[0.008s] Invoking command in '/home/cx/ros_using/robot_ws/src/build/calculation_interfaces': CMAKE_PREFIX_PATH=/opt/ros/humble /usr/bin/cmake /home/cx/ros_using/robot_ws/src/calculation_interfaces -DCMAKE_INSTALL_PREFIX=/home/cx/ros_using/robot_ws/src/install/calculation_interfaces
[0.086s] -- The C compiler identification is GNU 11.4.0
[0.166s] -- The CXX compiler identification is GNU 11.4.0
[0.173s] -- Detecting C compiler ABI info
[0.233s] -- Detecting C compiler ABI info - done
[0.238s] -- Check for working C compiler: /usr/bin/cc - skipped
[0.238s] -- Detecting C compile features
[0.238s] -- Detecting C compile features - done
[0.241s] -- Detecting CXX compiler ABI info
[0.295s] -- Detecting CXX compiler ABI info - done
[0.299s] -- Check for working CXX compiler: /usr/bin/c++ - skipped
[0.300s] -- Detecting CXX compile features
[0.300s] -- Detecting CXX compile features - done
[0.302s] -- Found ament_cmake: 1.3.14 (/opt/ros/humble/share/ament_cmake/cmake)
[0.402s] -- Found Python3: /usr/bin/python3 (found version "3.10.12") found components: Interpreter 
[0.462s] -- Found rosidl_default_generators: 1.2.1 (/opt/ros/humble/share/rosidl_default_generators/cmake)
[0.464s] -- Using all available rosidl_typesupport_c: rosidl_typesupport_fastrtps_c;rosidl_typesupport_introspection_c
[0.468s] -- Found rosidl_adapter: 3.1.9 (/opt/ros/humble/share/rosidl_adapter/cmake)
[0.495s] -- Using all available rosidl_typesupport_cpp: rosidl_typesupport_fastrtps_cpp;rosidl_typesupport_introspection_cpp
[0.678s] -- Found ament_cmake_ros: 0.10.0 (/opt/ros/humble/share/ament_cmake_ros/cmake)
[0.796s] -- Using all available rosidl_typesupport_c: rosidl_typesupport_fastrtps_c;rosidl_typesupport_introspection_c
[0.945s] -- Using all available rosidl_typesupport_cpp: rosidl_typesupport_fastrtps_cpp;rosidl_typesupport_introspection_cpp
[0.959s] -- Found PythonInterp: /usr/bin/python3 (found suitable version "3.10.12", minimum required is "3.6") 
[0.960s] -- Found python_cmake_module: 0.10.0 (/opt/ros/humble/share/python_cmake_module/cmake)
[0.978s] -- Found PythonLibs: /usr/lib/x86_64-linux-gnu/libpython3.10.so (found suitable version "3.10.12", minimum required is "3.5") 
[0.978s] -- Using PYTHON_EXECUTABLE: /usr/bin/python3
[0.978s] -- Using PYTHON_INCLUDE_DIRS: /usr/include/python3.10
[0.978s] -- Using PYTHON_LIBRARIES: /usr/lib/x86_64-linux-gnu/libpython3.10.so
[0.991s] -- Found PythonExtra: .so  
[1.053s] -- Found ament_lint_auto: 0.12.15 (/opt/ros/humble/share/ament_lint_auto/cmake)
[1.067s] -- Added test 'lint_cmake' to check CMake code style
[1.068s] -- Added test 'xmllint' to check XML markup files
[1.070s] -- Configuring done
[1.085s] -- Generating done
[1.091s] -- Build files have been written to: /home/cx/ros_using/robot_ws/src/build/calculation_interfaces
[1.097s] Invoked command in '/home/cx/ros_using/robot_ws/src/build/calculation_interfaces' returned '0': CMAKE_PREFIX_PATH=/opt/ros/humble /usr/bin/cmake /home/cx/ros_using/robot_ws/src/calculation_interfaces -DCMAKE_INSTALL_PREFIX=/home/cx/ros_using/robot_ws/src/install/calculation_interfaces
[1.098s] Invoking command in '/home/cx/ros_using/robot_ws/src/build/calculation_interfaces': CMAKE_PREFIX_PATH=/opt/ros/humble /usr/bin/cmake --build /home/cx/ros_using/robot_ws/src/build/calculation_interfaces -- -j12 -l12
[1.124s] [  3%] [34m[1mGenerating C code for ROS interfaces[0m
[1.132s] [  6%] [34m[1mGenerating Rust code for ROS interfaces[0m
[1.134s] [  9%] [34m[1mGenerating C++ code for ROS interfaces[0m
[1.139s] [  9%] Built target ament_cmake_python_copy_calculation_interfaces
[1.317s] running egg_info
[1.318s] creating calculation_interfaces.egg-info
[1.318s] writing calculation_interfaces.egg-info/PKG-INFO
[1.318s] writing dependency_links to calculation_interfaces.egg-info/dependency_links.txt
[1.319s] writing top-level names to calculation_interfaces.egg-info/top_level.txt
[1.319s] writing manifest file 'calculation_interfaces.egg-info/SOURCES.txt'
[1.320s] reading manifest file 'calculation_interfaces.egg-info/SOURCES.txt'
[1.321s] writing manifest file 'calculation_interfaces.egg-info/SOURCES.txt'
[1.347s] [  9%] Built target ament_cmake_python_build_calculation_interfaces_egg
[1.391s] [  9%] Built target calculation_interfaces__cpp
[1.395s] [  9%] Built target calculation_interfaces__rs
[1.398s] [ 15%] [34m[1mGenerating C++ type support dispatch for ROS interfaces[0m
[1.398s] [ 15%] [34m[1mGenerating C++ introspection for ROS interfaces[0m
[1.400s] [ 18%] [34m[1mGenerating C++ type support for eProsima Fast-RTPS[0m
[1.417s] [ 21%] [32mBuilding C object CMakeFiles/calculation_interfaces__rosidl_generator_c.dir/rosidl_generator_c/calculation_interfaces/msg/detail/calculation_result__functions.c.o[0m
[1.465s] [ 25%] [32m[1mLinking C shared library libcalculation_interfaces__rosidl_generator_c.so[0m
[1.504s] [ 25%] Built target calculation_interfaces__rosidl_generator_c
[1.515s] [ 28%] [34m[1mGenerating C introspection for ROS interfaces[0m
[1.515s] [ 31%] [34m[1mGenerating C type support dispatch for ROS interfaces[0m
[1.515s] [ 34%] [34m[1mGenerating C type support for eProsima Fast-RTPS[0m
[1.712s] [ 37%] [32mBuilding CXX object CMakeFiles/calculation_interfaces__rosidl_typesupport_introspection_cpp.dir/rosidl_typesupport_introspection_cpp/calculation_interfaces/msg/detail/calculation_result__type_support.cpp.o[0m
[1.717s] [ 40%] [32mBuilding CXX object CMakeFiles/calculation_interfaces__rosidl_typesupport_cpp.dir/rosidl_typesupport_cpp/calculation_interfaces/msg/calculation_result__type_support.cpp.o[0m
[1.737s] [ 43%] [32mBuilding CXX object CMakeFiles/calculation_interfaces__rosidl_typesupport_fastrtps_cpp.dir/rosidl_typesupport_fastrtps_cpp/calculation_interfaces/msg/detail/dds_fastrtps/calculation_result__type_support.cpp.o[0m
[1.795s] [ 46%] [32mBuilding CXX object CMakeFiles/calculation_interfaces__rosidl_typesupport_c.dir/rosidl_typesupport_c/calculation_interfaces/msg/calculation_result__type_support.cpp.o[0m
[1.829s] [ 50%] [32mBuilding C object CMakeFiles/calculation_interfaces__rosidl_typesupport_introspection_c.dir/rosidl_typesupport_introspection_c/calculation_interfaces/msg/detail/calculation_result__type_support.c.o[0m
[1.848s] [ 53%] [32mBuilding CXX object CMakeFiles/calculation_interfaces__rosidl_typesupport_fastrtps_c.dir/rosidl_typesupport_fastrtps_c/calculation_interfaces/msg/detail/calculation_result__type_support_c.cpp.o[0m
[1.854s] [ 56%] [32m[1mLinking CXX shared library libcalculation_interfaces__rosidl_typesupport_c.so[0m
[1.866s] [ 59%] [32m[1mLinking C shared library libcalculation_interfaces__rosidl_typesupport_introspection_c.so[0m
[1.898s] [ 59%] Built target calculation_interfaces__rosidl_typesupport_c
[1.900s] [ 59%] Built target calculation_interfaces__rosidl_typesupport_introspection_c
[2.046s] [ 62%] [32m[1mLinking CXX shared library libcalculation_interfaces__rosidl_typesupport_cpp.so[0m
[2.076s] [ 62%] Built target calculation_interfaces__rosidl_typesupport_cpp
[2.086s] [ 65%] [32m[1mLinking CXX shared library libcalculation_interfaces__rosidl_typesupport_fastrtps_cpp.so[0m
[2.120s] [ 68%] [32m[1mLinking CXX shared library libcalculation_interfaces__rosidl_typesupport_fastrtps_c.so[0m
[2.170s] [ 68%] Built target calculation_interfaces__rosidl_typesupport_fastrtps_cpp
[2.199s] [ 68%] Built target calculation_interfaces__rosidl_typesupport_fastrtps_c
[2.213s] [ 71%] [32m[1mLinking CXX shared library libcalculation_interfaces__rosidl_typesupport_introspection_cpp.so[0m
[2.278s] [ 71%] Built target calculation_interfaces__rosidl_typesupport_introspection_cpp
[2.295s] [ 71%] Built target calculation_interfaces
[2.307s] [ 75%] [34m[1mGenerating Python code for ROS interfaces[0m
[2.513s] [ 75%] Built target calculation_interfaces__py
[2.530s] [ 78%] [32mBuilding C object CMakeFiles/calculation_interfaces__rosidl_generator_py.dir/rosidl_generator_py/calculation_interfaces/msg/_calculation_result_s.c.o[0m
[2.618s] [ 81%] [32m[1mLinking C shared library rosidl_generator_py/calculation_interfaces/libcalculation_interfaces__rosidl_generator_py.so[0m
[2.648s] [ 81%] Built target calculation_interfaces__rosidl_generator_py
[2.662s] [ 84%] [32mBuilding C object CMakeFiles/calculation_interfaces__rosidl_typesupport_fastrtps_c__pyext.dir/rosidl_generator_py/calculation_interfaces/_calculation_interfaces_s.ep.rosidl_typesupport_fastrtps_c.c.o[0m
[2.662s] [ 87%] [32mBuilding C object CMakeFiles/calculation_interfaces__rosidl_typesupport_introspection_c__pyext.dir/rosidl_generator_py/calculation_interfaces/_calculation_interfaces_s.ep.rosidl_typesupport_introspection_c.c.o[0m
[2.667s] [ 90%] [32mBuilding C object CMakeFiles/calculation_interfaces__rosidl_typesupport_c__pyext.dir/rosidl_generator_py/calculation_interfaces/_calculation_interfaces_s.ep.rosidl_typesupport_c.c.o[0m
[2.729s] [ 93%] [32m[1mLinking C shared library rosidl_generator_py/calculation_interfaces/calculation_interfaces_s__rosidl_typesupport_c.cpython-310-x86_64-linux-gnu.so[0m
[2.731s] [ 96%] [32m[1mLinking C shared library rosidl_generator_py/calculation_interfaces/calculation_interfaces_s__rosidl_typesupport_fastrtps_c.cpython-310-x86_64-linux-gnu.so[0m
[2.751s] [100%] [32m[1mLinking C shared library rosidl_generator_py/calculation_interfaces/calculation_interfaces_s__rosidl_typesupport_introspection_c.cpython-310-x86_64-linux-gnu.so[0m
[2.755s] [100%] Built target calculation_interfaces__rosidl_typesupport_c__pyext
[2.767s] [100%] Built target calculation_interfaces__rosidl_typesupport_fastrtps_c__pyext
[2.787s] [100%] Built target calculation_interfaces__rosidl_typesupport_introspection_c__pyext
[2.799s] Invoked command in '/home/cx/ros_using/robot_ws/src/build/calculation_interfaces' returned '0': CMAKE_PREFIX_PATH=/opt/ros/humble /usr/bin/cmake --build /home/cx/ros_using/robot_ws/src/build/calculation_interfaces -- -j12 -l12
[2.807s] Invoking command in '/home/cx/ros_using/robot_ws/src/build/calculation_interfaces': CMAKE_PREFIX_PATH=/opt/ros/humble /usr/bin/cmake --install /home/cx/ros_using/robot_ws/src/build/calculation_interfaces
[2.813s] -- Install configuration: ""
[2.814s] -- Installing: /home/cx/ros_using/robot_ws/src/install/calculation_interfaces/share/ament_index/resource_index/rosidl_interfaces/calculation_interfaces
[2.814s] -- Installing: /home/cx/ros_using/robot_ws/src/install/calculation_interfaces/include/calculation_interfaces/calculation_interfaces
[2.814s] -- Installing: /home/cx/ros_using/robot_ws/src/install/calculation_interfaces/include/calculation_interfaces/calculation_interfaces/msg
[2.814s] -- Installing: /home/cx/ros_using/robot_ws/src/install/calculation_interfaces/include/calculation_interfaces/calculation_interfaces/msg/detail
[2.814s] -- Installing: /home/cx/ros_using/robot_ws/src/install/calculation_interfaces/include/calculation_interfaces/calculation_interfaces/msg/detail/calculation_result__functions.c
[2.814s] -- Installing: /home/cx/ros_using/robot_ws/src/install/calculation_interfaces/include/calculation_interfaces/calculation_interfaces/msg/detail/calculation_result__functions.h
[2.814s] -- Installing: /home/cx/ros_using/robot_ws/src/install/calculation_interfaces/include/calculation_interfaces/calculation_interfaces/msg/detail/calculation_result__struct.h
[2.814s] -- Installing: /home/cx/ros_using/robot_ws/src/install/calculation_interfaces/include/calculation_interfaces/calculation_interfaces/msg/detail/calculation_result__type_support.h
[2.814s] -- Installing: /home/cx/ros_using/robot_ws/src/install/calculation_interfaces/include/calculation_interfaces/calculation_interfaces/msg/calculation_result.h
[2.814s] -- Installing: /home/cx/ros_using/robot_ws/src/install/calculation_interfaces/include/calculation_interfaces/calculation_interfaces/msg/rosidl_generator_c__visibility_control.h
[2.815s] -- Installing: /home/cx/ros_using/robot_ws/src/install/calculation_interfaces/share/calculation_interfaces/environment/library_path.sh
[2.815s] -- Installing: /home/cx/ros_using/robot_ws/src/install/calculation_interfaces/share/calculation_interfaces/environment/library_path.dsv
[2.815s] -- Installing: /home/cx/ros_using/robot_ws/src/install/calculation_interfaces/lib/libcalculation_interfaces__rosidl_generator_c.so
[2.815s] -- Set runtime path of "/home/cx/ros_using/robot_ws/src/install/calculation_interfaces/lib/libcalculation_interfaces__rosidl_generator_c.so" to ""
[2.815s] -- Up-to-date: /home/cx/ros_using/robot_ws/src/install/calculation_interfaces/include/calculation_interfaces/calculation_interfaces
[2.815s] -- Up-to-date: /home/cx/ros_using/robot_ws/src/install/calculation_interfaces/include/calculation_interfaces/calculation_interfaces/msg
[2.815s] -- Installing: /home/cx/ros_using/robot_ws/src/install/calculation_interfaces/include/calculation_interfaces/calculation_interfaces/msg/rosidl_typesupport_fastrtps_c__visibility_control.h
[2.815s] -- Up-to-date: /home/cx/ros_using/robot_ws/src/install/calculation_interfaces/include/calculation_interfaces/calculation_interfaces/msg/detail
[2.815s] -- Installing: /home/cx/ros_using/robot_ws/src/install/calculation_interfaces/include/calculation_interfaces/calculation_interfaces/msg/detail/calculation_result__rosidl_typesupport_fastrtps_c.h
[2.815s] -- Installing: /home/cx/ros_using/robot_ws/src/install/calculation_interfaces/lib/libcalculation_interfaces__rosidl_typesupport_fastrtps_c.so
[2.815s] -- Set runtime path of "/home/cx/ros_using/robot_ws/src/install/calculation_interfaces/lib/libcalculation_interfaces__rosidl_typesupport_fastrtps_c.so" to ""
[2.816s] -- Up-to-date: /home/cx/ros_using/robot_ws/src/install/calculation_interfaces/include/calculation_interfaces/calculation_interfaces
[2.816s] -- Up-to-date: /home/cx/ros_using/robot_ws/src/install/calculation_interfaces/include/calculation_interfaces/calculation_interfaces/msg
[2.816s] -- Up-to-date: /home/cx/ros_using/robot_ws/src/install/calculation_interfaces/include/calculation_interfaces/calculation_interfaces/msg/detail
[2.816s] -- Installing: /home/cx/ros_using/robot_ws/src/install/calculation_interfaces/include/calculation_interfaces/calculation_interfaces/msg/detail/calculation_result__type_support.c
[2.816s] -- Installing: /home/cx/ros_using/robot_ws/src/install/calculation_interfaces/include/calculation_interfaces/calculation_interfaces/msg/detail/calculation_result__rosidl_typesupport_introspection_c.h
[2.816s] -- Installing: /home/cx/ros_using/robot_ws/src/install/calculation_interfaces/include/calculation_interfaces/calculation_interfaces/msg/rosidl_typesupport_introspection_c__visibility_control.h
[2.816s] -- Installing: /home/cx/ros_using/robot_ws/src/install/calculation_interfaces/lib/libcalculation_interfaces__rosidl_typesupport_introspection_c.so
[2.816s] -- Set runtime path of "/home/cx/ros_using/robot_ws/src/install/calculation_interfaces/lib/libcalculation_interfaces__rosidl_typesupport_introspection_c.so" to ""
[2.816s] -- Installing: /home/cx/ros_using/robot_ws/src/install/calculation_interfaces/lib/libcalculation_interfaces__rosidl_typesupport_c.so
[2.816s] -- Set runtime path of "/home/cx/ros_using/robot_ws/src/install/calculation_interfaces/lib/libcalculation_interfaces__rosidl_typesupport_c.so" to ""
[2.816s] -- Up-to-date: /home/cx/ros_using/robot_ws/src/install/calculation_interfaces/include/calculation_interfaces/calculation_interfaces
[2.816s] -- Up-to-date: /home/cx/ros_using/robot_ws/src/install/calculation_interfaces/include/calculation_interfaces/calculation_interfaces/msg
[2.817s] -- Installing: /home/cx/ros_using/robot_ws/src/install/calculation_interfaces/include/calculation_interfaces/calculation_interfaces/msg/calculation_result.hpp
[2.817s] -- Up-to-date: /home/cx/ros_using/robot_ws/src/install/calculation_interfaces/include/calculation_interfaces/calculation_interfaces/msg/detail
[2.817s] -- Installing: /home/cx/ros_using/robot_ws/src/install/calculation_interfaces/include/calculation_interfaces/calculation_interfaces/msg/detail/calculation_result__traits.hpp
[2.817s] -- Installing: /home/cx/ros_using/robot_ws/src/install/calculation_interfaces/include/calculation_interfaces/calculation_interfaces/msg/detail/calculation_result__builder.hpp
[2.817s] -- Installing: /home/cx/ros_using/robot_ws/src/install/calculation_interfaces/include/calculation_interfaces/calculation_interfaces/msg/detail/calculation_result__type_support.hpp
[2.817s] -- Installing: /home/cx/ros_using/robot_ws/src/install/calculation_interfaces/include/calculation_interfaces/calculation_interfaces/msg/detail/calculation_result__struct.hpp
[2.817s] -- Installing: /home/cx/ros_using/robot_ws/src/install/calculation_interfaces/include/calculation_interfaces/calculation_interfaces/msg/rosidl_generator_cpp__visibility_control.hpp
[2.817s] -- Up-to-date: /home/cx/ros_using/robot_ws/src/install/calculation_interfaces/include/calculation_interfaces/calculation_interfaces
[2.817s] -- Up-to-date: /home/cx/ros_using/robot_ws/src/install/calculation_interfaces/include/calculation_interfaces/calculation_interfaces/msg
[2.817s] -- Up-to-date: /home/cx/ros_using/robot_ws/src/install/calculation_interfaces/include/calculation_interfaces/calculation_interfaces/msg/detail
[2.817s] -- Installing: /home/cx/ros_using/robot_ws/src/install/calculation_interfaces/include/calculation_interfaces/calculation_interfaces/msg/detail/calculation_result__rosidl_typesupport_fastrtps_cpp.hpp
[2.818s] -- Installing: /home/cx/ros_using/robot_ws/src/install/calculation_interfaces/include/calculation_interfaces/calculation_interfaces/msg/detail/dds_fastrtps
[2.818s] -- Installing: /home/cx/ros_using/robot_ws/src/install/calculation_interfaces/include/calculation_interfaces/calculation_interfaces/msg/rosidl_typesupport_fastrtps_cpp__visibility_control.h
[2.818s] -- Installing: /home/cx/ros_using/robot_ws/src/install/calculation_interfaces/lib/libcalculation_interfaces__rosidl_typesupport_fastrtps_cpp.so
[2.818s] -- Set runtime path of "/home/cx/ros_using/robot_ws/src/install/calculation_interfaces/lib/libcalculation_interfaces__rosidl_typesupport_fastrtps_cpp.so" to ""
[2.818s] -- Up-to-date: /home/cx/ros_using/robot_ws/src/install/calculation_interfaces/include/calculation_interfaces/calculation_interfaces
[2.818s] -- Up-to-date: /home/cx/ros_using/robot_ws/src/install/calculation_interfaces/include/calculation_interfaces/calculation_interfaces/msg
[2.818s] -- Up-to-date: /home/cx/ros_using/robot_ws/src/install/calculation_interfaces/include/calculation_interfaces/calculation_interfaces/msg/detail
[2.818s] -- Installing: /home/cx/ros_using/robot_ws/src/install/calculation_interfaces/include/calculation_interfaces/calculation_interfaces/msg/detail/calculation_result__rosidl_typesupport_introspection_cpp.hpp
[2.818s] -- Installing: /home/cx/ros_using/robot_ws/src/install/calculation_interfaces/include/calculation_interfaces/calculation_interfaces/msg/detail/calculation_result__type_support.cpp
[2.818s] -- Installing: /home/cx/ros_using/robot_ws/src/install/calculation_interfaces/lib/libcalculation_interfaces__rosidl_typesupport_introspection_cpp.so
[2.818s] -- Set runtime path of "/home/cx/ros_using/robot_ws/src/install/calculation_interfaces/lib/libcalculation_interfaces__rosidl_typesupport_introspection_cpp.so" to ""
[2.819s] -- Installing: /home/cx/ros_using/robot_ws/src/install/calculation_interfaces/lib/libcalculation_interfaces__rosidl_typesupport_cpp.so
[2.819s] -- Set runtime path of "/home/cx/ros_using/robot_ws/src/install/calculation_interfaces/lib/libcalculation_interfaces__rosidl_typesupport_cpp.so" to ""
[2.819s] -- Installing: /home/cx/ros_using/robot_ws/src/install/calculation_interfaces/share/calculation_interfaces/environment/pythonpath.sh
[2.819s] -- Installing: /home/cx/ros_using/robot_ws/src/install/calculation_interfaces/share/calculation_interfaces/environment/pythonpath.dsv
[2.819s] -- Installing: /home/cx/ros_using/robot_ws/src/install/calculation_interfaces/local/lib/python3.10/dist-packages/calculation_interfaces-0.0.0-py3.10.egg-info
[2.819s] -- Installing: /home/cx/ros_using/robot_ws/src/install/calculation_interfaces/local/lib/python3.10/dist-packages/calculation_interfaces-0.0.0-py3.10.egg-info/SOURCES.txt
[2.819s] -- Installing: /home/cx/ros_using/robot_ws/src/install/calculation_interfaces/local/lib/python3.10/dist-packages/calculation_interfaces-0.0.0-py3.10.egg-info/PKG-INFO
[2.819s] -- Installing: /home/cx/ros_using/robot_ws/src/install/calculation_interfaces/local/lib/python3.10/dist-packages/calculation_interfaces-0.0.0-py3.10.egg-info/top_level.txt
[2.819s] -- Installing: /home/cx/ros_using/robot_ws/src/install/calculation_interfaces/local/lib/python3.10/dist-packages/calculation_interfaces-0.0.0-py3.10.egg-info/dependency_links.txt
[2.819s] -- Installing: /home/cx/ros_using/robot_ws/src/install/calculation_interfaces/local/lib/python3.10/dist-packages/calculation_interfaces
[2.819s] -- Installing: /home/cx/ros_using/robot_ws/src/install/calculation_interfaces/local/lib/python3.10/dist-packages/calculation_interfaces/calculation_interfaces_s__rosidl_typesupport_fastrtps_c.cpython-310-x86_64-linux-gnu.so
[2.819s] -- Installing: /home/cx/ros_using/robot_ws/src/install/calculation_interfaces/local/lib/python3.10/dist-packages/calculation_interfaces/calculation_interfaces_s__rosidl_typesupport_c.cpython-310-x86_64-linux-gnu.so
[2.819s] -- Installing: /home/cx/ros_using/robot_ws/src/install/calculation_interfaces/local/lib/python3.10/dist-packages/calculation_interfaces/calculation_interfaces_s__rosidl_typesupport_introspection_c.cpython-310-x86_64-linux-gnu.so
[2.820s] -- Installing: /home/cx/ros_using/robot_ws/src/install/calculation_interfaces/local/lib/python3.10/dist-packages/calculation_interfaces/_calculation_interfaces_s.ep.rosidl_typesupport_introspection_c.c
[2.820s] -- Installing: /home/cx/ros_using/robot_ws/src/install/calculation_interfaces/local/lib/python3.10/dist-packages/calculation_interfaces/_calculation_interfaces_s.ep.rosidl_typesupport_c.c
[2.820s] -- Installing: /home/cx/ros_using/robot_ws/src/install/calculation_interfaces/local/lib/python3.10/dist-packages/calculation_interfaces/_calculation_interfaces_s.ep.rosidl_typesupport_fastrtps_c.c
[2.820s] -- Installing: /home/cx/ros_using/robot_ws/src/install/calculation_interfaces/local/lib/python3.10/dist-packages/calculation_interfaces/msg
[2.820s] -- Installing: /home/cx/ros_using/robot_ws/src/install/calculation_interfaces/local/lib/python3.10/dist-packages/calculation_interfaces/msg/_calculation_result.py
[2.820s] -- Installing: /home/cx/ros_using/robot_ws/src/install/calculation_interfaces/local/lib/python3.10/dist-packages/calculation_interfaces/msg/_calculation_result_s.c
[2.820s] -- Installing: /home/cx/ros_using/robot_ws/src/install/calculation_interfaces/local/lib/python3.10/dist-packages/calculation_interfaces/msg/__init__.py
[2.820s] -- Installing: /home/cx/ros_using/robot_ws/src/install/calculation_interfaces/local/lib/python3.10/dist-packages/calculation_interfaces/__init__.py
[2.820s] -- Installing: /home/cx/ros_using/robot_ws/src/install/calculation_interfaces/local/lib/python3.10/dist-packages/calculation_interfaces/libcalculation_interfaces__rosidl_generator_py.so
[2.844s] Listing '/home/cx/ros_using/robot_ws/src/install/calculation_interfaces/local/lib/python3.10/dist-packages/calculation_interfaces'...
[2.844s] Compiling '/home/cx/ros_using/robot_ws/src/install/calculation_interfaces/local/lib/python3.10/dist-packages/calculation_interfaces/__init__.py'...
[2.844s] Listing '/home/cx/ros_using/robot_ws/src/install/calculation_interfaces/local/lib/python3.10/dist-packages/calculation_interfaces/msg'...
[2.844s] Compiling '/home/cx/ros_using/robot_ws/src/install/calculation_interfaces/local/lib/python3.10/dist-packages/calculation_interfaces/msg/__init__.py'...
[2.844s] Compiling '/home/cx/ros_using/robot_ws/src/install/calculation_interfaces/local/lib/python3.10/dist-packages/calculation_interfaces/msg/_calculation_result.py'...
[2.847s] -- Installing: /home/cx/ros_using/robot_ws/src/install/calculation_interfaces/local/lib/python3.10/dist-packages/calculation_interfaces/calculation_interfaces_s__rosidl_typesupport_fastrtps_c.cpython-310-x86_64-linux-gnu.so
[2.848s] -- Set runtime path of "/home/cx/ros_using/robot_ws/src/install/calculation_interfaces/local/lib/python3.10/dist-packages/calculation_interfaces/calculation_interfaces_s__rosidl_typesupport_fastrtps_c.cpython-310-x86_64-linux-gnu.so" to ""
[2.848s] -- Installing: /home/cx/ros_using/robot_ws/src/install/calculation_interfaces/local/lib/python3.10/dist-packages/calculation_interfaces/calculation_interfaces_s__rosidl_typesupport_introspection_c.cpython-310-x86_64-linux-gnu.so
[2.848s] -- Set runtime path of "/home/cx/ros_using/robot_ws/src/install/calculation_interfaces/local/lib/python3.10/dist-packages/calculation_interfaces/calculation_interfaces_s__rosidl_typesupport_introspection_c.cpython-310-x86_64-linux-gnu.so" to ""
[2.848s] -- Installing: /home/cx/ros_using/robot_ws/src/install/calculation_interfaces/local/lib/python3.10/dist-packages/calculation_interfaces/calculation_interfaces_s__rosidl_typesupport_c.cpython-310-x86_64-linux-gnu.so
[2.849s] -- Set runtime path of "/home/cx/ros_using/robot_ws/src/install/calculation_interfaces/local/lib/python3.10/dist-packages/calculation_interfaces/calculation_interfaces_s__rosidl_typesupport_c.cpython-310-x86_64-linux-gnu.so" to ""
[2.849s] -- Installing: /home/cx/ros_using/robot_ws/src/install/calculation_interfaces/lib/libcalculation_interfaces__rosidl_generator_py.so
[2.849s] -- Set runtime path of "/home/cx/ros_using/robot_ws/src/install/calculation_interfaces/lib/libcalculation_interfaces__rosidl_generator_py.so" to ""
[2.849s] -- Installing: /home/cx/ros_using/robot_ws/src/install/calculation_interfaces/share/ament_index/resource_index/rust_packages/calculation_interfaces
[2.849s] -- Installing: /home/cx/ros_using/robot_ws/src/install/calculation_interfaces/share/calculation_interfaces/rust
[2.849s] -- Installing: /home/cx/ros_using/robot_ws/src/install/calculation_interfaces/share/calculation_interfaces/rust/build.rs
[2.849s] -- Installing: /home/cx/ros_using/robot_ws/src/install/calculation_interfaces/share/calculation_interfaces/rust/src
[2.849s] -- Installing: /home/cx/ros_using/robot_ws/src/install/calculation_interfaces/share/calculation_interfaces/rust/src/lib.rs
[2.849s] -- Installing: /home/cx/ros_using/robot_ws/src/install/calculation_interfaces/share/calculation_interfaces/rust/src/msg
[2.850s] -- Installing: /home/cx/ros_using/robot_ws/src/install/calculation_interfaces/share/calculation_interfaces/rust/src/msg/rmw.rs
[2.850s] -- Installing: /home/cx/ros_using/robot_ws/src/install/calculation_interfaces/share/calculation_interfaces/rust/src/msg.rs
[2.850s] -- Installing: /home/cx/ros_using/robot_ws/src/install/calculation_interfaces/share/calculation_interfaces/rust/Cargo.toml
[2.850s] -- Installing: /home/cx/ros_using/robot_ws/src/install/calculation_interfaces/share/calculation_interfaces/msg/CalculationResult.idl
[2.850s] -- Installing: /home/cx/ros_using/robot_ws/src/install/calculation_interfaces/share/calculation_interfaces/msg/CalculationResult.msg
[2.850s] -- Installing: /home/cx/ros_using/robot_ws/src/install/calculation_interfaces/share/ament_index/resource_index/package_run_dependencies/calculation_interfaces
[2.850s] -- Installing: /home/cx/ros_using/robot_ws/src/install/calculation_interfaces/share/ament_index/resource_index/parent_prefix_path/calculation_interfaces
[2.850s] -- Installing: /home/cx/ros_using/robot_ws/src/install/calculation_interfaces/share/calculation_interfaces/environment/ament_prefix_path.sh
[2.851s] -- Installing: /home/cx/ros_using/robot_ws/src/install/calculation_interfaces/share/calculation_interfaces/environment/ament_prefix_path.dsv
[2.851s] -- Installing: /home/cx/ros_using/robot_ws/src/install/calculation_interfaces/share/calculation_interfaces/environment/path.sh
[2.851s] -- Installing: /home/cx/ros_using/robot_ws/src/install/calculation_interfaces/share/calculation_interfaces/environment/path.dsv
[2.851s] -- Installing: /home/cx/ros_using/robot_ws/src/install/calculation_interfaces/share/calculation_interfaces/local_setup.bash
[2.851s] -- Installing: /home/cx/ros_using/robot_ws/src/install/calculation_interfaces/share/calculation_interfaces/local_setup.sh
[2.851s] -- Installing: /home/cx/ros_using/robot_ws/src/install/calculation_interfaces/share/calculation_interfaces/local_setup.zsh
[2.851s] -- Installing: /home/cx/ros_using/robot_ws/src/install/calculation_interfaces/share/calculation_interfaces/local_setup.dsv
[2.851s] -- Installing: /home/cx/ros_using/robot_ws/src/install/calculation_interfaces/share/calculation_interfaces/package.dsv
[2.851s] -- Installing: /home/cx/ros_using/robot_ws/src/install/calculation_interfaces/share/ament_index/resource_index/packages/calculation_interfaces
[2.852s] -- Installing: /home/cx/ros_using/robot_ws/src/install/calculation_interfaces/share/calculation_interfaces/cmake/export_calculation_interfaces__rosidl_generator_cExport.cmake
[2.852s] -- Installing: /home/cx/ros_using/robot_ws/src/install/calculation_interfaces/share/calculation_interfaces/cmake/export_calculation_interfaces__rosidl_generator_cExport-noconfig.cmake
[2.852s] -- Installing: /home/cx/ros_using/robot_ws/src/install/calculation_interfaces/share/calculation_interfaces/cmake/export_calculation_interfaces__rosidl_typesupport_fastrtps_cExport.cmake
[2.852s] -- Installing: /home/cx/ros_using/robot_ws/src/install/calculation_interfaces/share/calculation_interfaces/cmake/export_calculation_interfaces__rosidl_typesupport_fastrtps_cExport-noconfig.cmake
[2.852s] -- Installing: /home/cx/ros_using/robot_ws/src/install/calculation_interfaces/share/calculation_interfaces/cmake/calculation_interfaces__rosidl_typesupport_introspection_cExport.cmake
[2.852s] -- Installing: /home/cx/ros_using/robot_ws/src/install/calculation_interfaces/share/calculation_interfaces/cmake/calculation_interfaces__rosidl_typesupport_introspection_cExport-noconfig.cmake
[2.852s] -- Installing: /home/cx/ros_using/robot_ws/src/install/calculation_interfaces/share/calculation_interfaces/cmake/calculation_interfaces__rosidl_typesupport_cExport.cmake
[2.853s] -- Installing: /home/cx/ros_using/robot_ws/src/install/calculation_interfaces/share/calculation_interfaces/cmake/calculation_interfaces__rosidl_typesupport_cExport-noconfig.cmake
[2.853s] -- Installing: /home/cx/ros_using/robot_ws/src/install/calculation_interfaces/share/calculation_interfaces/cmake/export_calculation_interfaces__rosidl_generator_cppExport.cmake
[2.853s] -- Installing: /home/cx/ros_using/robot_ws/src/install/calculation_interfaces/share/calculation_interfaces/cmake/export_calculation_interfaces__rosidl_typesupport_fastrtps_cppExport.cmake
[2.853s] -- Installing: /home/cx/ros_using/robot_ws/src/install/calculation_interfaces/share/calculation_interfaces/cmake/export_calculation_interfaces__rosidl_typesupport_fastrtps_cppExport-noconfig.cmake
[2.853s] -- Installing: /home/cx/ros_using/robot_ws/src/install/calculation_interfaces/share/calculation_interfaces/cmake/calculation_interfaces__rosidl_typesupport_introspection_cppExport.cmake
[2.853s] -- Installing: /home/cx/ros_using/robot_ws/src/install/calculation_interfaces/share/calculation_interfaces/cmake/calculation_interfaces__rosidl_typesupport_introspection_cppExport-noconfig.cmake
[2.853s] -- Installing: /home/cx/ros_using/robot_ws/src/install/calculation_interfaces/share/calculation_interfaces/cmake/calculation_interfaces__rosidl_typesupport_cppExport.cmake
[2.854s] -- Installing: /home/cx/ros_using/robot_ws/src/install/calculation_interfaces/share/calculation_interfaces/cmake/calculation_interfaces__rosidl_typesupport_cppExport-noconfig.cmake
[2.854s] -- Installing: /home/cx/ros_using/robot_ws/src/install/calculation_interfaces/share/calculation_interfaces/cmake/export_calculation_interfaces__rosidl_generator_pyExport.cmake
[2.854s] -- Installing: /home/cx/ros_using/robot_ws/src/install/calculation_interfaces/share/calculation_interfaces/cmake/export_calculation_interfaces__rosidl_generator_pyExport-noconfig.cmake
[2.854s] -- Installing: /home/cx/ros_using/robot_ws/src/install/calculation_interfaces/share/calculation_interfaces/cmake/rosidl_cmake-extras.cmake
[2.854s] -- Installing: /home/cx/ros_using/robot_ws/src/install/calculation_interfaces/share/calculation_interfaces/cmake/ament_cmake_export_include_directories-extras.cmake
[2.854s] -- Installing: /home/cx/ros_using/robot_ws/src/install/calculation_interfaces/share/calculation_interfaces/cmake/ament_cmake_export_libraries-extras.cmake
[2.854s] -- Installing: /home/cx/ros_using/robot_ws/src/install/calculation_interfaces/share/calculation_interfaces/cmake/ament_cmake_export_targets-extras.cmake
[2.854s] -- Installing: /home/cx/ros_using/robot_ws/src/install/calculation_interfaces/share/calculation_interfaces/cmake/rosidl_cmake_export_typesupport_targets-extras.cmake
[2.854s] -- Installing: /home/cx/ros_using/robot_ws/src/install/calculation_interfaces/share/calculation_interfaces/cmake/ament_cmake_export_dependencies-extras.cmake
[2.855s] -- Installing: /home/cx/ros_using/robot_ws/src/install/calculation_interfaces/share/calculation_interfaces/cmake/rosidl_cmake_export_typesupport_libraries-extras.cmake
[2.855s] -- Installing: /home/cx/ros_using/robot_ws/src/install/calculation_interfaces/share/calculation_interfaces/cmake/rosidl_cmake_aggregate_target-extras.cmake
[2.855s] -- Installing: /home/cx/ros_using/robot_ws/src/install/calculation_interfaces/share/calculation_interfaces/cmake/calculation_interfacesConfig.cmake
[2.855s] -- Installing: /home/cx/ros_using/robot_ws/src/install/calculation_interfaces/share/calculation_interfaces/cmake/calculation_interfacesConfig-version.cmake
[2.855s] -- Installing: /home/cx/ros_using/robot_ws/src/install/calculation_interfaces/share/calculation_interfaces/package.xml
[2.877s] Invoked command in '/home/cx/ros_using/robot_ws/src/build/calculation_interfaces' returned '0': CMAKE_PREFIX_PATH=/opt/ros/humble /usr/bin/cmake --install /home/cx/ros_using/robot_ws/src/build/calculation_interfaces
