-- The C compiler identification is GNU 11.4.0
-- The CXX compiler identification is GNU 11.4.0
-- Detecting C compiler ABI info
-- Detecting C compiler ABI info - done
-- Check for working C compiler: /usr/bin/cc - skipped
-- Detecting C compile features
-- Detecting C compile features - done
-- Detecting CXX compiler ABI info
-- Detecting CXX compiler ABI info - done
-- Check for working CXX compiler: /usr/bin/c++ - skipped
-- Detecting CXX compile features
-- Detecting CXX compile features - done
-- Found ament_cmake: 1.3.14 (/opt/ros/humble/share/ament_cmake/cmake)
-- Found Python3: /usr/bin/python3 (found version "3.10.12") found components: Interpreter 
-- Found rosidl_default_generators: 1.2.1 (/opt/ros/humble/share/rosidl_default_generators/cmake)
-- Using all available rosidl_typesupport_c: rosidl_typesupport_fastrtps_c;rosidl_typesupport_introspection_c
-- Found rosidl_adapter: 3.1.9 (/opt/ros/humble/share/rosidl_adapter/cmake)
-- Using all available rosidl_typesupport_cpp: rosidl_typesupport_fastrtps_cpp;rosidl_typesupport_introspection_cpp
-- Found ament_cmake_ros: 0.10.0 (/opt/ros/humble/share/ament_cmake_ros/cmake)
-- Using all available rosidl_typesupport_c: rosidl_typesupport_fastrtps_c;rosidl_typesupport_introspection_c
-- Using all available rosidl_typesupport_cpp: rosidl_typesupport_fastrtps_cpp;rosidl_typesupport_introspection_cpp
-- Found PythonInterp: /usr/bin/python3 (found suitable version "3.10.12", minimum required is "3.6") 
-- Found python_cmake_module: 0.10.0 (/opt/ros/humble/share/python_cmake_module/cmake)
-- Found PythonLibs: /usr/lib/x86_64-linux-gnu/libpython3.10.so (found suitable version "3.10.12", minimum required is "3.5") 
-- Using PYTHON_EXECUTABLE: /usr/bin/python3
-- Using PYTHON_INCLUDE_DIRS: /usr/include/python3.10
-- Using PYTHON_LIBRARIES: /usr/lib/x86_64-linux-gnu/libpython3.10.so
-- Found PythonExtra: .so  
-- Found ament_lint_auto: 0.12.15 (/opt/ros/humble/share/ament_lint_auto/cmake)
-- Added test 'lint_cmake' to check CMake code style
-- Added test 'xmllint' to check XML markup files
-- Configuring done
-- Generating done
-- Build files have been written to: /home/cx/ros_using/robot_ws/build/calculation_interfaces
[  3%] Generating C code for ROS interfaces
[  6%] Generating Rust code for ROS interfaces
[  9%] Generating C++ code for ROS interfaces
[  9%] Built target ament_cmake_python_copy_calculation_interfaces
running egg_info
creating calculation_interfaces.egg-info
writing calculation_interfaces.egg-info/PKG-INFO
writing dependency_links to calculation_interfaces.egg-info/dependency_links.txt
writing top-level names to calculation_interfaces.egg-info/top_level.txt
writing manifest file 'calculation_interfaces.egg-info/SOURCES.txt'
reading manifest file 'calculation_interfaces.egg-info/SOURCES.txt'
writing manifest file 'calculation_interfaces.egg-info/SOURCES.txt'
[  9%] Built target ament_cmake_python_build_calculation_interfaces_egg
[  9%] Built target calculation_interfaces__cpp
[ 12%] Generating C++ type support for eProsima Fast-RTPS
[ 15%] Generating C++ introspection for ROS interfaces
[ 18%] Generating C++ type support dispatch for ROS interfaces
[ 18%] Built target calculation_interfaces__rs
[ 21%] Building C object CMakeFiles/calculation_interfaces__rosidl_generator_c.dir/rosidl_generator_c/calculation_interfaces/msg/detail/calculation_result__functions.c.o
[ 25%] Linking C shared library libcalculation_interfaces__rosidl_generator_c.so
[ 25%] Built target calculation_interfaces__rosidl_generator_c
[ 28%] Generating C introspection for ROS interfaces
[ 34%] Generating C type support for eProsima Fast-RTPS
[ 34%] Generating C type support dispatch for ROS interfaces
[ 37%] Building CXX object CMakeFiles/calculation_interfaces__rosidl_typesupport_cpp.dir/rosidl_typesupport_cpp/calculation_interfaces/msg/calculation_result__type_support.cpp.o
[ 40%] Building CXX object CMakeFiles/calculation_interfaces__rosidl_typesupport_introspection_cpp.dir/rosidl_typesupport_introspection_cpp/calculation_interfaces/msg/detail/calculation_result__type_support.cpp.o
[ 43%] Building CXX object CMakeFiles/calculation_interfaces__rosidl_typesupport_fastrtps_cpp.dir/rosidl_typesupport_fastrtps_cpp/calculation_interfaces/msg/detail/dds_fastrtps/calculation_result__type_support.cpp.o
[ 46%] Building CXX object CMakeFiles/calculation_interfaces__rosidl_typesupport_c.dir/rosidl_typesupport_c/calculation_interfaces/msg/calculation_result__type_support.cpp.o
[ 50%] Linking CXX shared library libcalculation_interfaces__rosidl_typesupport_c.so
[ 53%] Building C object CMakeFiles/calculation_interfaces__rosidl_typesupport_introspection_c.dir/rosidl_typesupport_introspection_c/calculation_interfaces/msg/detail/calculation_result__type_support.c.o
[ 56%] Linking C shared library libcalculation_interfaces__rosidl_typesupport_introspection_c.so
[ 59%] Linking CXX shared library libcalculation_interfaces__rosidl_typesupport_cpp.so
[ 59%] Built target calculation_interfaces__rosidl_typesupport_c
[ 62%] Building CXX object CMakeFiles/calculation_interfaces__rosidl_typesupport_fastrtps_c.dir/rosidl_typesupport_fastrtps_c/calculation_interfaces/msg/detail/calculation_result__type_support_c.cpp.o
[ 62%] Built target calculation_interfaces__rosidl_typesupport_introspection_c
[ 62%] Built target calculation_interfaces__rosidl_typesupport_cpp
[ 65%] Linking CXX shared library libcalculation_interfaces__rosidl_typesupport_introspection_cpp.so
[ 65%] Built target calculation_interfaces__rosidl_typesupport_introspection_cpp
[ 68%] Linking CXX shared library libcalculation_interfaces__rosidl_typesupport_fastrtps_c.so
[ 71%] Linking CXX shared library libcalculation_interfaces__rosidl_typesupport_fastrtps_cpp.so
[ 71%] Built target calculation_interfaces__rosidl_typesupport_fastrtps_c
[ 71%] Built target calculation_interfaces__rosidl_typesupport_fastrtps_cpp
[ 71%] Built target calculation_interfaces
[ 75%] Generating Python code for ROS interfaces
[ 75%] Built target calculation_interfaces__py
[ 78%] Building C object CMakeFiles/calculation_interfaces__rosidl_generator_py.dir/rosidl_generator_py/calculation_interfaces/msg/_calculation_result_s.c.o
[ 81%] Linking C shared library rosidl_generator_py/calculation_interfaces/libcalculation_interfaces__rosidl_generator_py.so
[ 81%] Built target calculation_interfaces__rosidl_generator_py
[ 87%] Building C object CMakeFiles/calculation_interfaces__rosidl_typesupport_fastrtps_c__pyext.dir/rosidl_generator_py/calculation_interfaces/_calculation_interfaces_s.ep.rosidl_typesupport_fastrtps_c.c.o
[ 87%] Building C object CMakeFiles/calculation_interfaces__rosidl_typesupport_introspection_c__pyext.dir/rosidl_generator_py/calculation_interfaces/_calculation_interfaces_s.ep.rosidl_typesupport_introspection_c.c.o
[ 90%] Building C object CMakeFiles/calculation_interfaces__rosidl_typesupport_c__pyext.dir/rosidl_generator_py/calculation_interfaces/_calculation_interfaces_s.ep.rosidl_typesupport_c.c.o
[ 93%] Linking C shared library rosidl_generator_py/calculation_interfaces/calculation_interfaces_s__rosidl_typesupport_fastrtps_c.cpython-310-x86_64-linux-gnu.so
[ 93%] Built target calculation_interfaces__rosidl_typesupport_fastrtps_c__pyext
[ 96%] Linking C shared library rosidl_generator_py/calculation_interfaces/calculation_interfaces_s__rosidl_typesupport_introspection_c.cpython-310-x86_64-linux-gnu.so
[100%] Linking C shared library rosidl_generator_py/calculation_interfaces/calculation_interfaces_s__rosidl_typesupport_c.cpython-310-x86_64-linux-gnu.so
[100%] Built target calculation_interfaces__rosidl_typesupport_introspection_c__pyext
[100%] Built target calculation_interfaces__rosidl_typesupport_c__pyext
-- Install configuration: ""
-- Installing: /home/cx/ros_using/robot_ws/install/calculation_interfaces/share/ament_index/resource_index/rosidl_interfaces/calculation_interfaces
-- Installing: /home/cx/ros_using/robot_ws/install/calculation_interfaces/include/calculation_interfaces/calculation_interfaces
-- Installing: /home/cx/ros_using/robot_ws/install/calculation_interfaces/include/calculation_interfaces/calculation_interfaces/msg
-- Installing: /home/cx/ros_using/robot_ws/install/calculation_interfaces/include/calculation_interfaces/calculation_interfaces/msg/detail
-- Installing: /home/cx/ros_using/robot_ws/install/calculation_interfaces/include/calculation_interfaces/calculation_interfaces/msg/detail/calculation_result__functions.c
-- Installing: /home/cx/ros_using/robot_ws/install/calculation_interfaces/include/calculation_interfaces/calculation_interfaces/msg/detail/calculation_result__functions.h
-- Installing: /home/cx/ros_using/robot_ws/install/calculation_interfaces/include/calculation_interfaces/calculation_interfaces/msg/detail/calculation_result__struct.h
-- Installing: /home/cx/ros_using/robot_ws/install/calculation_interfaces/include/calculation_interfaces/calculation_interfaces/msg/detail/calculation_result__type_support.h
-- Installing: /home/cx/ros_using/robot_ws/install/calculation_interfaces/include/calculation_interfaces/calculation_interfaces/msg/calculation_result.h
-- Installing: /home/cx/ros_using/robot_ws/install/calculation_interfaces/include/calculation_interfaces/calculation_interfaces/msg/rosidl_generator_c__visibility_control.h
-- Installing: /home/cx/ros_using/robot_ws/install/calculation_interfaces/share/calculation_interfaces/environment/library_path.sh
-- Installing: /home/cx/ros_using/robot_ws/install/calculation_interfaces/share/calculation_interfaces/environment/library_path.dsv
-- Installing: /home/cx/ros_using/robot_ws/install/calculation_interfaces/lib/libcalculation_interfaces__rosidl_generator_c.so
-- Set runtime path of "/home/cx/ros_using/robot_ws/install/calculation_interfaces/lib/libcalculation_interfaces__rosidl_generator_c.so" to ""
-- Up-to-date: /home/cx/ros_using/robot_ws/install/calculation_interfaces/include/calculation_interfaces/calculation_interfaces
-- Up-to-date: /home/cx/ros_using/robot_ws/install/calculation_interfaces/include/calculation_interfaces/calculation_interfaces/msg
-- Installing: /home/cx/ros_using/robot_ws/install/calculation_interfaces/include/calculation_interfaces/calculation_interfaces/msg/rosidl_typesupport_fastrtps_c__visibility_control.h
-- Up-to-date: /home/cx/ros_using/robot_ws/install/calculation_interfaces/include/calculation_interfaces/calculation_interfaces/msg/detail
-- Installing: /home/cx/ros_using/robot_ws/install/calculation_interfaces/include/calculation_interfaces/calculation_interfaces/msg/detail/calculation_result__rosidl_typesupport_fastrtps_c.h
-- Installing: /home/cx/ros_using/robot_ws/install/calculation_interfaces/lib/libcalculation_interfaces__rosidl_typesupport_fastrtps_c.so
-- Set runtime path of "/home/cx/ros_using/robot_ws/install/calculation_interfaces/lib/libcalculation_interfaces__rosidl_typesupport_fastrtps_c.so" to ""
-- Up-to-date: /home/cx/ros_using/robot_ws/install/calculation_interfaces/include/calculation_interfaces/calculation_interfaces
-- Up-to-date: /home/cx/ros_using/robot_ws/install/calculation_interfaces/include/calculation_interfaces/calculation_interfaces/msg
-- Up-to-date: /home/cx/ros_using/robot_ws/install/calculation_interfaces/include/calculation_interfaces/calculation_interfaces/msg/detail
-- Installing: /home/cx/ros_using/robot_ws/install/calculation_interfaces/include/calculation_interfaces/calculation_interfaces/msg/detail/calculation_result__type_support.c
-- Installing: /home/cx/ros_using/robot_ws/install/calculation_interfaces/include/calculation_interfaces/calculation_interfaces/msg/detail/calculation_result__rosidl_typesupport_introspection_c.h
-- Installing: /home/cx/ros_using/robot_ws/install/calculation_interfaces/include/calculation_interfaces/calculation_interfaces/msg/rosidl_typesupport_introspection_c__visibility_control.h
-- Installing: /home/cx/ros_using/robot_ws/install/calculation_interfaces/lib/libcalculation_interfaces__rosidl_typesupport_introspection_c.so
-- Set runtime path of "/home/cx/ros_using/robot_ws/install/calculation_interfaces/lib/libcalculation_interfaces__rosidl_typesupport_introspection_c.so" to ""
-- Installing: /home/cx/ros_using/robot_ws/install/calculation_interfaces/lib/libcalculation_interfaces__rosidl_typesupport_c.so
-- Set runtime path of "/home/cx/ros_using/robot_ws/install/calculation_interfaces/lib/libcalculation_interfaces__rosidl_typesupport_c.so" to ""
-- Up-to-date: /home/cx/ros_using/robot_ws/install/calculation_interfaces/include/calculation_interfaces/calculation_interfaces
-- Up-to-date: /home/cx/ros_using/robot_ws/install/calculation_interfaces/include/calculation_interfaces/calculation_interfaces/msg
-- Installing: /home/cx/ros_using/robot_ws/install/calculation_interfaces/include/calculation_interfaces/calculation_interfaces/msg/calculation_result.hpp
-- Up-to-date: /home/cx/ros_using/robot_ws/install/calculation_interfaces/include/calculation_interfaces/calculation_interfaces/msg/detail
-- Installing: /home/cx/ros_using/robot_ws/install/calculation_interfaces/include/calculation_interfaces/calculation_interfaces/msg/detail/calculation_result__traits.hpp
-- Installing: /home/cx/ros_using/robot_ws/install/calculation_interfaces/include/calculation_interfaces/calculation_interfaces/msg/detail/calculation_result__builder.hpp
-- Installing: /home/cx/ros_using/robot_ws/install/calculation_interfaces/include/calculation_interfaces/calculation_interfaces/msg/detail/calculation_result__type_support.hpp
-- Installing: /home/cx/ros_using/robot_ws/install/calculation_interfaces/include/calculation_interfaces/calculation_interfaces/msg/detail/calculation_result__struct.hpp
-- Installing: /home/cx/ros_using/robot_ws/install/calculation_interfaces/include/calculation_interfaces/calculation_interfaces/msg/rosidl_generator_cpp__visibility_control.hpp
-- Up-to-date: /home/cx/ros_using/robot_ws/install/calculation_interfaces/include/calculation_interfaces/calculation_interfaces
-- Up-to-date: /home/cx/ros_using/robot_ws/install/calculation_interfaces/include/calculation_interfaces/calculation_interfaces/msg
-- Up-to-date: /home/cx/ros_using/robot_ws/install/calculation_interfaces/include/calculation_interfaces/calculation_interfaces/msg/detail
-- Installing: /home/cx/ros_using/robot_ws/install/calculation_interfaces/include/calculation_interfaces/calculation_interfaces/msg/detail/calculation_result__rosidl_typesupport_fastrtps_cpp.hpp
-- Installing: /home/cx/ros_using/robot_ws/install/calculation_interfaces/include/calculation_interfaces/calculation_interfaces/msg/detail/dds_fastrtps
-- Installing: /home/cx/ros_using/robot_ws/install/calculation_interfaces/include/calculation_interfaces/calculation_interfaces/msg/rosidl_typesupport_fastrtps_cpp__visibility_control.h
-- Installing: /home/cx/ros_using/robot_ws/install/calculation_interfaces/lib/libcalculation_interfaces__rosidl_typesupport_fastrtps_cpp.so
-- Set runtime path of "/home/cx/ros_using/robot_ws/install/calculation_interfaces/lib/libcalculation_interfaces__rosidl_typesupport_fastrtps_cpp.so" to ""
-- Up-to-date: /home/cx/ros_using/robot_ws/install/calculation_interfaces/include/calculation_interfaces/calculation_interfaces
-- Up-to-date: /home/cx/ros_using/robot_ws/install/calculation_interfaces/include/calculation_interfaces/calculation_interfaces/msg
-- Up-to-date: /home/cx/ros_using/robot_ws/install/calculation_interfaces/include/calculation_interfaces/calculation_interfaces/msg/detail
-- Installing: /home/cx/ros_using/robot_ws/install/calculation_interfaces/include/calculation_interfaces/calculation_interfaces/msg/detail/calculation_result__rosidl_typesupport_introspection_cpp.hpp
-- Installing: /home/cx/ros_using/robot_ws/install/calculation_interfaces/include/calculation_interfaces/calculation_interfaces/msg/detail/calculation_result__type_support.cpp
-- Installing: /home/cx/ros_using/robot_ws/install/calculation_interfaces/lib/libcalculation_interfaces__rosidl_typesupport_introspection_cpp.so
-- Set runtime path of "/home/cx/ros_using/robot_ws/install/calculation_interfaces/lib/libcalculation_interfaces__rosidl_typesupport_introspection_cpp.so" to ""
-- Installing: /home/cx/ros_using/robot_ws/install/calculation_interfaces/lib/libcalculation_interfaces__rosidl_typesupport_cpp.so
-- Set runtime path of "/home/cx/ros_using/robot_ws/install/calculation_interfaces/lib/libcalculation_interfaces__rosidl_typesupport_cpp.so" to ""
-- Installing: /home/cx/ros_using/robot_ws/install/calculation_interfaces/share/calculation_interfaces/environment/pythonpath.sh
-- Installing: /home/cx/ros_using/robot_ws/install/calculation_interfaces/share/calculation_interfaces/environment/pythonpath.dsv
-- Installing: /home/cx/ros_using/robot_ws/install/calculation_interfaces/local/lib/python3.10/dist-packages/calculation_interfaces-0.0.0-py3.10.egg-info
-- Installing: /home/cx/ros_using/robot_ws/install/calculation_interfaces/local/lib/python3.10/dist-packages/calculation_interfaces-0.0.0-py3.10.egg-info/SOURCES.txt
-- Installing: /home/cx/ros_using/robot_ws/install/calculation_interfaces/local/lib/python3.10/dist-packages/calculation_interfaces-0.0.0-py3.10.egg-info/PKG-INFO
-- Installing: /home/cx/ros_using/robot_ws/install/calculation_interfaces/local/lib/python3.10/dist-packages/calculation_interfaces-0.0.0-py3.10.egg-info/top_level.txt
-- Installing: /home/cx/ros_using/robot_ws/install/calculation_interfaces/local/lib/python3.10/dist-packages/calculation_interfaces-0.0.0-py3.10.egg-info/dependency_links.txt
-- Installing: /home/cx/ros_using/robot_ws/install/calculation_interfaces/local/lib/python3.10/dist-packages/calculation_interfaces
-- Installing: /home/cx/ros_using/robot_ws/install/calculation_interfaces/local/lib/python3.10/dist-packages/calculation_interfaces/calculation_interfaces_s__rosidl_typesupport_fastrtps_c.cpython-310-x86_64-linux-gnu.so
-- Installing: /home/cx/ros_using/robot_ws/install/calculation_interfaces/local/lib/python3.10/dist-packages/calculation_interfaces/calculation_interfaces_s__rosidl_typesupport_c.cpython-310-x86_64-linux-gnu.so
-- Installing: /home/cx/ros_using/robot_ws/install/calculation_interfaces/local/lib/python3.10/dist-packages/calculation_interfaces/calculation_interfaces_s__rosidl_typesupport_introspection_c.cpython-310-x86_64-linux-gnu.so
-- Installing: /home/cx/ros_using/robot_ws/install/calculation_interfaces/local/lib/python3.10/dist-packages/calculation_interfaces/_calculation_interfaces_s.ep.rosidl_typesupport_introspection_c.c
-- Installing: /home/cx/ros_using/robot_ws/install/calculation_interfaces/local/lib/python3.10/dist-packages/calculation_interfaces/_calculation_interfaces_s.ep.rosidl_typesupport_c.c
-- Installing: /home/cx/ros_using/robot_ws/install/calculation_interfaces/local/lib/python3.10/dist-packages/calculation_interfaces/_calculation_interfaces_s.ep.rosidl_typesupport_fastrtps_c.c
-- Installing: /home/cx/ros_using/robot_ws/install/calculation_interfaces/local/lib/python3.10/dist-packages/calculation_interfaces/msg
-- Installing: /home/cx/ros_using/robot_ws/install/calculation_interfaces/local/lib/python3.10/dist-packages/calculation_interfaces/msg/_calculation_result.py
-- Installing: /home/cx/ros_using/robot_ws/install/calculation_interfaces/local/lib/python3.10/dist-packages/calculation_interfaces/msg/_calculation_result_s.c
-- Installing: /home/cx/ros_using/robot_ws/install/calculation_interfaces/local/lib/python3.10/dist-packages/calculation_interfaces/msg/__init__.py
-- Installing: /home/cx/ros_using/robot_ws/install/calculation_interfaces/local/lib/python3.10/dist-packages/calculation_interfaces/__init__.py
-- Installing: /home/cx/ros_using/robot_ws/install/calculation_interfaces/local/lib/python3.10/dist-packages/calculation_interfaces/libcalculation_interfaces__rosidl_generator_py.so
Listing '/home/cx/ros_using/robot_ws/install/calculation_interfaces/local/lib/python3.10/dist-packages/calculation_interfaces'...
Compiling '/home/cx/ros_using/robot_ws/install/calculation_interfaces/local/lib/python3.10/dist-packages/calculation_interfaces/__init__.py'...
Listing '/home/cx/ros_using/robot_ws/install/calculation_interfaces/local/lib/python3.10/dist-packages/calculation_interfaces/msg'...
Compiling '/home/cx/ros_using/robot_ws/install/calculation_interfaces/local/lib/python3.10/dist-packages/calculation_interfaces/msg/__init__.py'...
Compiling '/home/cx/ros_using/robot_ws/install/calculation_interfaces/local/lib/python3.10/dist-packages/calculation_interfaces/msg/_calculation_result.py'...
-- Installing: /home/cx/ros_using/robot_ws/install/calculation_interfaces/local/lib/python3.10/dist-packages/calculation_interfaces/calculation_interfaces_s__rosidl_typesupport_fastrtps_c.cpython-310-x86_64-linux-gnu.so
-- Set runtime path of "/home/cx/ros_using/robot_ws/install/calculation_interfaces/local/lib/python3.10/dist-packages/calculation_interfaces/calculation_interfaces_s__rosidl_typesupport_fastrtps_c.cpython-310-x86_64-linux-gnu.so" to ""
-- Installing: /home/cx/ros_using/robot_ws/install/calculation_interfaces/local/lib/python3.10/dist-packages/calculation_interfaces/calculation_interfaces_s__rosidl_typesupport_introspection_c.cpython-310-x86_64-linux-gnu.so
-- Set runtime path of "/home/cx/ros_using/robot_ws/install/calculation_interfaces/local/lib/python3.10/dist-packages/calculation_interfaces/calculation_interfaces_s__rosidl_typesupport_introspection_c.cpython-310-x86_64-linux-gnu.so" to ""
-- Installing: /home/cx/ros_using/robot_ws/install/calculation_interfaces/local/lib/python3.10/dist-packages/calculation_interfaces/calculation_interfaces_s__rosidl_typesupport_c.cpython-310-x86_64-linux-gnu.so
-- Set runtime path of "/home/cx/ros_using/robot_ws/install/calculation_interfaces/local/lib/python3.10/dist-packages/calculation_interfaces/calculation_interfaces_s__rosidl_typesupport_c.cpython-310-x86_64-linux-gnu.so" to ""
-- Installing: /home/cx/ros_using/robot_ws/install/calculation_interfaces/lib/libcalculation_interfaces__rosidl_generator_py.so
-- Set runtime path of "/home/cx/ros_using/robot_ws/install/calculation_interfaces/lib/libcalculation_interfaces__rosidl_generator_py.so" to ""
-- Installing: /home/cx/ros_using/robot_ws/install/calculation_interfaces/share/ament_index/resource_index/rust_packages/calculation_interfaces
-- Installing: /home/cx/ros_using/robot_ws/install/calculation_interfaces/share/calculation_interfaces/rust
-- Installing: /home/cx/ros_using/robot_ws/install/calculation_interfaces/share/calculation_interfaces/rust/build.rs
-- Installing: /home/cx/ros_using/robot_ws/install/calculation_interfaces/share/calculation_interfaces/rust/src
-- Installing: /home/cx/ros_using/robot_ws/install/calculation_interfaces/share/calculation_interfaces/rust/src/lib.rs
-- Installing: /home/cx/ros_using/robot_ws/install/calculation_interfaces/share/calculation_interfaces/rust/src/msg
-- Installing: /home/cx/ros_using/robot_ws/install/calculation_interfaces/share/calculation_interfaces/rust/src/msg/rmw.rs
-- Installing: /home/cx/ros_using/robot_ws/install/calculation_interfaces/share/calculation_interfaces/rust/src/msg.rs
-- Installing: /home/cx/ros_using/robot_ws/install/calculation_interfaces/share/calculation_interfaces/rust/Cargo.toml
-- Installing: /home/cx/ros_using/robot_ws/install/calculation_interfaces/share/calculation_interfaces/msg/CalculationResult.idl
-- Installing: /home/cx/ros_using/robot_ws/install/calculation_interfaces/share/calculation_interfaces/msg/CalculationResult.msg
-- Installing: /home/cx/ros_using/robot_ws/install/calculation_interfaces/share/ament_index/resource_index/package_run_dependencies/calculation_interfaces
-- Installing: /home/cx/ros_using/robot_ws/install/calculation_interfaces/share/ament_index/resource_index/parent_prefix_path/calculation_interfaces
-- Installing: /home/cx/ros_using/robot_ws/install/calculation_interfaces/share/calculation_interfaces/environment/ament_prefix_path.sh
-- Installing: /home/cx/ros_using/robot_ws/install/calculation_interfaces/share/calculation_interfaces/environment/ament_prefix_path.dsv
-- Installing: /home/cx/ros_using/robot_ws/install/calculation_interfaces/share/calculation_interfaces/environment/path.sh
-- Installing: /home/cx/ros_using/robot_ws/install/calculation_interfaces/share/calculation_interfaces/environment/path.dsv
-- Installing: /home/cx/ros_using/robot_ws/install/calculation_interfaces/share/calculation_interfaces/local_setup.bash
-- Installing: /home/cx/ros_using/robot_ws/install/calculation_interfaces/share/calculation_interfaces/local_setup.sh
-- Installing: /home/cx/ros_using/robot_ws/install/calculation_interfaces/share/calculation_interfaces/local_setup.zsh
-- Installing: /home/cx/ros_using/robot_ws/install/calculation_interfaces/share/calculation_interfaces/local_setup.dsv
-- Installing: /home/cx/ros_using/robot_ws/install/calculation_interfaces/share/calculation_interfaces/package.dsv
-- Installing: /home/cx/ros_using/robot_ws/install/calculation_interfaces/share/ament_index/resource_index/packages/calculation_interfaces
-- Installing: /home/cx/ros_using/robot_ws/install/calculation_interfaces/share/calculation_interfaces/cmake/export_calculation_interfaces__rosidl_generator_cExport.cmake
-- Installing: /home/cx/ros_using/robot_ws/install/calculation_interfaces/share/calculation_interfaces/cmake/export_calculation_interfaces__rosidl_generator_cExport-noconfig.cmake
-- Installing: /home/cx/ros_using/robot_ws/install/calculation_interfaces/share/calculation_interfaces/cmake/export_calculation_interfaces__rosidl_typesupport_fastrtps_cExport.cmake
-- Installing: /home/cx/ros_using/robot_ws/install/calculation_interfaces/share/calculation_interfaces/cmake/export_calculation_interfaces__rosidl_typesupport_fastrtps_cExport-noconfig.cmake
-- Installing: /home/cx/ros_using/robot_ws/install/calculation_interfaces/share/calculation_interfaces/cmake/calculation_interfaces__rosidl_typesupport_introspection_cExport.cmake
-- Installing: /home/cx/ros_using/robot_ws/install/calculation_interfaces/share/calculation_interfaces/cmake/calculation_interfaces__rosidl_typesupport_introspection_cExport-noconfig.cmake
-- Installing: /home/cx/ros_using/robot_ws/install/calculation_interfaces/share/calculation_interfaces/cmake/calculation_interfaces__rosidl_typesupport_cExport.cmake
-- Installing: /home/cx/ros_using/robot_ws/install/calculation_interfaces/share/calculation_interfaces/cmake/calculation_interfaces__rosidl_typesupport_cExport-noconfig.cmake
-- Installing: /home/cx/ros_using/robot_ws/install/calculation_interfaces/share/calculation_interfaces/cmake/export_calculation_interfaces__rosidl_generator_cppExport.cmake
-- Installing: /home/cx/ros_using/robot_ws/install/calculation_interfaces/share/calculation_interfaces/cmake/export_calculation_interfaces__rosidl_typesupport_fastrtps_cppExport.cmake
-- Installing: /home/cx/ros_using/robot_ws/install/calculation_interfaces/share/calculation_interfaces/cmake/export_calculation_interfaces__rosidl_typesupport_fastrtps_cppExport-noconfig.cmake
-- Installing: /home/cx/ros_using/robot_ws/install/calculation_interfaces/share/calculation_interfaces/cmake/calculation_interfaces__rosidl_typesupport_introspection_cppExport.cmake
-- Installing: /home/cx/ros_using/robot_ws/install/calculation_interfaces/share/calculation_interfaces/cmake/calculation_interfaces__rosidl_typesupport_introspection_cppExport-noconfig.cmake
-- Installing: /home/cx/ros_using/robot_ws/install/calculation_interfaces/share/calculation_interfaces/cmake/calculation_interfaces__rosidl_typesupport_cppExport.cmake
-- Installing: /home/cx/ros_using/robot_ws/install/calculation_interfaces/share/calculation_interfaces/cmake/calculation_interfaces__rosidl_typesupport_cppExport-noconfig.cmake
-- Installing: /home/cx/ros_using/robot_ws/install/calculation_interfaces/share/calculation_interfaces/cmake/export_calculation_interfaces__rosidl_generator_pyExport.cmake
-- Installing: /home/cx/ros_using/robot_ws/install/calculation_interfaces/share/calculation_interfaces/cmake/export_calculation_interfaces__rosidl_generator_pyExport-noconfig.cmake
-- Installing: /home/cx/ros_using/robot_ws/install/calculation_interfaces/share/calculation_interfaces/cmake/rosidl_cmake-extras.cmake
-- Installing: /home/cx/ros_using/robot_ws/install/calculation_interfaces/share/calculation_interfaces/cmake/ament_cmake_export_include_directories-extras.cmake
-- Installing: /home/cx/ros_using/robot_ws/install/calculation_interfaces/share/calculation_interfaces/cmake/ament_cmake_export_libraries-extras.cmake
-- Installing: /home/cx/ros_using/robot_ws/install/calculation_interfaces/share/calculation_interfaces/cmake/ament_cmake_export_targets-extras.cmake
-- Installing: /home/cx/ros_using/robot_ws/install/calculation_interfaces/share/calculation_interfaces/cmake/rosidl_cmake_export_typesupport_targets-extras.cmake
-- Installing: /home/cx/ros_using/robot_ws/install/calculation_interfaces/share/calculation_interfaces/cmake/ament_cmake_export_dependencies-extras.cmake
-- Installing: /home/cx/ros_using/robot_ws/install/calculation_interfaces/share/calculation_interfaces/cmake/rosidl_cmake_export_typesupport_libraries-extras.cmake
-- Installing: /home/cx/ros_using/robot_ws/install/calculation_interfaces/share/calculation_interfaces/cmake/rosidl_cmake_aggregate_target-extras.cmake
-- Installing: /home/cx/ros_using/robot_ws/install/calculation_interfaces/share/calculation_interfaces/cmake/calculation_interfacesConfig.cmake
-- Installing: /home/cx/ros_using/robot_ws/install/calculation_interfaces/share/calculation_interfaces/cmake/calculation_interfacesConfig-version.cmake
-- Installing: /home/cx/ros_using/robot_ws/install/calculation_interfaces/share/calculation_interfaces/package.xml
