[0.006s] Invoking command in '/home/cx/ros_using/robot_ws/build/status_interfaces': CMAKE_PREFIX_PATH=/opt/ros/humble /usr/bin/cmake /home/cx/ros_using/robot_ws/src/status_interfaces -DCMAKE_INSTALL_PREFIX=/home/cx/ros_using/robot_ws/install/status_interfaces
[0.134s] -- The C compiler identification is GNU 11.4.0
[0.226s] -- The CXX compiler identification is GNU 11.4.0
[0.236s] -- Detecting C compiler ABI info
[0.308s] -- Detecting C compiler ABI info - done
[0.319s] -- Check for working C compiler: /usr/bin/cc - skipped
[0.320s] -- Detecting C compile features
[0.321s] -- Detecting C compile features - done
[0.324s] -- Detecting CXX compiler ABI info
[0.400s] -- Detecting CXX compiler ABI info - done
[0.410s] -- Check for working CXX compiler: /usr/bin/c++ - skipped
[0.410s] -- Detecting CXX compile features
[0.410s] -- Detecting CXX compile features - done
[0.412s] -- Found ament_cmake: 1.3.14 (/opt/ros/humble/share/ament_cmake/cmake)
[0.555s] -- Found Python3: /usr/bin/python3 (found version "3.10.12") found components: Interpreter 
[0.663s] -- Found builtin_interfaces: 1.2.3 (/opt/ros/humble/share/builtin_interfaces/cmake)
[0.700s] -- Found rosidl_generator_c: 3.1.9 (/opt/ros/humble/share/rosidl_generator_c/cmake)
[0.704s] -- Found rosidl_adapter: 3.1.9 (/opt/ros/humble/share/rosidl_adapter/cmake)
[0.714s] -- Found rosidl_generator_cpp: 3.1.9 (/opt/ros/humble/share/rosidl_generator_cpp/cmake)
[0.730s] -- Using all available rosidl_typesupport_c: rosidl_typesupport_fastrtps_c;rosidl_typesupport_introspection_c
[0.743s] -- Using all available rosidl_typesupport_cpp: rosidl_typesupport_fastrtps_cpp;rosidl_typesupport_introspection_cpp
[0.756s] -- Found rosidl_default_generators: 1.2.1 (/opt/ros/humble/share/rosidl_default_generators/cmake)
[1.030s] -- Found ament_cmake_ros: 0.10.0 (/opt/ros/humble/share/ament_cmake_ros/cmake)
[1.325s] -- Using all available rosidl_typesupport_c: rosidl_typesupport_fastrtps_c;rosidl_typesupport_introspection_c
[1.448s] -- Using all available rosidl_typesupport_cpp: rosidl_typesupport_fastrtps_cpp;rosidl_typesupport_introspection_cpp
[1.468s] -- Found PythonInterp: /usr/bin/python3 (found suitable version "3.10.12", minimum required is "3.6") 
[1.469s] -- Found python_cmake_module: 0.10.0 (/opt/ros/humble/share/python_cmake_module/cmake)
[1.489s] -- Found PythonLibs: /usr/lib/x86_64-linux-gnu/libpython3.10.so (found suitable version "3.10.12", minimum required is "3.5") 
[1.489s] -- Using PYTHON_EXECUTABLE: /usr/bin/python3
[1.489s] -- Using PYTHON_INCLUDE_DIRS: /usr/include/python3.10
[1.490s] -- Using PYTHON_LIBRARIES: /usr/lib/x86_64-linux-gnu/libpython3.10.so
[1.510s] -- Found PythonExtra: .so  
[1.602s] -- Found ament_lint_auto: 0.12.15 (/opt/ros/humble/share/ament_lint_auto/cmake)
[1.614s] -- Added test 'lint_cmake' to check CMake code style
[1.615s] -- Added test 'xmllint' to check XML markup files
[1.616s] -- Configuring done
[1.639s] -- Generating done
[1.649s] -- Build files have been written to: /home/cx/ros_using/robot_ws/build/status_interfaces
[1.653s] Invoked command in '/home/cx/ros_using/robot_ws/build/status_interfaces' returned '0': CMAKE_PREFIX_PATH=/opt/ros/humble /usr/bin/cmake /home/cx/ros_using/robot_ws/src/status_interfaces -DCMAKE_INSTALL_PREFIX=/home/cx/ros_using/robot_ws/install/status_interfaces
[1.654s] Invoking command in '/home/cx/ros_using/robot_ws/build/status_interfaces': CMAKE_PREFIX_PATH=/opt/ros/humble /usr/bin/cmake --build /home/cx/ros_using/robot_ws/build/status_interfaces -- -j12 -l12
[1.702s] [  3%] Generating C code for ROS interfaces
[1.718s] [  6%] Generating C++ code for ROS interfaces
[1.721s] [  6%] Built target ament_cmake_python_copy_status_interfaces
[1.723s] [  9%] Generating Rust code for ROS interfaces
[1.951s] running egg_info
[1.952s] creating status_interfaces.egg-info
[1.953s] writing status_interfaces.egg-info/PKG-INFO
[1.953s] writing dependency_links to status_interfaces.egg-info/dependency_links.txt
[1.953s] writing top-level names to status_interfaces.egg-info/top_level.txt
[1.954s] writing manifest file 'status_interfaces.egg-info/SOURCES.txt'
[1.960s] reading manifest file 'status_interfaces.egg-info/SOURCES.txt'
[1.960s] writing manifest file 'status_interfaces.egg-info/SOURCES.txt'
[1.971s] [  9%] Built target status_interfaces__rs
[1.979s] [  9%] Built target status_interfaces__cpp
[1.989s] [ 12%] Generating C++ type support for eProsima Fast-RTPS
[1.990s] [ 15%] Generating C++ introspection for ROS interfaces
[1.992s] [ 18%] Generating C++ type support dispatch for ROS interfaces
[1.995s] [ 18%] Built target ament_cmake_python_build_status_interfaces_egg
[2.126s] [ 21%] Building C object CMakeFiles/status_interfaces__rosidl_generator_c.dir/rosidl_generator_c/status_interfaces/msg/detail/student_info__functions.c.o
[2.204s] [ 25%] Linking C shared library libstatus_interfaces__rosidl_generator_c.so
[2.239s] [ 25%] Built target status_interfaces__rosidl_generator_c
[2.251s] [ 28%] Generating C introspection for ROS interfaces
[2.251s] [ 31%] Generating C type support dispatch for ROS interfaces
[2.251s] [ 34%] Generating C type support for eProsima Fast-RTPS
[2.253s] [ 37%] Building CXX object CMakeFiles/status_interfaces__rosidl_typesupport_fastrtps_cpp.dir/rosidl_typesupport_fastrtps_cpp/status_interfaces/msg/detail/dds_fastrtps/student_info__type_support.cpp.o
[2.257s] [ 40%] Building CXX object CMakeFiles/status_interfaces__rosidl_typesupport_cpp.dir/rosidl_typesupport_cpp/status_interfaces/msg/student_info__type_support.cpp.o
[2.345s] [ 43%] Building CXX object CMakeFiles/status_interfaces__rosidl_typesupport_introspection_cpp.dir/rosidl_typesupport_introspection_cpp/status_interfaces/msg/detail/student_info__type_support.cpp.o
[2.633s] [ 46%] Building CXX object CMakeFiles/status_interfaces__rosidl_typesupport_c.dir/rosidl_typesupport_c/status_interfaces/msg/student_info__type_support.cpp.o
[2.666s] [ 50%] Building C object CMakeFiles/status_interfaces__rosidl_typesupport_introspection_c.dir/rosidl_typesupport_introspection_c/status_interfaces/msg/detail/student_info__type_support.c.o
[2.687s] [ 53%] Linking CXX shared library libstatus_interfaces__rosidl_typesupport_c.so
[2.715s] [ 56%] Linking C shared library libstatus_interfaces__rosidl_typesupport_introspection_c.so
[2.729s] [ 59%] Building CXX object CMakeFiles/status_interfaces__rosidl_typesupport_fastrtps_c.dir/rosidl_typesupport_fastrtps_c/status_interfaces/msg/detail/student_info__type_support_c.cpp.o
[2.745s] [ 59%] Built target status_interfaces__rosidl_typesupport_c
[2.760s] [ 62%] Linking CXX shared library libstatus_interfaces__rosidl_typesupport_cpp.so
[2.764s] [ 62%] Built target status_interfaces__rosidl_typesupport_introspection_c
[2.806s] [ 62%] Built target status_interfaces__rosidl_typesupport_cpp
[2.849s] [ 65%] Linking CXX shared library libstatus_interfaces__rosidl_typesupport_fastrtps_cpp.so
[2.952s] [ 65%] Built target status_interfaces__rosidl_typesupport_fastrtps_cpp
[2.998s] [ 68%] Linking CXX shared library libstatus_interfaces__rosidl_typesupport_introspection_cpp.so
[3.071s] [ 68%] Built target status_interfaces__rosidl_typesupport_introspection_cpp
[3.079s] [ 71%] Linking CXX shared library libstatus_interfaces__rosidl_typesupport_fastrtps_c.so
[3.171s] [ 71%] Built target status_interfaces__rosidl_typesupport_fastrtps_c
[3.188s] [ 71%] Built target status_interfaces
[3.204s] [ 75%] Generating Python code for ROS interfaces
[3.434s] [ 75%] Built target status_interfaces__py
[3.452s] [ 78%] Building C object CMakeFiles/status_interfaces__rosidl_generator_py.dir/rosidl_generator_py/status_interfaces/msg/_student_info_s.c.o
[3.545s] [ 81%] Linking C shared library rosidl_generator_py/status_interfaces/libstatus_interfaces__rosidl_generator_py.so
[3.579s] [ 81%] Built target status_interfaces__rosidl_generator_py
[3.606s] [ 84%] Building C object CMakeFiles/status_interfaces__rosidl_typesupport_fastrtps_c__pyext.dir/rosidl_generator_py/status_interfaces/_status_interfaces_s.ep.rosidl_typesupport_fastrtps_c.c.o
[3.606s] [ 87%] Building C object CMakeFiles/status_interfaces__rosidl_typesupport_introspection_c__pyext.dir/rosidl_generator_py/status_interfaces/_status_interfaces_s.ep.rosidl_typesupport_introspection_c.c.o
[3.614s] [ 90%] Building C object CMakeFiles/status_interfaces__rosidl_typesupport_c__pyext.dir/rosidl_generator_py/status_interfaces/_status_interfaces_s.ep.rosidl_typesupport_c.c.o
[3.697s] [ 96%] Linking C shared library rosidl_generator_py/status_interfaces/status_interfaces_s__rosidl_typesupport_fastrtps_c.cpython-310-x86_64-linux-gnu.so
[3.697s] [ 96%] Linking C shared library rosidl_generator_py/status_interfaces/status_interfaces_s__rosidl_typesupport_introspection_c.cpython-310-x86_64-linux-gnu.so
[3.734s] [ 96%] Built target status_interfaces__rosidl_typesupport_fastrtps_c__pyext
[3.735s] [100%] Linking C shared library rosidl_generator_py/status_interfaces/status_interfaces_s__rosidl_typesupport_c.cpython-310-x86_64-linux-gnu.so
[3.740s] [100%] Built target status_interfaces__rosidl_typesupport_introspection_c__pyext
[3.775s] [100%] Built target status_interfaces__rosidl_typesupport_c__pyext
[3.795s] Invoked command in '/home/cx/ros_using/robot_ws/build/status_interfaces' returned '0': CMAKE_PREFIX_PATH=/opt/ros/humble /usr/bin/cmake --build /home/cx/ros_using/robot_ws/build/status_interfaces -- -j12 -l12
[3.796s] Invoking command in '/home/cx/ros_using/robot_ws/build/status_interfaces': CMAKE_PREFIX_PATH=/opt/ros/humble /usr/bin/cmake --install /home/cx/ros_using/robot_ws/build/status_interfaces
[3.803s] -- Install configuration: ""
[3.803s] -- Installing: /home/cx/ros_using/robot_ws/install/status_interfaces/share/ament_index/resource_index/rosidl_interfaces/status_interfaces
[3.803s] -- Installing: /home/cx/ros_using/robot_ws/install/status_interfaces/include/status_interfaces/status_interfaces
[3.803s] -- Installing: /home/cx/ros_using/robot_ws/install/status_interfaces/include/status_interfaces/status_interfaces/msg
[3.803s] -- Installing: /home/cx/ros_using/robot_ws/install/status_interfaces/include/status_interfaces/status_interfaces/msg/student_info.h
[3.803s] -- Installing: /home/cx/ros_using/robot_ws/install/status_interfaces/include/status_interfaces/status_interfaces/msg/detail
[3.803s] -- Installing: /home/cx/ros_using/robot_ws/install/status_interfaces/include/status_interfaces/status_interfaces/msg/detail/student_info__functions.c
[3.804s] -- Installing: /home/cx/ros_using/robot_ws/install/status_interfaces/include/status_interfaces/status_interfaces/msg/detail/student_info__struct.h
[3.804s] -- Installing: /home/cx/ros_using/robot_ws/install/status_interfaces/include/status_interfaces/status_interfaces/msg/detail/student_info__type_support.h
[3.804s] -- Installing: /home/cx/ros_using/robot_ws/install/status_interfaces/include/status_interfaces/status_interfaces/msg/detail/student_info__functions.h
[3.804s] -- Installing: /home/cx/ros_using/robot_ws/install/status_interfaces/include/status_interfaces/status_interfaces/msg/rosidl_generator_c__visibility_control.h
[3.804s] -- Installing: /home/cx/ros_using/robot_ws/install/status_interfaces/share/status_interfaces/environment/library_path.sh
[3.804s] -- Installing: /home/cx/ros_using/robot_ws/install/status_interfaces/share/status_interfaces/environment/library_path.dsv
[3.804s] -- Installing: /home/cx/ros_using/robot_ws/install/status_interfaces/lib/libstatus_interfaces__rosidl_generator_c.so
[3.804s] -- Set runtime path of "/home/cx/ros_using/robot_ws/install/status_interfaces/lib/libstatus_interfaces__rosidl_generator_c.so" to ""
[3.804s] -- Up-to-date: /home/cx/ros_using/robot_ws/install/status_interfaces/include/status_interfaces/status_interfaces
[3.804s] -- Up-to-date: /home/cx/ros_using/robot_ws/install/status_interfaces/include/status_interfaces/status_interfaces/msg
[3.804s] -- Installing: /home/cx/ros_using/robot_ws/install/status_interfaces/include/status_interfaces/status_interfaces/msg/rosidl_typesupport_fastrtps_c__visibility_control.h
[3.804s] -- Up-to-date: /home/cx/ros_using/robot_ws/install/status_interfaces/include/status_interfaces/status_interfaces/msg/detail
[3.804s] -- Installing: /home/cx/ros_using/robot_ws/install/status_interfaces/include/status_interfaces/status_interfaces/msg/detail/student_info__rosidl_typesupport_fastrtps_c.h
[3.804s] -- Installing: /home/cx/ros_using/robot_ws/install/status_interfaces/lib/libstatus_interfaces__rosidl_typesupport_fastrtps_c.so
[3.805s] -- Set runtime path of "/home/cx/ros_using/robot_ws/install/status_interfaces/lib/libstatus_interfaces__rosidl_typesupport_fastrtps_c.so" to ""
[3.805s] -- Up-to-date: /home/cx/ros_using/robot_ws/install/status_interfaces/include/status_interfaces/status_interfaces
[3.805s] -- Up-to-date: /home/cx/ros_using/robot_ws/install/status_interfaces/include/status_interfaces/status_interfaces/msg
[3.805s] -- Installing: /home/cx/ros_using/robot_ws/install/status_interfaces/include/status_interfaces/status_interfaces/msg/student_info.hpp
[3.805s] -- Up-to-date: /home/cx/ros_using/robot_ws/install/status_interfaces/include/status_interfaces/status_interfaces/msg/detail
[3.805s] -- Installing: /home/cx/ros_using/robot_ws/install/status_interfaces/include/status_interfaces/status_interfaces/msg/detail/student_info__traits.hpp
[3.805s] -- Installing: /home/cx/ros_using/robot_ws/install/status_interfaces/include/status_interfaces/status_interfaces/msg/detail/student_info__builder.hpp
[3.805s] -- Installing: /home/cx/ros_using/robot_ws/install/status_interfaces/include/status_interfaces/status_interfaces/msg/detail/student_info__struct.hpp
[3.805s] -- Installing: /home/cx/ros_using/robot_ws/install/status_interfaces/include/status_interfaces/status_interfaces/msg/detail/student_info__type_support.hpp
[3.806s] -- Installing: /home/cx/ros_using/robot_ws/install/status_interfaces/include/status_interfaces/status_interfaces/msg/rosidl_generator_cpp__visibility_control.hpp
[3.806s] -- Up-to-date: /home/cx/ros_using/robot_ws/install/status_interfaces/include/status_interfaces/status_interfaces
[3.806s] -- Up-to-date: /home/cx/ros_using/robot_ws/install/status_interfaces/include/status_interfaces/status_interfaces/msg
[3.806s] -- Up-to-date: /home/cx/ros_using/robot_ws/install/status_interfaces/include/status_interfaces/status_interfaces/msg/detail
[3.806s] -- Installing: /home/cx/ros_using/robot_ws/install/status_interfaces/include/status_interfaces/status_interfaces/msg/detail/dds_fastrtps
[3.806s] -- Installing: /home/cx/ros_using/robot_ws/install/status_interfaces/include/status_interfaces/status_interfaces/msg/detail/student_info__rosidl_typesupport_fastrtps_cpp.hpp
[3.806s] -- Installing: /home/cx/ros_using/robot_ws/install/status_interfaces/include/status_interfaces/status_interfaces/msg/rosidl_typesupport_fastrtps_cpp__visibility_control.h
[3.807s] -- Installing: /home/cx/ros_using/robot_ws/install/status_interfaces/lib/libstatus_interfaces__rosidl_typesupport_fastrtps_cpp.so
[3.807s] -- Set runtime path of "/home/cx/ros_using/robot_ws/install/status_interfaces/lib/libstatus_interfaces__rosidl_typesupport_fastrtps_cpp.so" to ""
[3.807s] -- Up-to-date: /home/cx/ros_using/robot_ws/install/status_interfaces/include/status_interfaces/status_interfaces
[3.807s] -- Up-to-date: /home/cx/ros_using/robot_ws/install/status_interfaces/include/status_interfaces/status_interfaces/msg
[3.807s] -- Up-to-date: /home/cx/ros_using/robot_ws/install/status_interfaces/include/status_interfaces/status_interfaces/msg/detail
[3.807s] -- Installing: /home/cx/ros_using/robot_ws/install/status_interfaces/include/status_interfaces/status_interfaces/msg/detail/student_info__type_support.c
[3.807s] -- Installing: /home/cx/ros_using/robot_ws/install/status_interfaces/include/status_interfaces/status_interfaces/msg/detail/student_info__rosidl_typesupport_introspection_c.h
[3.807s] -- Installing: /home/cx/ros_using/robot_ws/install/status_interfaces/include/status_interfaces/status_interfaces/msg/rosidl_typesupport_introspection_c__visibility_control.h
[3.807s] -- Installing: /home/cx/ros_using/robot_ws/install/status_interfaces/lib/libstatus_interfaces__rosidl_typesupport_introspection_c.so
[3.807s] -- Set runtime path of "/home/cx/ros_using/robot_ws/install/status_interfaces/lib/libstatus_interfaces__rosidl_typesupport_introspection_c.so" to ""
[3.807s] -- Installing: /home/cx/ros_using/robot_ws/install/status_interfaces/lib/libstatus_interfaces__rosidl_typesupport_c.so
[3.808s] -- Set runtime path of "/home/cx/ros_using/robot_ws/install/status_interfaces/lib/libstatus_interfaces__rosidl_typesupport_c.so" to ""
[3.808s] -- Up-to-date: /home/cx/ros_using/robot_ws/install/status_interfaces/include/status_interfaces/status_interfaces
[3.808s] -- Up-to-date: /home/cx/ros_using/robot_ws/install/status_interfaces/include/status_interfaces/status_interfaces/msg
[3.808s] -- Up-to-date: /home/cx/ros_using/robot_ws/install/status_interfaces/include/status_interfaces/status_interfaces/msg/detail
[3.808s] -- Installing: /home/cx/ros_using/robot_ws/install/status_interfaces/include/status_interfaces/status_interfaces/msg/detail/student_info__rosidl_typesupport_introspection_cpp.hpp
[3.808s] -- Installing: /home/cx/ros_using/robot_ws/install/status_interfaces/include/status_interfaces/status_interfaces/msg/detail/student_info__type_support.cpp
[3.808s] -- Installing: /home/cx/ros_using/robot_ws/install/status_interfaces/lib/libstatus_interfaces__rosidl_typesupport_introspection_cpp.so
[3.809s] -- Set runtime path of "/home/cx/ros_using/robot_ws/install/status_interfaces/lib/libstatus_interfaces__rosidl_typesupport_introspection_cpp.so" to ""
[3.809s] -- Installing: /home/cx/ros_using/robot_ws/install/status_interfaces/lib/libstatus_interfaces__rosidl_typesupport_cpp.so
[3.809s] -- Set runtime path of "/home/cx/ros_using/robot_ws/install/status_interfaces/lib/libstatus_interfaces__rosidl_typesupport_cpp.so" to ""
[3.809s] -- Installing: /home/cx/ros_using/robot_ws/install/status_interfaces/share/status_interfaces/environment/pythonpath.sh
[3.809s] -- Installing: /home/cx/ros_using/robot_ws/install/status_interfaces/share/status_interfaces/environment/pythonpath.dsv
[3.809s] -- Installing: /home/cx/ros_using/robot_ws/install/status_interfaces/local/lib/python3.10/dist-packages/status_interfaces-0.0.0-py3.10.egg-info
[3.810s] -- Installing: /home/cx/ros_using/robot_ws/install/status_interfaces/local/lib/python3.10/dist-packages/status_interfaces-0.0.0-py3.10.egg-info/SOURCES.txt
[3.810s] -- Installing: /home/cx/ros_using/robot_ws/install/status_interfaces/local/lib/python3.10/dist-packages/status_interfaces-0.0.0-py3.10.egg-info/PKG-INFO
[3.810s] -- Installing: /home/cx/ros_using/robot_ws/install/status_interfaces/local/lib/python3.10/dist-packages/status_interfaces-0.0.0-py3.10.egg-info/top_level.txt
[3.810s] -- Installing: /home/cx/ros_using/robot_ws/install/status_interfaces/local/lib/python3.10/dist-packages/status_interfaces-0.0.0-py3.10.egg-info/dependency_links.txt
[3.810s] -- Installing: /home/cx/ros_using/robot_ws/install/status_interfaces/local/lib/python3.10/dist-packages/status_interfaces
[3.810s] -- Installing: /home/cx/ros_using/robot_ws/install/status_interfaces/local/lib/python3.10/dist-packages/status_interfaces/_status_interfaces_s.ep.rosidl_typesupport_c.c
[3.810s] -- Installing: /home/cx/ros_using/robot_ws/install/status_interfaces/local/lib/python3.10/dist-packages/status_interfaces/msg
[3.810s] -- Installing: /home/cx/ros_using/robot_ws/install/status_interfaces/local/lib/python3.10/dist-packages/status_interfaces/msg/_student_info.py
[3.810s] -- Installing: /home/cx/ros_using/robot_ws/install/status_interfaces/local/lib/python3.10/dist-packages/status_interfaces/msg/_student_info_s.c
[3.810s] -- Installing: /home/cx/ros_using/robot_ws/install/status_interfaces/local/lib/python3.10/dist-packages/status_interfaces/msg/__init__.py
[3.810s] -- Installing: /home/cx/ros_using/robot_ws/install/status_interfaces/local/lib/python3.10/dist-packages/status_interfaces/_status_interfaces_s.ep.rosidl_typesupport_introspection_c.c
[3.810s] -- Installing: /home/cx/ros_using/robot_ws/install/status_interfaces/local/lib/python3.10/dist-packages/status_interfaces/status_interfaces_s__rosidl_typesupport_introspection_c.cpython-310-x86_64-linux-gnu.so
[3.810s] -- Installing: /home/cx/ros_using/robot_ws/install/status_interfaces/local/lib/python3.10/dist-packages/status_interfaces/status_interfaces_s__rosidl_typesupport_c.cpython-310-x86_64-linux-gnu.so
[3.810s] -- Installing: /home/cx/ros_using/robot_ws/install/status_interfaces/local/lib/python3.10/dist-packages/status_interfaces/status_interfaces_s__rosidl_typesupport_fastrtps_c.cpython-310-x86_64-linux-gnu.so
[3.811s] -- Installing: /home/cx/ros_using/robot_ws/install/status_interfaces/local/lib/python3.10/dist-packages/status_interfaces/__init__.py
[3.811s] -- Installing: /home/cx/ros_using/robot_ws/install/status_interfaces/local/lib/python3.10/dist-packages/status_interfaces/libstatus_interfaces__rosidl_generator_py.so
[3.811s] -- Installing: /home/cx/ros_using/robot_ws/install/status_interfaces/local/lib/python3.10/dist-packages/status_interfaces/_status_interfaces_s.ep.rosidl_typesupport_fastrtps_c.c
[3.840s] Listing '/home/cx/ros_using/robot_ws/install/status_interfaces/local/lib/python3.10/dist-packages/status_interfaces'...
[3.840s] Compiling '/home/cx/ros_using/robot_ws/install/status_interfaces/local/lib/python3.10/dist-packages/status_interfaces/__init__.py'...
[3.840s] Listing '/home/cx/ros_using/robot_ws/install/status_interfaces/local/lib/python3.10/dist-packages/status_interfaces/msg'...
[3.840s] Compiling '/home/cx/ros_using/robot_ws/install/status_interfaces/local/lib/python3.10/dist-packages/status_interfaces/msg/__init__.py'...
[3.840s] Compiling '/home/cx/ros_using/robot_ws/install/status_interfaces/local/lib/python3.10/dist-packages/status_interfaces/msg/_student_info.py'...
[3.845s] -- Installing: /home/cx/ros_using/robot_ws/install/status_interfaces/local/lib/python3.10/dist-packages/status_interfaces/status_interfaces_s__rosidl_typesupport_fastrtps_c.cpython-310-x86_64-linux-gnu.so
[3.845s] -- Set runtime path of "/home/cx/ros_using/robot_ws/install/status_interfaces/local/lib/python3.10/dist-packages/status_interfaces/status_interfaces_s__rosidl_typesupport_fastrtps_c.cpython-310-x86_64-linux-gnu.so" to ""
[3.845s] -- Installing: /home/cx/ros_using/robot_ws/install/status_interfaces/local/lib/python3.10/dist-packages/status_interfaces/status_interfaces_s__rosidl_typesupport_introspection_c.cpython-310-x86_64-linux-gnu.so
[3.846s] -- Set runtime path of "/home/cx/ros_using/robot_ws/install/status_interfaces/local/lib/python3.10/dist-packages/status_interfaces/status_interfaces_s__rosidl_typesupport_introspection_c.cpython-310-x86_64-linux-gnu.so" to ""
[3.849s] -- Installing: /home/cx/ros_using/robot_ws/install/status_interfaces/local/lib/python3.10/dist-packages/status_interfaces/status_interfaces_s__rosidl_typesupport_c.cpython-310-x86_64-linux-gnu.so
[3.849s] -- Set runtime path of "/home/cx/ros_using/robot_ws/install/status_interfaces/local/lib/python3.10/dist-packages/status_interfaces/status_interfaces_s__rosidl_typesupport_c.cpython-310-x86_64-linux-gnu.so" to ""
[3.849s] -- Installing: /home/cx/ros_using/robot_ws/install/status_interfaces/lib/libstatus_interfaces__rosidl_generator_py.so
[3.850s] -- Set runtime path of "/home/cx/ros_using/robot_ws/install/status_interfaces/lib/libstatus_interfaces__rosidl_generator_py.so" to ""
[3.850s] -- Installing: /home/cx/ros_using/robot_ws/install/status_interfaces/share/ament_index/resource_index/rust_packages/status_interfaces
[3.850s] -- Installing: /home/cx/ros_using/robot_ws/install/status_interfaces/share/status_interfaces/rust
[3.850s] -- Installing: /home/cx/ros_using/robot_ws/install/status_interfaces/share/status_interfaces/rust/build.rs
[3.850s] -- Installing: /home/cx/ros_using/robot_ws/install/status_interfaces/share/status_interfaces/rust/src
[3.850s] -- Installing: /home/cx/ros_using/robot_ws/install/status_interfaces/share/status_interfaces/rust/src/lib.rs
[3.851s] -- Installing: /home/cx/ros_using/robot_ws/install/status_interfaces/share/status_interfaces/rust/src/msg
[3.851s] -- Installing: /home/cx/ros_using/robot_ws/install/status_interfaces/share/status_interfaces/rust/src/msg/rmw.rs
[3.851s] -- Installing: /home/cx/ros_using/robot_ws/install/status_interfaces/share/status_interfaces/rust/src/msg.rs
[3.852s] -- Installing: /home/cx/ros_using/robot_ws/install/status_interfaces/share/status_interfaces/rust/Cargo.toml
[3.853s] -- Installing: /home/cx/ros_using/robot_ws/install/status_interfaces/share/status_interfaces/msg/StudentInfo.idl
[3.853s] -- Installing: /home/cx/ros_using/robot_ws/install/status_interfaces/share/status_interfaces/msg/StudentInfo.msg
[3.853s] -- Installing: /home/cx/ros_using/robot_ws/install/status_interfaces/share/ament_index/resource_index/package_run_dependencies/status_interfaces
[3.853s] -- Installing: /home/cx/ros_using/robot_ws/install/status_interfaces/share/ament_index/resource_index/parent_prefix_path/status_interfaces
[3.853s] -- Installing: /home/cx/ros_using/robot_ws/install/status_interfaces/share/status_interfaces/environment/ament_prefix_path.sh
[3.854s] -- Installing: /home/cx/ros_using/robot_ws/install/status_interfaces/share/status_interfaces/environment/ament_prefix_path.dsv
[3.854s] -- Installing: /home/cx/ros_using/robot_ws/install/status_interfaces/share/status_interfaces/environment/path.sh
[3.854s] -- Installing: /home/cx/ros_using/robot_ws/install/status_interfaces/share/status_interfaces/environment/path.dsv
[3.854s] -- Installing: /home/cx/ros_using/robot_ws/install/status_interfaces/share/status_interfaces/local_setup.bash
[3.854s] -- Installing: /home/cx/ros_using/robot_ws/install/status_interfaces/share/status_interfaces/local_setup.sh
[3.855s] -- Installing: /home/cx/ros_using/robot_ws/install/status_interfaces/share/status_interfaces/local_setup.zsh
[3.855s] -- Installing: /home/cx/ros_using/robot_ws/install/status_interfaces/share/status_interfaces/local_setup.dsv
[3.855s] -- Installing: /home/cx/ros_using/robot_ws/install/status_interfaces/share/status_interfaces/package.dsv
[3.855s] -- Installing: /home/cx/ros_using/robot_ws/install/status_interfaces/share/ament_index/resource_index/packages/status_interfaces
[3.855s] -- Installing: /home/cx/ros_using/robot_ws/install/status_interfaces/share/status_interfaces/cmake/export_status_interfaces__rosidl_generator_cExport.cmake
[3.855s] -- Installing: /home/cx/ros_using/robot_ws/install/status_interfaces/share/status_interfaces/cmake/export_status_interfaces__rosidl_generator_cExport-noconfig.cmake
[3.855s] -- Installing: /home/cx/ros_using/robot_ws/install/status_interfaces/share/status_interfaces/cmake/export_status_interfaces__rosidl_typesupport_fastrtps_cExport.cmake
[3.855s] -- Installing: /home/cx/ros_using/robot_ws/install/status_interfaces/share/status_interfaces/cmake/export_status_interfaces__rosidl_typesupport_fastrtps_cExport-noconfig.cmake
[3.855s] -- Installing: /home/cx/ros_using/robot_ws/install/status_interfaces/share/status_interfaces/cmake/export_status_interfaces__rosidl_generator_cppExport.cmake
[3.855s] -- Installing: /home/cx/ros_using/robot_ws/install/status_interfaces/share/status_interfaces/cmake/export_status_interfaces__rosidl_typesupport_fastrtps_cppExport.cmake
[3.855s] -- Installing: /home/cx/ros_using/robot_ws/install/status_interfaces/share/status_interfaces/cmake/export_status_interfaces__rosidl_typesupport_fastrtps_cppExport-noconfig.cmake
[3.855s] -- Installing: /home/cx/ros_using/robot_ws/install/status_interfaces/share/status_interfaces/cmake/status_interfaces__rosidl_typesupport_introspection_cExport.cmake
[3.856s] -- Installing: /home/cx/ros_using/robot_ws/install/status_interfaces/share/status_interfaces/cmake/status_interfaces__rosidl_typesupport_introspection_cExport-noconfig.cmake
[3.856s] -- Installing: /home/cx/ros_using/robot_ws/install/status_interfaces/share/status_interfaces/cmake/status_interfaces__rosidl_typesupport_cExport.cmake
[3.856s] -- Installing: /home/cx/ros_using/robot_ws/install/status_interfaces/share/status_interfaces/cmake/status_interfaces__rosidl_typesupport_cExport-noconfig.cmake
[3.856s] -- Installing: /home/cx/ros_using/robot_ws/install/status_interfaces/share/status_interfaces/cmake/status_interfaces__rosidl_typesupport_introspection_cppExport.cmake
[3.856s] -- Installing: /home/cx/ros_using/robot_ws/install/status_interfaces/share/status_interfaces/cmake/status_interfaces__rosidl_typesupport_introspection_cppExport-noconfig.cmake
[3.856s] -- Installing: /home/cx/ros_using/robot_ws/install/status_interfaces/share/status_interfaces/cmake/status_interfaces__rosidl_typesupport_cppExport.cmake
[3.856s] -- Installing: /home/cx/ros_using/robot_ws/install/status_interfaces/share/status_interfaces/cmake/status_interfaces__rosidl_typesupport_cppExport-noconfig.cmake
[3.856s] -- Installing: /home/cx/ros_using/robot_ws/install/status_interfaces/share/status_interfaces/cmake/export_status_interfaces__rosidl_generator_pyExport.cmake
[3.856s] -- Installing: /home/cx/ros_using/robot_ws/install/status_interfaces/share/status_interfaces/cmake/export_status_interfaces__rosidl_generator_pyExport-noconfig.cmake
[3.856s] -- Installing: /home/cx/ros_using/robot_ws/install/status_interfaces/share/status_interfaces/cmake/rosidl_cmake-extras.cmake
[3.856s] -- Installing: /home/cx/ros_using/robot_ws/install/status_interfaces/share/status_interfaces/cmake/ament_cmake_export_dependencies-extras.cmake
[3.856s] -- Installing: /home/cx/ros_using/robot_ws/install/status_interfaces/share/status_interfaces/cmake/ament_cmake_export_include_directories-extras.cmake
[3.856s] -- Installing: /home/cx/ros_using/robot_ws/install/status_interfaces/share/status_interfaces/cmake/ament_cmake_export_libraries-extras.cmake
[3.856s] -- Installing: /home/cx/ros_using/robot_ws/install/status_interfaces/share/status_interfaces/cmake/ament_cmake_export_targets-extras.cmake
[3.856s] -- Installing: /home/cx/ros_using/robot_ws/install/status_interfaces/share/status_interfaces/cmake/rosidl_cmake_export_typesupport_targets-extras.cmake
[3.857s] -- Installing: /home/cx/ros_using/robot_ws/install/status_interfaces/share/status_interfaces/cmake/rosidl_cmake_export_typesupport_libraries-extras.cmake
[3.857s] -- Installing: /home/cx/ros_using/robot_ws/install/status_interfaces/share/status_interfaces/cmake/rosidl_cmake_aggregate_target-extras.cmake
[3.857s] -- Installing: /home/cx/ros_using/robot_ws/install/status_interfaces/share/status_interfaces/cmake/status_interfacesConfig.cmake
[3.857s] -- Installing: /home/cx/ros_using/robot_ws/install/status_interfaces/share/status_interfaces/cmake/status_interfacesConfig-version.cmake
[3.857s] -- Installing: /home/cx/ros_using/robot_ws/install/status_interfaces/share/status_interfaces/package.xml
[3.857s] Invoked command in '/home/cx/ros_using/robot_ws/build/status_interfaces' returned '0': CMAKE_PREFIX_PATH=/opt/ros/humble /usr/bin/cmake --install /home/cx/ros_using/robot_ws/build/status_interfaces
