running egg_info
creating ../../build/advanced_task/advanced_task.egg-info
writing ../../build/advanced_task/advanced_task.egg-info/PKG-INFO
writing dependency_links to ../../build/advanced_task/advanced_task.egg-info/dependency_links.txt
writing entry points to ../../build/advanced_task/advanced_task.egg-info/entry_points.txt
writing requirements to ../../build/advanced_task/advanced_task.egg-info/requires.txt
writing top-level names to ../../build/advanced_task/advanced_task.egg-info/top_level.txt
writing manifest file '../../build/advanced_task/advanced_task.egg-info/SOURCES.txt'
reading manifest file '../../build/advanced_task/advanced_task.egg-info/SOURCES.txt'
writing manifest file '../../build/advanced_task/advanced_task.egg-info/SOURCES.txt'
running build
running build_py
creating /home/cx/ros_using/robot_ws/build/advanced_task/build
creating /home/cx/ros_using/robot_ws/build/advanced_task/build/lib
creating /home/cx/ros_using/robot_ws/build/advanced_task/build/lib/advanced_task
copying advanced_task/result_sub_node.py -> /home/cx/ros_using/robot_ws/build/advanced_task/build/lib/advanced_task
copying advanced_task/math_generator.py -> /home/cx/ros_using/robot_ws/build/advanced_task/build/lib/advanced_task
copying advanced_task/recognition_node.py -> /home/cx/ros_using/robot_ws/build/advanced_task/build/lib/advanced_task
copying advanced_task/__init__.py -> /home/cx/ros_using/robot_ws/build/advanced_task/build/lib/advanced_task
copying advanced_task/display_node.py -> /home/cx/ros_using/robot_ws/build/advanced_task/build/lib/advanced_task
running install
running install_lib
creating /home/cx/ros_using/robot_ws/install/advanced_task/lib/python3.10/site-packages/advanced_task
copying /home/cx/ros_using/robot_ws/build/advanced_task/build/lib/advanced_task/result_sub_node.py -> /home/cx/ros_using/robot_ws/install/advanced_task/lib/python3.10/site-packages/advanced_task
copying /home/cx/ros_using/robot_ws/build/advanced_task/build/lib/advanced_task/math_generator.py -> /home/cx/ros_using/robot_ws/install/advanced_task/lib/python3.10/site-packages/advanced_task
copying /home/cx/ros_using/robot_ws/build/advanced_task/build/lib/advanced_task/recognition_node.py -> /home/cx/ros_using/robot_ws/install/advanced_task/lib/python3.10/site-packages/advanced_task
copying /home/cx/ros_using/robot_ws/build/advanced_task/build/lib/advanced_task/__init__.py -> /home/cx/ros_using/robot_ws/install/advanced_task/lib/python3.10/site-packages/advanced_task
copying /home/cx/ros_using/robot_ws/build/advanced_task/build/lib/advanced_task/display_node.py -> /home/cx/ros_using/robot_ws/install/advanced_task/lib/python3.10/site-packages/advanced_task
byte-compiling /home/cx/ros_using/robot_ws/install/advanced_task/lib/python3.10/site-packages/advanced_task/result_sub_node.py to result_sub_node.cpython-310.pyc
byte-compiling /home/cx/ros_using/robot_ws/install/advanced_task/lib/python3.10/site-packages/advanced_task/math_generator.py to math_generator.cpython-310.pyc
byte-compiling /home/cx/ros_using/robot_ws/install/advanced_task/lib/python3.10/site-packages/advanced_task/recognition_node.py to recognition_node.cpython-310.pyc
byte-compiling /home/cx/ros_using/robot_ws/install/advanced_task/lib/python3.10/site-packages/advanced_task/__init__.py to __init__.cpython-310.pyc
byte-compiling /home/cx/ros_using/robot_ws/install/advanced_task/lib/python3.10/site-packages/advanced_task/display_node.py to display_node.cpython-310.pyc
running install_data
creating /home/cx/ros_using/robot_ws/install/advanced_task/share/ament_index
creating /home/cx/ros_using/robot_ws/install/advanced_task/share/ament_index/resource_index
creating /home/cx/ros_using/robot_ws/install/advanced_task/share/ament_index/resource_index/packages
copying resource/advanced_task -> /home/cx/ros_using/robot_ws/install/advanced_task/share/ament_index/resource_index/packages
copying package.xml -> /home/cx/ros_using/robot_ws/install/advanced_task/share/advanced_task
creating /home/cx/ros_using/robot_ws/install/advanced_task/share/advanced_task/launch
copying launch/advanced.launch.py -> /home/cx/ros_using/robot_ws/install/advanced_task/share/advanced_task/launch
running install_egg_info
Copying ../../build/advanced_task/advanced_task.egg-info to /home/cx/ros_using/robot_ws/install/advanced_task/lib/python3.10/site-packages/advanced_task-0.0.0-py3.10.egg-info
running install_scripts
Installing display_node script to /home/cx/ros_using/robot_ws/install/advanced_task/lib/advanced_task
Installing recognition_node script to /home/cx/ros_using/robot_ws/install/advanced_task/lib/advanced_task
Installing result_sub_node script to /home/cx/ros_using/robot_ws/install/advanced_task/lib/advanced_task
writing list of installed files to '/home/cx/ros_using/robot_ws/build/advanced_task/install.log'
