[0.563s] Invoking command in '/home/cx/ros_using/robot_ws/src/advanced_task': AMENT_PREFIX_PATH=/home/cx/ros_using/robot_ws/src/install/calculation_interfaces:${AMENT_PREFIX_PATH} CMAKE_PREFIX_PATH=/home/cx/ros_using/robot_ws/src/install/calculation_interfaces LD_LIBRARY_PATH=/home/cx/ros_using/robot_ws/src/install/calculation_interfaces/lib:${LD_LIBRARY_PATH} PYTHONPATH=/home/cx/ros_using/robot_ws/src/build/advanced_task/prefix_override:/usr/lib/python3/dist-packages/colcon_core/task/python/colcon_distutils_commands:/home/cx/ros_using/robot_ws/src/install/advanced_task/lib/python3.10/site-packages:/home/cx/ros_using/robot_ws/src/install/calculation_interfaces/local/lib/python3.10/dist-packages:${PYTHONPATH} /usr/bin/python3 -W ignore:setup.py install is deprecated -W ignore:easy_install command is deprecated setup.py egg_info --egg-base ../build/advanced_task build --build-base /home/cx/ros_using/robot_ws/src/build/advanced_task/build install --record /home/cx/ros_using/robot_ws/src/build/advanced_task/install.log --install-scripts $base/lib/advanced_task --single-version-externally-managed install_data
[0.691s] running egg_info
[0.691s] creating ../build/advanced_task/advanced_task.egg-info
[0.691s] writing ../build/advanced_task/advanced_task.egg-info/PKG-INFO
[0.691s] writing dependency_links to ../build/advanced_task/advanced_task.egg-info/dependency_links.txt
[0.691s] writing entry points to ../build/advanced_task/advanced_task.egg-info/entry_points.txt
[0.691s] writing requirements to ../build/advanced_task/advanced_task.egg-info/requires.txt
[0.691s] writing top-level names to ../build/advanced_task/advanced_task.egg-info/top_level.txt
[0.692s] writing manifest file '../build/advanced_task/advanced_task.egg-info/SOURCES.txt'
[0.692s] reading manifest file '../build/advanced_task/advanced_task.egg-info/SOURCES.txt'
[0.693s] writing manifest file '../build/advanced_task/advanced_task.egg-info/SOURCES.txt'
[0.693s] running build
[0.693s] running build_py
[0.693s] creating /home/cx/ros_using/robot_ws/src/build/advanced_task/build
[0.693s] creating /home/cx/ros_using/robot_ws/src/build/advanced_task/build/lib
[0.693s] creating /home/cx/ros_using/robot_ws/src/build/advanced_task/build/lib/advanced_task
[0.693s] copying advanced_task/result_sub_node.py -> /home/cx/ros_using/robot_ws/src/build/advanced_task/build/lib/advanced_task
[0.693s] copying advanced_task/math_generator.py -> /home/cx/ros_using/robot_ws/src/build/advanced_task/build/lib/advanced_task
[0.693s] copying advanced_task/recognition_node.py -> /home/cx/ros_using/robot_ws/src/build/advanced_task/build/lib/advanced_task
[0.693s] copying advanced_task/__init__.py -> /home/cx/ros_using/robot_ws/src/build/advanced_task/build/lib/advanced_task
[0.693s] copying advanced_task/display_node.py -> /home/cx/ros_using/robot_ws/src/build/advanced_task/build/lib/advanced_task
[0.694s] running install
[0.694s] running install_lib
[0.695s] creating /home/cx/ros_using/robot_ws/src/install/advanced_task/lib/python3.10/site-packages/advanced_task
[0.695s] copying /home/cx/ros_using/robot_ws/src/build/advanced_task/build/lib/advanced_task/result_sub_node.py -> /home/cx/ros_using/robot_ws/src/install/advanced_task/lib/python3.10/site-packages/advanced_task
[0.695s] copying /home/cx/ros_using/robot_ws/src/build/advanced_task/build/lib/advanced_task/math_generator.py -> /home/cx/ros_using/robot_ws/src/install/advanced_task/lib/python3.10/site-packages/advanced_task
[0.695s] copying /home/cx/ros_using/robot_ws/src/build/advanced_task/build/lib/advanced_task/recognition_node.py -> /home/cx/ros_using/robot_ws/src/install/advanced_task/lib/python3.10/site-packages/advanced_task
[0.695s] copying /home/cx/ros_using/robot_ws/src/build/advanced_task/build/lib/advanced_task/__init__.py -> /home/cx/ros_using/robot_ws/src/install/advanced_task/lib/python3.10/site-packages/advanced_task
[0.695s] copying /home/cx/ros_using/robot_ws/src/build/advanced_task/build/lib/advanced_task/display_node.py -> /home/cx/ros_using/robot_ws/src/install/advanced_task/lib/python3.10/site-packages/advanced_task
[0.695s] byte-compiling /home/cx/ros_using/robot_ws/src/install/advanced_task/lib/python3.10/site-packages/advanced_task/result_sub_node.py to result_sub_node.cpython-310.pyc
[0.695s] byte-compiling /home/cx/ros_using/robot_ws/src/install/advanced_task/lib/python3.10/site-packages/advanced_task/math_generator.py to math_generator.cpython-310.pyc
[0.696s] byte-compiling /home/cx/ros_using/robot_ws/src/install/advanced_task/lib/python3.10/site-packages/advanced_task/recognition_node.py to recognition_node.cpython-310.pyc
[0.696s] byte-compiling /home/cx/ros_using/robot_ws/src/install/advanced_task/lib/python3.10/site-packages/advanced_task/__init__.py to __init__.cpython-310.pyc
[0.697s] byte-compiling /home/cx/ros_using/robot_ws/src/install/advanced_task/lib/python3.10/site-packages/advanced_task/display_node.py to display_node.cpython-310.pyc
[0.697s] running install_data
[0.697s] creating /home/cx/ros_using/robot_ws/src/install/advanced_task/share/ament_index
[0.697s] creating /home/cx/ros_using/robot_ws/src/install/advanced_task/share/ament_index/resource_index
[0.697s] creating /home/cx/ros_using/robot_ws/src/install/advanced_task/share/ament_index/resource_index/packages
[0.697s] copying resource/advanced_task -> /home/cx/ros_using/robot_ws/src/install/advanced_task/share/ament_index/resource_index/packages
[0.697s] copying package.xml -> /home/cx/ros_using/robot_ws/src/install/advanced_task/share/advanced_task
[0.698s] creating /home/cx/ros_using/robot_ws/src/install/advanced_task/share/advanced_task/launch
[0.698s] copying launch/advanced.launch.py -> /home/cx/ros_using/robot_ws/src/install/advanced_task/share/advanced_task/launch
[0.698s] running install_egg_info
[0.699s] Copying ../build/advanced_task/advanced_task.egg-info to /home/cx/ros_using/robot_ws/src/install/advanced_task/lib/python3.10/site-packages/advanced_task-0.0.0-py3.10.egg-info
[0.699s] running install_scripts
[0.712s] Installing display_node script to /home/cx/ros_using/robot_ws/src/install/advanced_task/lib/advanced_task
[0.712s] Installing recognition_node script to /home/cx/ros_using/robot_ws/src/install/advanced_task/lib/advanced_task
[0.712s] Installing result_sub_node script to /home/cx/ros_using/robot_ws/src/install/advanced_task/lib/advanced_task
[0.712s] writing list of installed files to '/home/cx/ros_using/robot_ws/src/build/advanced_task/install.log'
[0.735s] Invoked command in '/home/cx/ros_using/robot_ws/src/advanced_task' returned '0': AMENT_PREFIX_PATH=/home/cx/ros_using/robot_ws/src/install/calculation_interfaces:${AMENT_PREFIX_PATH} CMAKE_PREFIX_PATH=/home/cx/ros_using/robot_ws/src/install/calculation_interfaces LD_LIBRARY_PATH=/home/cx/ros_using/robot_ws/src/install/calculation_interfaces/lib:${LD_LIBRARY_PATH} PYTHONPATH=/home/cx/ros_using/robot_ws/src/build/advanced_task/prefix_override:/usr/lib/python3/dist-packages/colcon_core/task/python/colcon_distutils_commands:/home/cx/ros_using/robot_ws/src/install/advanced_task/lib/python3.10/site-packages:/home/cx/ros_using/robot_ws/src/install/calculation_interfaces/local/lib/python3.10/dist-packages:${PYTHONPATH} /usr/bin/python3 -W ignore:setup.py install is deprecated -W ignore:easy_install command is deprecated setup.py egg_info --egg-base ../build/advanced_task build --build-base /home/cx/ros_using/robot_ws/src/build/advanced_task/build install --record /home/cx/ros_using/robot_ws/src/build/advanced_task/install.log --install-scripts $base/lib/advanced_task --single-version-externally-managed install_data
